Thu Oct 24 15:29:33 UTC 2019
GNU Fortran (Ubuntu 6.2.0-3ubuntu11~14.04) 6.2.0 20160901
Copyright (C) 2016 Free Software Foundation, Inc.
This is free software; see the source for copying conditions.  There is NO
warranty; not even for MERCHANTABILITY or FITNESS FOR A PARTICULAR PURPOSE.

$PROBLEM RUN# 2 - 2cmpt model - no BQLs
$INPUT C ID TIME DV AMT EVID AGE WT MDV
$DATA ../nobqldata.csv IGNORE=C
$SUBROUTINES ADVAN4 TRANS4
$PK
 TVCL = THETA(1)*(WT/70)**THETA(6)
  CL   = TVCL * EXP(ETA(1))
  
  TVV2  = THETA(2)*(WT/70)**THETA(7)
  V2    = TVV2 * EXP(ETA(2))
  
  TVV3 = THETA(3)*(WT/70)**THETA(8)
  V3   = TVV3
  
  TVQ  = THETA(4)*(WT/70)**THETA(9)
  Q    = TVQ 
  
  KA=THETA(5)*EXP(ETA(3))    
  S2=V2/1000
  K=CL/V2
  K23=Q/V2
  K32=Q/V3
  SUM=K23+K32+K
  SSUM=SQRT(SUM*SUM-4*K*K32)
  ALPH=0.5*(SUM+SSUM)
  BETA=0.5*(SUM-SSUM)
  HLAL=0.693/ALPH
  HLBE=0.693/BETA
 
$ERROR                       
     IPRED = F
   Y = F*EXP(ERR(1)) 
$THETA
  (0, 26);       1    CLF
  (0, 280);      2    V2F
  (0, 300);      3    V3F
  (0,  60)  ; 4    QF
  (0, 1.5)   ; 5    KA
  (0.75 FIX)      ; 6 POW_CL
  (1 FIX)         ; 7 POW_V2
  (1 FIX)         ; 8 POW_V3
  (0.75 FIX)      ; 9 POW_Q
$OMEGA .10
$OMEGA .04
$OMEGA .01
$SIGMA 0.0025 ; pro res error
$COV PRINT=E
$EST MAXEVAL=9999 METHOD=1 INTER PRINT=5 MSFO=../2.MSF
$TABLE ID TIME AMT EVID IPRED AGE WT MDV ONEHEADER NOPRINT FILE=../2.TAB
$TABLE ID TIME AMT EVID AGE WT MDV  KA CL V2 V3 Q BETA HLBE
ONEHEADER NOPRINT FILE=../2par.TAB

NM-TRAN MESSAGES
  
 WARNINGS AND ERRORS (IF ANY) FOR PROBLEM    1
             
 (WARNING  2) NM-TRAN INFERS THAT THE DATA ARE POPULATION.
Note: The following floating-point exceptions are signalling: IEEE_INVALID_FLAG IEEE_DIVIDE_BY_ZERO

License Registered to: Metrum Research Group
Expiration Date:    14 JUL 2020
Current Date:       24 OCT 2019
Days until program expires : 265
1NONLINEAR MIXED EFFECTS MODEL PROGRAM (NONMEM) VERSION 7.3.0
 ORIGINALLY DEVELOPED BY STUART BEAL, LEWIS SHEINER, AND ALISON BOECKMANN
 CURRENT DEVELOPERS ARE ROBERT BAUER, ICON DEVELOPMENT SOLUTIONS,
 AND ALISON BOECKMANN. IMPLEMENTATION, EFFICIENCY, AND STANDARDIZATION
 PERFORMED BY NOUS INFOSYSTEMS.

 PROBLEM NO.:         1
 RUN# 2 - 2cmpt model - no BQLs
0DATA CHECKOUT RUN:              NO
 DATA SET LOCATED ON UNIT NO.:    2
 THIS UNIT TO BE REWOUND:        NO
 NO. OF DATA RECS IN DATA SET:     2895
 NO. OF DATA ITEMS IN DATA SET:   9
 ID DATA ITEM IS DATA ITEM NO.:   2
 DEP VARIABLE IS DATA ITEM NO.:   4
 MDV DATA ITEM IS DATA ITEM NO.:  9
0INDICES PASSED TO SUBROUTINE PRED:
   6   3   5   0   0   0   0   0   0   0   0
0LABELS FOR DATA ITEMS:
 C ID TIME DV AMT EVID AGE WT MDV
0(NONBLANK) LABELS FOR PRED-DEFINED ITEMS:
 CL V2 V3 Q KA BETA HLBE IPRED
0FORMAT FOR DATA:
 (E2.0,E4.0,E5.0,E9.0,E6.0,E2.0,2E7.0,E2.0)

 TOT. NO. OF OBS RECS:     2702
 TOT. NO. OF INDIVIDUALS:    193
0LENGTH OF THETA:   9
0DEFAULT THETA BOUNDARY TEST OMITTED:    NO
0OMEGA HAS SIMPLE DIAGONAL FORM WITH DIMENSION:   3
0DEFAULT OMEGA BOUNDARY TEST OMITTED:    NO
0SIGMA HAS SIMPLE DIAGONAL FORM WITH DIMENSION:   1
0DEFAULT SIGMA BOUNDARY TEST OMITTED:    NO
0INITIAL ESTIMATE OF THETA:
 LOWER BOUND    INITIAL EST    UPPER BOUND
  0.0000E+00     0.2600E+02     0.1000E+07
  0.0000E+00     0.2800E+03     0.1000E+07
  0.0000E+00     0.3000E+03     0.1000E+07
  0.0000E+00     0.6000E+02     0.1000E+07
  0.0000E+00     0.1500E+01     0.1000E+07
  0.7500E+00     0.7500E+00     0.7500E+00
  0.1000E+01     0.1000E+01     0.1000E+01
  0.1000E+01     0.1000E+01     0.1000E+01
  0.7500E+00     0.7500E+00     0.7500E+00
0INITIAL ESTIMATE OF OMEGA:
 0.1000E+00
 0.0000E+00   0.4000E-01
 0.0000E+00   0.0000E+00   0.1000E-01
0INITIAL ESTIMATE OF SIGMA:
 0.2500E-02
0COVARIANCE STEP OMITTED:        NO
 EIGENVLS. PRINTED:             YES
 SPECIAL COMPUTATION:            NO
 COMPRESSED FORMAT:              NO
 SIGDIGITS ETAHAT (SIGLO):                  -1
 SIGDIGITS GRADIENTS (SIGL):                -1
 RELATIVE TOLERANCE (TOL):                  -1
 ABSOLUTE TOLERANCE-ADVAN 9,13 ONLY (ATOL): -1
 EXCLUDE COV FOR FOCE (NOFCOV):              NO
 RESUME COV ANALYSIS (RESUME):               NO
0TABLES STEP OMITTED:    NO
 NO. OF TABLES:           2
 SEED NUMBER (SEED):    11456
 RANMETHOD:
 MC SAMPLES (ESEED):    300
 WRES SQUARE ROOT TYPE:            EIGENVALUE
0-- TABLE   1 --
 PRINTED:                NO
 HEADERS:               ONE
 FILE TO BE FORWARDED:   NO
 FORMAT:                S1PE11.4
 LFORMAT:
 RFORMAT:
0USER-CHOSEN ITEMS:
 ID TIME AMT EVID IPRED AGE WT MDV
0-- TABLE   2 --
 PRINTED:                NO
 HEADERS:               ONE
 FILE TO BE FORWARDED:   NO
 FORMAT:                S1PE11.4
 LFORMAT:
 RFORMAT:
0USER-CHOSEN ITEMS:
 ID TIME AMT EVID AGE WT MDV KA CL V2 V3 Q BETA HLBE
1DOUBLE PRECISION PREDPP VERSION 7.3.0

 TWO COMPARTMENT MODEL WITH FIRST-ORDER ABSORPTION (ADVAN4)
0MAXIMUM NO. OF BASIC PK PARAMETERS:   5
0BASIC PK PARAMETERS (AFTER TRANSLATION):
   BASIC PK PARAMETER NO.  1: ELIMINATION RATE (K)
   BASIC PK PARAMETER NO.  2: CENTRAL-TO-PERIPH. RATE (K23)
   BASIC PK PARAMETER NO.  3: PERIPH.-TO-CENTRAL RATE (K32)
   BASIC PK PARAMETER NO.  5: ABSORPTION RATE (KA)
 TRANSLATOR WILL CONVERT PARAMETERS
 CL, V2, Q, V3 TO K, K23, K32 (TRANS4)
0COMPARTMENT ATTRIBUTES
 COMPT. NO.   FUNCTION   INITIAL    ON/OFF      DOSE      DEFAULT    DEFAULT
                         STATUS     ALLOWED    ALLOWED    FOR DOSE   FOR OBS.
    1         DEPOT        OFF        YES        YES        YES        NO
    2         CENTRAL      ON         NO         YES        NO         YES
    3         PERIPH.      ON         NO         YES        NO         NO
    4         OUTPUT       OFF        YES        NO         NO         NO
1
 ADDITIONAL PK PARAMETERS - ASSIGNMENT OF ROWS IN GG
 COMPT. NO.                             INDICES
              SCALE      BIOAVAIL.   ZERO-ORDER  ZERO-ORDER  ABSORB
                         FRACTION    RATE        DURATION    LAG
    1            *           *           *           *           *
    2            6           *           *           *           *
    3            *           *           *           *           *
    4            *           -           -           -           -
             - PARAMETER IS NOT ALLOWED FOR THIS MODEL
             * PARAMETER IS NOT SUPPLIED BY PK SUBROUTINE;
               WILL DEFAULT TO ONE IF APPLICABLE
0DATA ITEM INDICES USED BY PRED ARE:
   EVENT ID DATA ITEM IS DATA ITEM NO.:      6
   TIME DATA ITEM IS DATA ITEM NO.:          3
   DOSE AMOUNT DATA ITEM IS DATA ITEM NO.:   5

0PK SUBROUTINE CALLED WITH EVERY EVENT RECORD.
 PK SUBROUTINE NOT CALLED AT NONEVENT (ADDITIONAL OR LAGGED) DOSE TIMES.
0ERROR SUBROUTINE CALLED WITH EVERY EVENT RECORD.
1


 #TBLN:      1
 #METH: First Order Conditional Estimation with Interaction

 ESTIMATION STEP OMITTED:                 NO  
 ANALYSIS TYPE:                           POPULATION
 CONDITIONAL ESTIMATES USED:              YES 
 CENTERED ETA:                            NO  
 EPS-ETA INTERACTION:                     YES 
 LAPLACIAN OBJ. FUNC.:                    NO  
 NO. OF FUNCT. EVALS. ALLOWED:            9999
 NO. OF SIG. FIGURES REQUIRED:            3
 INTERMEDIATE PRINTOUT:                   YES 
 ESTIMATE OUTPUT TO MSF:                  YES 
 IND. OBJ. FUNC. VALUES SORTED:           NO  
 NUMERICAL DERIVATIVE 
       FILE REQUEST (NUMDER):             NONE
 MAP (ETAHAT) ESTIMATION METHOD (OPTMAP): 0           
 ETA HESSIAN EVALUATION METHOD (ETADER):  0           
 INITIAL ETA FOR MAP ESTIMATION (MCETA):  0           
 SIGDIGITS FOR MAP ESTIMATION (SIGLO):    100         
 GRADIENT SIGDIGITS OF 
       FIXED EFFECTS PARAMETERS (SIGL):   100         
 EXCLUDE TITLE (NOTITLE):                 NO 
 EXCLUDE COLUMN LABELS (NOLABEL):         NO 
 NOPRIOR SETTING (NOPRIOR):               OFF
 NOCOV SETTING (NOCOV):                   OFF
 DERCONT SETTING (DERCONT):               OFF
 ABSOLUTE TOLERANCE-ADVAN 9,13 ONLY(ATOL):-100        
 FINAL ETA RE-EVALUATION (FNLETA):        ON 
 EXCLUDE NON-INFLUENTIAL (NON-INFL.) ETAS 
       IN SHRINKAGE (ETASTYPE):           NO 
 NON-INFL. ETA CORRECTION (NONINFETA):    OFF
 FORMAT FOR ADDITIONAL FILES (FORMAT):    S1PE12.5
 PARAMETER ORDER FOR OUTPUTS (ORDER):     TSOL
 ADDITIONAL CONVERGENCE TEST (CTYPE=4)?:  NO
 EM OR BAYESIAN METHOD USED:                NONE


 THE FOLLOWING LABELS ARE EQUIVALENT
 PRED=PREDI
 RES=RESI
 WRES=WRESI
 IWRS=IWRESI
 IPRD=IPREDI
 IRS=IRESI

 MONITORING OF SEARCH:


0ITERATION NO.:    0    OBJECTIVE VALUE:  -14341.1294414597        NO. OF FUNC. EVALS.:   8
 CUMULATIVE NO. OF FUNC. EVALS.:        8
 NPARAMETR:  2.6000E+01  2.8000E+02  3.0000E+02  6.0000E+01  1.5000E+00  1.0000E-01  4.0000E-02  1.0000E-02  2.5000E-03
 PARAMETER:  1.0000E-01  1.0000E-01  1.0000E-01  1.0000E-01  1.0000E-01  1.0000E-01  1.0000E-01  1.0000E-01  1.0000E-01
 GRADIENT:  -3.8561E+01  4.3326E+01  2.3360E+02  2.1230E+02  2.1296E+02 -5.0598E+00  2.8695E+01 -1.5814E+01  6.8174E+01

0ITERATION NO.:    5    OBJECTIVE VALUE:  -14344.6876722461        NO. OF FUNC. EVALS.:  10
 CUMULATIVE NO. OF FUNC. EVALS.:       61
 NPARAMETR:  2.6804E+01  2.8649E+02  2.9539E+02  5.8038E+01  1.5225E+00  1.0109E-01  3.5531E-02  1.0724E-02  2.4432E-03
 PARAMETER:  1.3044E-01  1.2292E-01  8.4522E-02  6.6748E-02  1.1486E-01  1.0543E-01  4.0767E-02  1.3493E-01  8.8517E-02
 GRADIENT:   8.7727E+01  1.2173E+02 -7.6623E+01 -3.8494E+01  1.1100E+01  1.4942E+00 -7.9554E-01 -7.8345E+00 -1.7576E+01

0ITERATION NO.:   10    OBJECTIVE VALUE:  -14345.8513990382        NO. OF FUNC. EVALS.:  10
 CUMULATIVE NO. OF FUNC. EVALS.:      110
 NPARAMETR:  2.6556E+01  2.8339E+02  2.9654E+02  5.8592E+01  1.5114E+00  1.0221E-01  3.5577E-02  1.1459E-02  2.4380E-03
 PARAMETER:  1.2116E-01  1.1203E-01  8.8402E-02  7.6252E-02  1.0759E-01  1.1093E-01  4.1415E-02  1.6809E-01  8.7453E-02
 GRADIENT:   4.8446E+01  5.7713E+01 -3.7520E+01 -9.4540E+00 -3.7974E+00  6.1177E+00 -3.1053E+00  3.6825E+00 -2.0215E+01

0ITERATION NO.:   15    OBJECTIVE VALUE:  -14346.0060297164        NO. OF FUNC. EVALS.:  12
 CUMULATIVE NO. OF FUNC. EVALS.:      177
 NPARAMETR:  2.6491E+01  2.8262E+02  2.9704E+02  5.8749E+01  1.5095E+00  1.0061E-01  3.5999E-02  1.1173E-02  2.4510E-03
 PARAMETER:  1.1869E-01  1.0930E-01  9.0095E-02  7.8930E-02  1.0631E-01  1.0305E-01  4.7306E-02  1.5544E-01  9.0111E-02
 GRADIENT:   1.0095E-02  1.3377E-03  1.9345E-02 -6.2508E-02  4.4513E-02 -1.4702E-02 -2.3183E-02 -5.9045E-03 -5.8684E-03

 #TERM:
0MINIMIZATION SUCCESSFUL
 NO. OF FUNCTION EVALUATIONS USED:      177
 NO. OF SIG. DIGITS IN FINAL EST.:  3.4

 ETABAR IS THE ARITHMETIC MEAN OF THE ETA-ESTIMATES,
 AND THE P-VALUE IS GIVEN FOR THE NULL HYPOTHESIS THAT THE TRUE MEAN IS 0.

 ETABAR:         8.2365E-04 -2.1372E-04 -3.0888E-04
 SE:             2.2680E-02  1.3341E-02  6.1861E-03
 N:                     193         193         193

 P VAL.:         9.7103E-01  9.8722E-01  9.6018E-01

 ETAshrink(%):   4.0632E-01  2.0606E+00  1.8484E+01
 EBVshrink(%):   4.9256E-01  2.1487E+00  1.8703E+01
 EPSshrink(%):   9.7026E+00

 #TERE:
 Elapsed estimation time in seconds:     7.00
 Elapsed covariance time in seconds:     9.94
1
 
 
 
 
 
 
 
 
 
 
 
 
 
 
 
 
 
 
 
 
 ************************************************************************************************************************
 ********************                                                                                ********************
 ********************               FIRST ORDER CONDITIONAL ESTIMATION WITH INTERACTION              ********************
 #OBJT:**************                       MINIMUM VALUE OF OBJECTIVE FUNCTION                      ********************
 ********************                                                                                ********************
 ************************************************************************************************************************
 





 #OBJV:********************************************   -14346.006       **************************************************
1
 ************************************************************************************************************************
 ********************                                                                                ********************
 ********************               FIRST ORDER CONDITIONAL ESTIMATION WITH INTERACTION              ********************
 ********************                             FINAL PARAMETER ESTIMATE                           ********************
 ********************                                                                                ********************
 ************************************************************************************************************************
 


 THETA - VECTOR OF FIXED EFFECTS PARAMETERS   *********


         TH 1      TH 2      TH 3      TH 4      TH 5      TH 6      TH 7      TH 8      TH 9     
 
         2.65E+01  2.83E+02  2.97E+02  5.87E+01  1.51E+00  7.50E-01  1.00E+00  1.00E+00  7.50E-01
 


 OMEGA - COV MATRIX FOR RANDOM EFFECTS - ETAS  ********


            ETA1      ETA2      ETA3   
 
 ETA1
+        1.01E-01
 
 ETA2
+        0.00E+00  3.60E-02
 
 ETA3
+        0.00E+00  0.00E+00  1.12E-02
 


 SIGMA - COV MATRIX FOR RANDOM EFFECTS - EPSILONS  ****


            EPS1   
 
 EPS1
+        2.45E-03
 
1


 OMEGA - CORR MATRIX FOR RANDOM EFFECTS - ETAS  *******


            ETA1      ETA2      ETA3   
 
 ETA1
+        3.17E-01
 
 ETA2
+        0.00E+00  1.90E-01
 
 ETA3
+        0.00E+00  0.00E+00  1.06E-01
 


 SIGMA - CORR MATRIX FOR RANDOM EFFECTS - EPSILONS  ***


            EPS1   
 
 EPS1
+        4.95E-02
 
1
 ************************************************************************************************************************
 ********************                                                                                ********************
 ********************               FIRST ORDER CONDITIONAL ESTIMATION WITH INTERACTION              ********************
 ********************                            STANDARD ERROR OF ESTIMATE                          ********************
 ********************                                                                                ********************
 ************************************************************************************************************************
 


 THETA - VECTOR OF FIXED EFFECTS PARAMETERS   *********


         TH 1      TH 2      TH 3      TH 4      TH 5      TH 6      TH 7      TH 8      TH 9     
 
         6.09E-01  4.40E+00  2.33E+00  1.01E+00  2.13E-02 ......... ......... ......... .........
 


 OMEGA - COV MATRIX FOR RANDOM EFFECTS - ETAS  ********


            ETA1      ETA2      ETA3   
 
 ETA1
+        9.59E-03
 
 ETA2
+       .........  3.53E-03
 
 ETA3
+       ......... .........  1.86E-03
 


 SIGMA - COV MATRIX FOR RANDOM EFFECTS - EPSILONS  ****


            EPS1   
 
 EPS1
+        7.34E-05
 
1


 OMEGA - CORR MATRIX FOR RANDOM EFFECTS - ETAS  *******


            ETA1      ETA2      ETA3   
 
 ETA1
+        1.51E-02
 
 ETA2
+       .........  9.31E-03
 
 ETA3
+       ......... .........  8.82E-03
 


 SIGMA - CORR MATRIX FOR RANDOM EFFECTS - EPSILONS  ***


            EPS1   
 
 EPS1
+        7.41E-04
 
1
 ************************************************************************************************************************
 ********************                                                                                ********************
 ********************               FIRST ORDER CONDITIONAL ESTIMATION WITH INTERACTION              ********************
 ********************                          COVARIANCE MATRIX OF ESTIMATE                         ********************
 ********************                                                                                ********************
 ************************************************************************************************************************
 

            TH 1      TH 2      TH 3      TH 4      TH 5      TH 6      TH 7      TH 8      TH 9      OM11      OM12      OM13  
             OM22      OM23      OM33      SG11  
 
 TH 1
+        3.71E-01
 
 TH 2
+       -2.15E-01  1.94E+01
 
 TH 3
+       -1.51E-01 -3.52E+00  5.42E+00
 
 TH 4
+       -2.40E-02 -1.99E+00  1.44E+00  1.02E+00
 
 TH 5
+        1.04E-03  3.63E-02 -2.83E-02 -1.57E-02  4.52E-04
 
 TH 6
+       ......... ......... ......... ......... ......... .........
 
 TH 7
+       ......... ......... ......... ......... ......... ......... .........
 
 TH 8
+       ......... ......... ......... ......... ......... ......... ......... .........
 
 TH 9
+       ......... ......... ......... ......... ......... ......... ......... ......... .........
 
 OM11
+        3.87E-04 -2.39E-03 -5.22E-04  7.62E-04  6.34E-06 ......... ......... ......... .........  9.21E-05
 
 OM12
+       ......... ......... ......... ......... ......... ......... ......... ......... ......... ......... .........
 
 OM13
+       ......... ......... ......... ......... ......... ......... ......... ......... ......... ......... ......... .........
 
 OM22
+       -2.69E-04  2.20E-03  2.74E-04  7.25E-05  2.54E-06 ......... ......... ......... .........  3.55E-06 ......... .........
          1.25E-05
 
 OM23
+       ......... ......... ......... ......... ......... ......... ......... ......... ......... ......... ......... .........
         ......... .........
 
 OM33
+        1.02E-04 -2.17E-04  1.78E-04 -5.32E-05  2.50E-06 ......... ......... ......... .........  1.58E-06 ......... .........
         -3.23E-07 .........  3.48E-06
 
 SG11
+       -1.70E-06  2.71E-05 -2.65E-05 -8.52E-06  1.50E-07 ......... ......... ......... ......... -1.36E-07 ......... .........
          2.36E-09 ......... -1.05E-08  5.39E-09
 
1
 ************************************************************************************************************************
 ********************                                                                                ********************
 ********************               FIRST ORDER CONDITIONAL ESTIMATION WITH INTERACTION              ********************
 ********************                          CORRELATION MATRIX OF ESTIMATE                        ********************
 ********************                                                                                ********************
 ************************************************************************************************************************
 

            TH 1      TH 2      TH 3      TH 4      TH 5      TH 6      TH 7      TH 8      TH 9      OM11      OM12      OM13  
             OM22      OM23      OM33      SG11  
 
 TH 1
+        6.09E-01
 
 TH 2
+       -8.02E-02  4.40E+00
 
 TH 3
+       -1.06E-01 -3.44E-01  2.33E+00
 
 TH 4
+       -3.90E-02 -4.46E-01  6.10E-01  1.01E+00
 
 TH 5
+        8.06E-02  3.88E-01 -5.72E-01 -7.30E-01  2.13E-02
 
 TH 6
+       ......... ......... ......... ......... ......... .........
 
 TH 7
+       ......... ......... ......... ......... ......... ......... .........
 
 TH 8
+       ......... ......... ......... ......... ......... ......... ......... .........
 
 TH 9
+       ......... ......... ......... ......... ......... ......... ......... ......... .........
 
 OM11
+        6.63E-02 -5.65E-02 -2.34E-02  7.85E-02  3.11E-02 ......... ......... ......... .........  9.59E-03
 
 OM12
+       ......... ......... ......... ......... ......... ......... ......... ......... ......... ......... .........
 
 OM13
+       ......... ......... ......... ......... ......... ......... ......... ......... ......... ......... ......... .........
 
 OM22
+       -1.25E-01  1.41E-01  3.34E-02  2.03E-02  3.39E-02 ......... ......... ......... .........  1.05E-01 ......... .........
          3.53E-03
 
 OM23
+       ......... ......... ......... ......... ......... ......... ......... ......... ......... ......... ......... .........
         ......... .........
 
 OM33
+        9.01E-02 -2.64E-02  4.10E-02 -2.82E-02  6.30E-02 ......... ......... ......... .........  8.86E-02 ......... .........
         -4.90E-02 .........  1.86E-03
 
 SG11
+       -3.82E-02  8.39E-02 -1.55E-01 -1.15E-01  9.60E-02 ......... ......... ......... ......... -1.93E-01 ......... .........
          9.08E-03 ......... -7.67E-02  7.34E-05
 
1
 ************************************************************************************************************************
 ********************                                                                                ********************
 ********************               FIRST ORDER CONDITIONAL ESTIMATION WITH INTERACTION              ********************
 ********************                      INVERSE COVARIANCE MATRIX OF ESTIMATE                     ********************
 ********************                                                                                ********************
 ************************************************************************************************************************
 

            TH 1      TH 2      TH 3      TH 4      TH 5      TH 6      TH 7      TH 8      TH 9      OM11      OM12      OM13  
             OM22      OM23      OM33      SG11  
 
 TH 1
+        2.85E+00
 
 TH 2
+        4.46E-02  6.83E-02
 
 TH 3
+        9.62E-02  1.44E-02  3.26E-01
 
 TH 4
+       -8.56E-02  8.94E-02 -2.90E-01  2.56E+00
 
 TH 5
+       -7.16E+00 -1.55E+00  8.84E+00  6.41E+01  5.17E+03
 
 TH 6
+       ......... ......... ......... ......... ......... .........
 
 TH 7
+       ......... ......... ......... ......... ......... ......... .........
 
 TH 8
+       ......... ......... ......... ......... ......... ......... ......... .........
 
 TH 9
+       ......... ......... ......... ......... ......... ......... ......... ......... .........
 
 OM11
+       -8.71E+00  1.40E+00  5.94E+00 -2.40E+01 -7.71E+02 ......... ......... ......... .........  1.19E+04
 
 OM12
+       ......... ......... ......... ......... ......... ......... ......... ......... ......... ......... .........
 
 OM13
+       ......... ......... ......... ......... ......... ......... ......... ......... ......... ......... ......... .........
 
 OM22
+        5.39E+01 -1.19E+01 -1.04E+01 -3.17E+01 -1.36E+03 ......... ......... ......... ......... -3.83E+03 ......... .........
          8.54E+04
 
 OM23
+       ......... ......... ......... ......... ......... ......... ......... ......... ......... ......... ......... .........
         ......... .........
 
 OM33
+       -7.06E+01  2.86E+00 -3.02E+01  2.34E+01 -2.90E+03 ......... ......... ......... ......... -4.66E+03 ......... .........
          8.05E+03 .........  2.98E+05
 
 SG11
+        8.35E+02 -2.86E+01  9.58E+02 -1.87E+02 -1.78E+04 ......... ......... ......... .........  2.95E+05 ......... .........
         -1.05E+05 .........  3.92E+05  1.99E+08
 
1
 
 
 
 
 
 
 
 
 
 
 
 
 
 
 
 
 
 
 
 
 ************************************************************************************************************************
 ********************                                                                                ********************
 ********************               FIRST ORDER CONDITIONAL ESTIMATION WITH INTERACTION              ********************
 ********************                      EIGENVALUES OF COR MATRIX OF ESTIMATE                     ********************
 ********************                                                                                ********************
 ************************************************************************************************************************
 

             1         2         3         4         5         6         7         8         9
 
         2.53E-01  4.29E-01  6.19E-01  7.77E-01  8.79E-01  9.30E-01  1.19E+00  1.31E+00  2.61E+00
 
 #CPUT: Total CPU Time in Seconds,       17.292
Stop Time:
Thu Oct 24 15:29:57 UTC 2019
