Sun Oct 20 15:37:41 EDT 2019
$PROB RUN# 1 PARALLEL (NONLINEAR+LINEAR) CLEARANCE MODEL
$INPUT C ID TIME AMT RATE DV EVID GRP WGTI
$DATA ../nonlinCL.csv IGNORE=C
$SUBROUTINE ADVAN6 TRANS1 TOL=8
$MODEL NPAR=10 NCOMP=2 COMP=(CENTRAL DEFOBSERVATION DEFDOSE) COMP=(PERIPH)

$PK
TVVMAX=THETA(1)*(WGTI/72)**THETA(7)
VMAX=TVVMAX*EXP(ETA(1))

KM=THETA(2)

TVCLL=THETA(3)*(WGTI/72)**THETA(8)
CLL=TVCLL*EXP(ETA(2))

TVV1=THETA(4)*(WGTI/72)**THETA(9)
V1=TVV1*EXP(ETA(3))

TVV2=THETA(5)*(WGTI/72)**THETA(10)
V2=TVV2

Q=THETA(6)

S1=V1

$DES
  C1=A(1)/V1
  C2=A(2)/V2
  DADT(1)=-VMAX*C1/(KM+C1)-(CLL*C1)-(Q*C1)+(Q*C2)
  DADT(2)=(Q*C1)-(Q*C2)

$ERROR
Y=F*EXP(EPS(1))

IPRED=F

$THETA
(0, 1.2) ;VMAX (MG/HR)
(0, 10)  ;KM (MG/L)
(0, 0.03) ;CLL (L/HR)
(0, 3)  ;V1 (L)
(0, 2)  ;V2 (L)
(0, 0.075) ;Q (L/HR)
0.8 ;WGT~VMAX
0.8 ;WGT~CLL
0.8 ;WGT~V1
0.8 ;WGT~V2

$OMEGA
0.25  ;VMAX OM
0.25  ;CLL OM
0.25  ;V1 OM

$SIGMA
0.20  ;EXPONENTIAL ERROR

;MSFI=../1.msf

$ESTIMATION METHOD=1 NOABORT MAXEVAL=9999 PRINT=10 MSFO=../1.msf
$COVARIANCE
$TABLE ID TIME EVID IPRED CWRES NOPRINT ONEHEADER FILE=../1.tab
$TABLE ID VMAX KM CLL V1 V2 Q ETA1 ETA2 ETA3 NOPRINT ONEHEADER FILE=../1par.tab

;END


NM-TRAN MESSAGES
  
 WARNINGS AND ERRORS (IF ANY) FOR PROBLEM    1
             
 (WARNING  2) NM-TRAN INFERS THAT THE DATA ARE POPULATION.

License Registered to: Metrum Research Group
Expiration Date:    14 JUL 2020
Current Date:       20 OCT 2019
Days until program expires : 269
1NONLINEAR MIXED EFFECTS MODEL PROGRAM (NONMEM) VERSION 7.4.3
 ORIGINALLY DEVELOPED BY STUART BEAL, LEWIS SHEINER, AND ALISON BOECKMANN
 CURRENT DEVELOPERS ARE ROBERT BAUER, ICON DEVELOPMENT SOLUTIONS,
 AND ALISON BOECKMANN. IMPLEMENTATION, EFFICIENCY, AND STANDARDIZATION
 PERFORMED BY NOUS INFOSYSTEMS.

 PROBLEM NO.:         1
 RUN# 1 PARALLEL (NONLINEAR+LINEAR) CLEARANCE MODEL
0DATA CHECKOUT RUN:              NO
 DATA SET LOCATED ON UNIT NO.:    2
 THIS UNIT TO BE REWOUND:        NO
 NO. OF DATA RECS IN DATA SET:      936
 NO. OF DATA ITEMS IN DATA SET:  10
 ID DATA ITEM IS DATA ITEM NO.:   2
 DEP VARIABLE IS DATA ITEM NO.:   6
 MDV DATA ITEM IS DATA ITEM NO.: 10
0INDICES PASSED TO SUBROUTINE PRED:
   7   3   4   5   0   0   0   0   0   0   0
0LABELS FOR DATA ITEMS:
 C ID TIME AMT RATE DV EVID GRP WGTI MDV
0(NONBLANK) LABELS FOR PRED-DEFINED ITEMS:
 VMAX KM CLL V1 V2 Q IPRED
0FORMAT FOR DATA:
 (9E8.0,1F2.0)

 TOT. NO. OF OBS RECS:      792
 TOT. NO. OF INDIVIDUALS:       36
0LENGTH OF THETA:  10
0DEFAULT THETA BOUNDARY TEST OMITTED:    NO
0OMEGA HAS SIMPLE DIAGONAL FORM WITH DIMENSION:   3
0DEFAULT OMEGA BOUNDARY TEST OMITTED:    NO
0SIGMA HAS SIMPLE DIAGONAL FORM WITH DIMENSION:   1
0DEFAULT SIGMA BOUNDARY TEST OMITTED:    NO
0INITIAL ESTIMATE OF THETA:
 LOWER BOUND    INITIAL EST    UPPER BOUND
  0.0000E+00     0.1200E+01     0.1000E+07
  0.0000E+00     0.1000E+02     0.1000E+07
  0.0000E+00     0.3000E-01     0.1000E+07
  0.0000E+00     0.3000E+01     0.1000E+07
  0.0000E+00     0.2000E+01     0.1000E+07
  0.0000E+00     0.7500E-01     0.1000E+07
 -0.1000E+07     0.8000E+00     0.1000E+07
 -0.1000E+07     0.8000E+00     0.1000E+07
 -0.1000E+07     0.8000E+00     0.1000E+07
 -0.1000E+07     0.8000E+00     0.1000E+07
0INITIAL ESTIMATE OF OMEGA:
 0.2500E+00
 0.0000E+00   0.2500E+00
 0.0000E+00   0.0000E+00   0.2500E+00
0INITIAL ESTIMATE OF SIGMA:
 0.2000E+00
0COVARIANCE STEP OMITTED:        NO
 EIGENVLS. PRINTED:              NO
 SPECIAL COMPUTATION:            NO
 COMPRESSED FORMAT:              NO
 GRADIENT METHOD USED:     NOSLOW
 SIGDIGITS ETAHAT (SIGLO):                  -1
 SIGDIGITS GRADIENTS (SIGL):                -1
 EXCLUDE COV FOR FOCE (NOFCOV):              NO
 TURN OFF Cholesky Transposition of R Matrix (CHOLROFF): NO
 KNUTHSUMOFF:                                -1
 RESUME COV ANALYSIS (RESUME):               NO
 SIR SAMPLE SIZE (SIRSAMPLE):              -1
 NON-LINEARLY TRANSFORM THETAS DURING COV (THBND): 1
 PRECONDTIONING CYCLES (PRECOND):        0
 PRECONDTIONING TYPES (PRECONDS):        TOS
 FORCED PRECONDTIONING CYCLES (PFCOND):0
 PRECONDTIONING TYPE (PRETYPE):        0
 FORCED POS. DEFINITE SETTING: (FPOSDEF):0
0TABLES STEP OMITTED:    NO
 NO. OF TABLES:           2
 SEED NUMBER (SEED):    11456
 RANMETHOD:             3U
 MC SAMPLES (ESAMPLE):    300
 WRES SQUARE ROOT TYPE (WRESCHOL): EIGENVALUE
0-- TABLE   1 --
0RECORDS ONLY:    ALL
04 COLUMNS APPENDED:    YES
 PRINTED:                NO
 HEADERS:               ONE
 FILE TO BE FORWARDED:   NO
 FORMAT:                S1PE11.4
 LFORMAT:
 RFORMAT:
 FIXED_EFFECT_ETAS:
0USER-CHOSEN ITEMS:
 ID TIME EVID IPRED CWRES
0-- TABLE   2 --
0RECORDS ONLY:    ALL
04 COLUMNS APPENDED:    YES
 PRINTED:                NO
 HEADERS:               ONE
 FILE TO BE FORWARDED:   NO
 FORMAT:                S1PE11.4
 LFORMAT:
 RFORMAT:
 FIXED_EFFECT_ETAS:
0USER-CHOSEN ITEMS:
 ID VMAX KM CLL V1 V2 Q ETA1 ETA2 ETA3
1DOUBLE PRECISION PREDPP VERSION 7.4.3

 GENERAL NONLINEAR KINETICS MODEL (DVERK1, ADVAN6)
0MODEL SUBROUTINE USER-SUPPLIED - ID NO. 9999
0MAXIMUM NO. OF BASIC PK PARAMETERS:  10
0COMPARTMENT ATTRIBUTES
 COMPT. NO.   FUNCTION   INITIAL    ON/OFF      DOSE      DEFAULT    DEFAULT
                         STATUS     ALLOWED    ALLOWED    FOR DOSE   FOR OBS.
    1         CENTRAL      ON         YES        YES        YES        YES
    2         PERIPH       ON         YES        YES        NO         NO
    3         OUTPUT       OFF        YES        NO         NO         NO
 INITIAL (BASE) TOLERANCE SETTINGS:
 NRD (RELATIVE) VALUE OF TOLERANCE:   8
 ANRD (ABSOLUTE) VALUE OF TOLERANCE:  12
1
 ADDITIONAL PK PARAMETERS - ASSIGNMENT OF ROWS IN GG
 COMPT. NO.                             INDICES
              SCALE      BIOAVAIL.   ZERO-ORDER  ZERO-ORDER  ABSORB
                         FRACTION    RATE        DURATION    LAG
    1           11           *           *           *           *
    2            *           *           *           *           *
    3            *           -           -           -           -
             - PARAMETER IS NOT ALLOWED FOR THIS MODEL
             * PARAMETER IS NOT SUPPLIED BY PK SUBROUTINE;
               WILL DEFAULT TO ONE IF APPLICABLE
0DATA ITEM INDICES USED BY PRED ARE:
   EVENT ID DATA ITEM IS DATA ITEM NO.:      7
   TIME DATA ITEM IS DATA ITEM NO.:          3
   DOSE AMOUNT DATA ITEM IS DATA ITEM NO.:   4
   DOSE RATE DATA ITEM IS DATA ITEM NO.:     5

0PK SUBROUTINE CALLED WITH EVERY EVENT RECORD.
 PK SUBROUTINE NOT CALLED AT NONEVENT (ADDITIONAL OR LAGGED) DOSE TIMES.
0ERROR SUBROUTINE CALLED WITH EVERY EVENT RECORD.
0DES SUBROUTINE USES COMPACT STORAGE MODE.
1


 #TBLN:      1
 #METH: First Order Conditional Estimation

 ESTIMATION STEP OMITTED:                 NO
 ANALYSIS TYPE:                           POPULATION
 NUMBER OF SADDLE POINT RESET ITERATIONS:      0
 GRADIENT METHOD USED:               NOSLOW
 CONDITIONAL ESTIMATES USED:              YES
 CENTERED ETA:                            NO
 EPS-ETA INTERACTION:                     NO
 LAPLACIAN OBJ. FUNC.:                    NO
 NO. OF FUNCT. EVALS. ALLOWED:            9999
 NO. OF SIG. FIGURES REQUIRED:            3
 INTERMEDIATE PRINTOUT:                   YES
 ESTIMATE OUTPUT TO MSF:                  YES
 ABORT WITH PRED EXIT CODE 1:             NO
 IND. OBJ. FUNC. VALUES SORTED:           NO
 NUMERICAL DERIVATIVE
       FILE REQUEST (NUMDER):               NONE
 MAP (ETAHAT) ESTIMATION METHOD (OPTMAP):   0
 ETA HESSIAN EVALUATION METHOD (ETADER):    0
 INITIAL ETA FOR MAP ESTIMATION (MCETA):    0
 SIGDIGITS FOR MAP ESTIMATION (SIGLO):      100
 GRADIENT SIGDIGITS OF
       FIXED EFFECTS PARAMETERS (SIGL):     100
 NOPRIOR SETTING (NOPRIOR):                 OFF
 NOCOV SETTING (NOCOV):                     OFF
 DERCONT SETTING (DERCONT):                 OFF
 FINAL ETA RE-EVALUATION (FNLETA):          ON
 EXCLUDE NON-INFLUENTIAL (NON-INFL.) ETAS
       IN SHRINKAGE (ETASTYPE):             NO
 NON-INFL. ETA CORRECTION (NONINFETA):      OFF
 RAW OUTPUT FILE (FILE): 1.ext
 EXCLUDE TITLE (NOTITLE):                   NO
 EXCLUDE COLUMN LABELS (NOLABEL):           NO
 FORMAT FOR ADDITIONAL FILES (FORMAT):      S1PE12.5
 PARAMETER ORDER FOR OUTPUTS (ORDER):       TSOL
 WISHART PRIOR DF INTERPRETATION (WISHTYPE):0
 KNUTHSUMOFF:                               0
 INCLUDE LNTWOPI:                           NO
 INCLUDE CONSTANT TERM TO PRIOR (PRIORC):   NO
 INCLUDE CONSTANT TERM TO OMEGA (ETA) (OLNTWOPI):NO
 ADDITIONAL CONVERGENCE TEST (CTYPE=4)?:    NO
 EM OR BAYESIAN METHOD USED:                 NONE

 TOLERANCES FOR ESTIMATION/EVALUATION STEP:
 NRD (RELATIVE) VALUE OF TOLERANCE:   8
 ANRD (ABSOLUTE) VALUE OF TOLERANCE:  12
 TOLERANCES FOR COVARIANCE STEP:
 NRD (RELATIVE) VALUE OF TOLERANCE:   8
 ANRD (ABSOLUTE) VALUE OF TOLERANCE:  12
 TOLERANCES FOR TABLE/SCATTER STEP:
 NRD (RELATIVE) VALUE OF TOLERANCE:   8
 ANRD (ABSOLUTE) VALUE OF TOLERANCE:  12

 THE FOLLOWING LABELS ARE EQUIVALENT
 PRED=NPRED
 RES=NRES
 WRES=NWRES
 IWRS=NIWRES
 IPRD=NIPRED
 IRS=NIRES

 MONITORING OF SEARCH:


0ITERATION NO.:    0    OBJECTIVE VALUE:   5183.64646230474        NO. OF FUNC. EVALS.:  13
 CUMULATIVE NO. OF FUNC. EVALS.:       13
 NPARAMETR:  1.2000E+00  1.0000E+01  3.0000E-02  3.0000E+00  2.0000E+00  7.5000E-02  8.0000E-01  8.0000E-01  8.0000E-01  8.0000E-01
             2.5000E-01  2.5000E-01  2.5000E-01  2.0000E-01
 PARAMETER:  1.0000E-01  1.0000E-01  1.0000E-01  1.0000E-01  1.0000E-01  1.0000E-01  1.0000E-01  1.0000E-01  1.0000E-01  1.0000E-01
             1.0000E-01  1.0000E-01  1.0000E-01  1.0000E-01
 GRADIENT:   4.6330E+02 -2.7748E+02  1.5677E+02 -8.2174E+02 -2.9771E+02 -3.2042E+01 -4.9041E+02 -1.5632E+02  6.6389E+02  2.8584E+02
            -2.3607E+01 -9.4764E+01 -8.5452E+00  7.1320E+02

0ITERATION NO.:   10    OBJECTIVE VALUE:   4509.28791166998        NO. OF FUNC. EVALS.: 146
 CUMULATIVE NO. OF FUNC. EVALS.:      159
 NPARAMETR:  4.9021E-01  3.9575E+00  1.3117E-02  3.9622E+00  2.8419E+00  1.1408E-01  1.4790E+00 -2.4594E-01 -3.4230E-01  5.0039E-01
             2.5820E-01  5.7054E-01  2.3500E-02  1.1395E-02
 PARAMETER: -7.9525E-01 -8.2696E-01 -7.2729E-01  3.7820E-01  4.5131E-01  5.1938E-01  1.8488E-01 -3.0743E-02 -4.2787E-02  6.2548E-02
             1.1614E-01  5.1256E-01 -1.0822E+00 -1.3326E+00
 GRADIENT:   2.7885E+02 -6.8486E+01  3.3905E+02  8.5020E+02  2.0823E+02  2.7185E+01 -7.7960E+01 -4.3522E+02 -1.6808E+03 -1.2679E+02
            -9.9150E+00  3.4372E+00 -1.2881E+02 -1.2747E+03

0ITERATION NO.:   20    OBJECTIVE VALUE:   4260.20351389391        NO. OF FUNC. EVALS.: 146
 CUMULATIVE NO. OF FUNC. EVALS.:      305
 NPARAMETR:  5.0139E-01  3.7591E+00  1.4541E-02  4.0017E+00  2.8070E+00  1.1733E-01  1.1164E+00  6.3012E-01  4.2434E-01  3.2987E-01
             1.8036E-01  3.9585E-01  4.6104E-02  2.1093E-02
 PARAMETER: -7.7270E-01 -8.7840E-01 -6.2422E-01  3.8811E-01  4.3895E-01  5.4748E-01  1.3955E-01  7.8765E-02  5.3042E-02  4.1234E-02
            -6.3266E-02  3.2978E-01 -7.4528E-01 -1.0247E+00
 GRADIENT:  -5.4396E+00  3.3742E+00 -8.2945E+00 -1.2754E+00  7.5030E-01  1.0225E+00  1.0799E+01  7.2429E+00 -6.4877E+00 -5.2510E-01
            -4.4841E-01  1.6452E+00 -1.1361E+00  7.4237E+00

0ITERATION NO.:   30    OBJECTIVE VALUE:   4259.60653270225        NO. OF FUNC. EVALS.: 303
 CUMULATIVE NO. OF FUNC. EVALS.:      608
 NPARAMETR:  5.3712E-01  4.2162E+00  1.4780E-02  4.0415E+00  2.7703E+00  1.1765E-01  1.1323E+00  6.2305E-01  4.4463E-01  3.0475E-01
             1.7654E-01  3.7225E-01  4.7432E-02  2.1780E-02
 PARAMETER: -7.0385E-01 -7.6364E-01 -6.0789E-01  3.9799E-01  4.2581E-01  5.5020E-01  1.4154E-01  7.7881E-02  5.5579E-02  3.8093E-02
            -7.3946E-02  2.9905E-01 -7.3109E-01 -1.0087E+00
 GRADIENT:  -1.8890E-02  1.4096E-02 -1.3354E-02  2.1239E-02  2.4409E-02  1.4025E-02 -6.9179E-02 -9.6752E-03 -2.7798E-02 -5.5792E-03
            -4.8804E-03  4.0249E-03 -4.2090E-04  2.5143E-02

0ITERATION NO.:   32    OBJECTIVE VALUE:   4259.60652886759        NO. OF FUNC. EVALS.:  56
 CUMULATIVE NO. OF FUNC. EVALS.:      664
 NPARAMETR:  5.3713E-01  4.2164E+00  1.4780E-02  4.0415E+00  2.7703E+00  1.1764E-01  1.1329E+00  6.2255E-01  4.4466E-01  3.0478E-01
             1.7658E-01  3.7223E-01  4.7434E-02  2.1780E-02
 PARAMETER: -7.0383E-01 -7.6361E-01 -6.0791E-01  3.9800E-01  4.2580E-01  5.5017E-01  1.4161E-01  7.7819E-02  5.5583E-02  3.8097E-02
            -7.3832E-02  2.9902E-01 -7.3106E-01 -1.0087E+00
 GRADIENT:  -2.4836E-03  3.7900E-03  2.9105E-04  2.5788E-02  9.8460E-03  4.5985E-03 -2.7689E-02 -1.8162E-02 -2.3555E-02 -5.7624E-03
            -2.4376E-03  2.1258E-03  2.6606E-03 -5.6756E-03

 #TERM:
0MINIMIZATION SUCCESSFUL
 NO. OF FUNCTION EVALUATIONS USED:      664
 NO. OF SIG. DIGITS IN FINAL EST.:  3.2

 ETABAR IS THE ARITHMETIC MEAN OF THE ETA-ESTIMATES,
 AND THE P-VALUE IS GIVEN FOR THE NULL HYPOTHESIS THAT THE TRUE MEAN IS 0.

 ETABAR:         8.8304E-02  9.0817E-02 -2.2925E-02
 SE:             4.3182E-02  8.3783E-02  3.4609E-02
 N:                      36          36          36

 P VAL.:         4.0865E-02  2.7839E-01  5.0772E-01

 ETASHRINKSD(%)  3.7468E+01  1.6435E+01  3.3027E+00
 ETASHRINKVR(%)  6.0898E+01  3.0170E+01  6.4964E+00
 EBVSHRINKSD(%)  3.5090E+01  1.5671E+01  3.8428E+00
 EBVSHRINKVR(%)  5.7867E+01  2.8886E+01  7.5379E+00
 EPSSHRINKSD(%)  4.7622E+00
 EPSSHRINKVR(%)  9.2977E+00

  
 TOTAL DATA POINTS NORMALLY DISTRIBUTED (N):          792
 N*LOG(2PI) CONSTANT TO OBJECTIVE FUNCTION:    1455.5986365962015     
 OBJECTIVE FUNCTION VALUE WITHOUT CONSTANT:    4259.6065288675936     
 OBJECTIVE FUNCTION VALUE WITH CONSTANT:       5715.2051654637953     
 REPORTED OBJECTIVE FUNCTION DOES NOT CONTAIN CONSTANT
  
 TOTAL EFFECTIVE ETAS (NIND*NETA):                           108
  
 #TERE:
 Elapsed estimation  time in seconds:    48.59
 Elapsed covariance  time in seconds:    46.06
 Elapsed postprocess time in seconds:     0.19
1
 
 
 
 
 
 
 
 
 
 
 
 
 
 
 
 
 
 
 
 
 ************************************************************************************************************************
 ********************                                                                                ********************
 ********************                        FIRST ORDER CONDITIONAL ESTIMATION                      ********************
 #OBJT:**************                       MINIMUM VALUE OF OBJECTIVE FUNCTION                      ********************
 ********************                                                                                ********************
 ************************************************************************************************************************
 





 #OBJV:********************************************     4259.607       **************************************************
1
 ************************************************************************************************************************
 ********************                                                                                ********************
 ********************                        FIRST ORDER CONDITIONAL ESTIMATION                      ********************
 ********************                             FINAL PARAMETER ESTIMATE                           ********************
 ********************                                                                                ********************
 ************************************************************************************************************************
 


 THETA - VECTOR OF FIXED EFFECTS PARAMETERS   *********


         TH 1      TH 2      TH 3      TH 4      TH 5      TH 6      TH 7      TH 8      TH 9      TH10     
 
         5.37E-01  4.22E+00  1.48E-02  4.04E+00  2.77E+00  1.18E-01  1.13E+00  6.23E-01  4.45E-01  3.05E-01
 


 OMEGA - COV MATRIX FOR RANDOM EFFECTS - ETAS  ********


         ETA1      ETA2      ETA3     
 
 ETA1
+        1.77E-01
 
 ETA2
+        0.00E+00  3.72E-01
 
 ETA3
+        0.00E+00  0.00E+00  4.74E-02
 


 SIGMA - COV MATRIX FOR RANDOM EFFECTS - EPSILONS  ****


         EPS1     
 
 EPS1
+        2.18E-02
 
1


 OMEGA - CORR MATRIX FOR RANDOM EFFECTS - ETAS  *******


         ETA1      ETA2      ETA3     
 
 ETA1
+        4.20E-01
 
 ETA2
+        0.00E+00  6.10E-01
 
 ETA3
+        0.00E+00  0.00E+00  2.18E-01
 


 SIGMA - CORR MATRIX FOR RANDOM EFFECTS - EPSILONS  ***


         EPS1     
 
 EPS1
+        1.48E-01
 
1
 ************************************************************************************************************************
 ********************                                                                                ********************
 ********************                        FIRST ORDER CONDITIONAL ESTIMATION                      ********************
 ********************                            STANDARD ERROR OF ESTIMATE                          ********************
 ********************                                                                                ********************
 ************************************************************************************************************************
 


 THETA - VECTOR OF FIXED EFFECTS PARAMETERS   *********


         TH 1      TH 2      TH 3      TH 4      TH 5      TH 6      TH 7      TH 8      TH 9      TH10     
 
         1.75E-01  2.53E+00  4.32E-03  2.01E-01  2.11E-01  1.04E-02  1.31E+00  1.59E+00  2.88E-01  2.73E-01
 


 OMEGA - COV MATRIX FOR RANDOM EFFECTS - ETAS  ********


         ETA1      ETA2      ETA3     
 
 ETA1
+        9.43E-02
 
 ETA2
+       .........  1.43E-01
 
 ETA3
+       ......... .........  8.99E-03
 


 SIGMA - COV MATRIX FOR RANDOM EFFECTS - EPSILONS  ****


         EPS1     
 
 EPS1
+        1.41E-03
 
1


 OMEGA - CORR MATRIX FOR RANDOM EFFECTS - ETAS  *******


         ETA1      ETA2      ETA3     
 
 ETA1
+        1.12E-01
 
 ETA2
+       .........  1.17E-01
 
 ETA3
+       ......... .........  2.06E-02
 


 SIGMA - CORR MATRIX FOR RANDOM EFFECTS - EPSILONS  ***


         EPS1     
 
 EPS1
+        4.79E-03
 
1
 ************************************************************************************************************************
 ********************                                                                                ********************
 ********************                        FIRST ORDER CONDITIONAL ESTIMATION                      ********************
 ********************                          COVARIANCE MATRIX OF ESTIMATE                         ********************
 ********************                                                                                ********************
 ************************************************************************************************************************
 

            TH 1      TH 2      TH 3      TH 4      TH 5      TH 6      TH 7      TH 8      TH 9      TH10      OM11      OM12  
             OM13      OM22      OM23      OM33      SG11  
 
 TH 1
+        3.07E-02
 
 TH 2
+        4.10E-01  6.40E+00
 
 TH 3
+       -5.02E-04 -5.99E-03  1.87E-05
 
 TH 4
+        1.56E-06 -1.24E-02 -1.85E-04  4.06E-02
 
 TH 5
+       -8.82E-03 -1.54E-01  1.19E-05  8.44E-04  4.47E-02
 
 TH 6
+       -5.93E-05  1.76E-03  1.49E-05 -8.58E-04  3.32E-04  1.08E-04
 
 TH 7
+        1.19E-01  2.15E+00 -2.53E-03  4.92E-02  6.60E-02  1.49E-03  1.73E+00
 
 TH 8
+       -1.16E-01 -1.75E+00  4.66E-03 -9.29E-02 -6.28E-02 -1.39E-03 -1.55E+00  2.51E+00
 
 TH 9
+        4.36E-03  2.69E-02 -3.56E-04  3.26E-02  5.09E-03  1.03E-04  1.04E-01 -2.16E-01  8.27E-02
 
 TH10
+        2.44E-03 -2.50E-02 -1.87E-04  4.66E-03  2.86E-02  2.97E-04  1.19E-01 -1.72E-01  2.47E-02  7.45E-02
 
 OM11
+        4.08E-03  9.70E-02 -6.87E-05  2.85E-03 -4.01E-03  1.06E-04  3.55E-02 -3.42E-02  1.20E-03 -5.05E-03  8.89E-03
 
 OM12
+       ......... ......... ......... ......... ......... ......... ......... ......... ......... ......... ......... .........
 
 OM13
+       ......... ......... ......... ......... ......... ......... ......... ......... ......... ......... ......... .........
         .........
 
 OM22
+        9.40E-03  1.03E-01 -1.61E-04 -8.59E-03 -6.28E-03 -3.80E-04 -2.75E-04  3.78E-02 -1.61E-02 -5.75E-03  3.91E-04 .........
         .........  2.04E-02
 
 OM23
+       ......... ......... ......... ......... ......... ......... ......... ......... ......... ......... ......... .........
         ......... ......... .........
 
 OM33
+        3.31E-04  4.42E-03  8.09E-08 -1.17E-04  1.67E-04  1.67E-05  1.82E-03  2.17E-03 -1.92E-04  8.93E-05  1.27E-06 .........
         .........  5.24E-04 .........  8.09E-05
 
 SG11
+        6.26E-05  8.78E-04 -8.02E-08 -2.00E-05  4.55E-05  1.30E-06  4.81E-04 -2.04E-04  6.86E-05 -2.73E-05 -3.18E-05 .........
         ......... -2.75E-05 .........  7.60E-08  2.00E-06
 
1
 ************************************************************************************************************************
 ********************                                                                                ********************
 ********************                        FIRST ORDER CONDITIONAL ESTIMATION                      ********************
 ********************                          CORRELATION MATRIX OF ESTIMATE                        ********************
 ********************                                                                                ********************
 ************************************************************************************************************************
 

            TH 1      TH 2      TH 3      TH 4      TH 5      TH 6      TH 7      TH 8      TH 9      TH10      OM11      OM12  
             OM13      OM22      OM23      OM33      SG11  
 
 TH 1
+        1.75E-01
 
 TH 2
+        9.25E-01  2.53E+00
 
 TH 3
+       -6.64E-01 -5.48E-01  4.32E-03
 
 TH 4
+        4.42E-05 -2.43E-02 -2.12E-01  2.01E-01
 
 TH 5
+       -2.38E-01 -2.87E-01  1.30E-02  1.98E-02  2.11E-01
 
 TH 6
+       -3.26E-02  6.69E-02  3.31E-01 -4.09E-01  1.51E-01  1.04E-02
 
 TH 7
+        5.15E-01  6.48E-01 -4.46E-01  1.86E-01  2.37E-01  1.09E-01  1.31E+00
 
 TH 8
+       -4.17E-01 -4.36E-01  6.79E-01 -2.91E-01 -1.87E-01 -8.45E-02 -7.45E-01  1.59E+00
 
 TH 9
+        8.65E-02  3.70E-02 -2.86E-01  5.62E-01  8.38E-02  3.42E-02  2.76E-01 -4.73E-01  2.88E-01
 
 TH10
+        5.11E-02 -3.62E-02 -1.59E-01  8.48E-02  4.96E-01  1.04E-01  3.31E-01 -3.97E-01  3.15E-01  2.73E-01
 
 OM11
+        2.47E-01  4.07E-01 -1.69E-01  1.50E-01 -2.01E-01  1.08E-01  2.86E-01 -2.29E-01  4.43E-02 -1.96E-01  9.43E-02
 
 OM12
+       ......... ......... ......... ......... ......... ......... ......... ......... ......... ......... ......... .........
 
 OM13
+       ......... ......... ......... ......... ......... ......... ......... ......... ......... ......... ......... .........
         .........
 
 OM22
+        3.76E-01  2.86E-01 -2.61E-01 -2.99E-01 -2.08E-01 -2.56E-01 -1.47E-03  1.67E-01 -3.92E-01 -1.48E-01  2.91E-02 .........
         .........  1.43E-01
 
 OM23
+       ......... ......... ......... ......... ......... ......... ......... ......... ......... ......... ......... .........
         ......... ......... .........
 
 OM33
+        2.10E-01  1.94E-01  2.08E-03 -6.43E-02  8.80E-02  1.78E-01  1.54E-01  1.52E-01 -7.41E-02  3.64E-02  1.49E-03 .........
         .........  4.08E-01 .........  8.99E-03
 
 SG11
+        2.53E-01  2.45E-01 -1.31E-02 -7.01E-02  1.52E-01  8.79E-02  2.59E-01 -9.11E-02  1.69E-01 -7.06E-02 -2.39E-01 .........
         ......... -1.36E-01 .........  5.97E-03  1.41E-03
 
1
 ************************************************************************************************************************
 ********************                                                                                ********************
 ********************                        FIRST ORDER CONDITIONAL ESTIMATION                      ********************
 ********************                      INVERSE COVARIANCE MATRIX OF ESTIMATE                     ********************
 ********************                                                                                ********************
 ************************************************************************************************************************
 

            TH 1      TH 2      TH 3      TH 4      TH 5      TH 6      TH 7      TH 8      TH 9      TH10      OM11      OM12  
             OM13      OM22      OM23      OM33      SG11  
 
 TH 1
+        6.39E+02
 
 TH 2
+       -4.52E+01  4.30E+00
 
 TH 3
+        4.66E+03  1.35E+02  4.49E+05
 
 TH 4
+       -4.80E+01  1.65E+00 -2.15E+03  8.01E+01
 
 TH 5
+       -3.21E+01  8.10E+00  2.27E+03 -1.02E+01  6.67E+01
 
 TH 6
+       -4.15E+02 -6.87E+01 -8.67E+04  1.14E+03 -5.43E+02  3.72E+04
 
 TH 7
+        2.75E+01 -3.50E+00 -6.56E+02  5.09E-01 -1.01E+01  1.66E+02  5.64E+00
 
 TH 8
+        1.80E+00 -1.17E+00 -1.02E+03  5.00E+00 -5.68E+00  2.28E+02  3.32E+00  4.03E+00
 
 TH 9
+       -9.17E+00  2.79E+00  1.33E+03 -2.70E+01  1.80E+01 -4.22E+02 -2.20E+00 -1.38E+00  3.37E+01
 
 TH10
+       -4.72E+01  1.97E+00 -1.21E+03  1.39E+01 -1.78E+01  2.29E+02 -1.29E+00  2.56E+00 -1.05E+01  3.21E+01
 
 OM11
+        9.64E+01 -1.15E+01 -3.71E+02 -1.97E+01 -2.15E+01 -2.42E+02  3.17E+00  1.71E+00 -9.55E+00  1.98E+01  2.18E+02
 
 OM12
+       ......... ......... ......... ......... ......... ......... ......... ......... ......... ......... ......... .........
 
 OM13
+       ......... ......... ......... ......... ......... ......... ......... ......... ......... ......... ......... .........
         .........
 
 OM22
+       -9.92E+01  6.56E+00  5.26E+02  3.80E+01  1.41E+01  6.09E+02 -5.47E+00 -2.30E+00  1.01E+01  7.60E+00 -1.65E+01 .........
         .........  1.34E+02
 
 OM23
+       ......... ......... ......... ......... ......... ......... ......... ......... ......... ......... ......... .........
         ......... ......... .........
 
 OM33
+       -5.62E+01  2.17E+01  2.66E+04 -4.64E+02 -5.48E-01 -1.45E+04 -1.17E+02 -1.45E+02  9.41E+00 -5.53E+01  2.35E+02 .........
         ......... -7.23E+02 .........  2.50E+04
 
 SG11
+       -6.02E+03 -3.34E+01 -2.12E+05  2.71E+03 -2.89E+03  4.54E+04 -2.03E+02  1.44E+02 -2.21E+03  2.75E+03  5.68E+03 .........
         .........  2.35E+03 .........  3.30E+03  1.06E+06
 
 Elapsed finaloutput time in seconds:     0.05
 #CPUT: Total CPU Time in Seconds,       94.967
Stop Time:
Sun Oct 20 15:39:20 EDT 2019
