Tue Oct 15 13:22:18 UTC 2019
ifort (IFORT) 12.0.4 20110427
Copyright (C) 1985-2011 Intel Corporation.  All rights reserved.

$PROBLEM    RUN# 1 PARALLEL (NONLINEAR+LINEAR) CLEARANCE MODEL
$INPUT      C ID TIME AMT RATE DV EVID GRP WGTI
$DATA      nonlinCL.csv IGNORE=C
$SUBROUTINE ADVAN6 TRANS1 TOL=8
$MODEL      NPAR=10 NCOMP=2 COMP=(CENTRAL DEFOBSERVATION DEFDOSE)
            COMP=(PERIPH)
$PK 
TVVMAX=THETA(1)*(WGTI/72)**THETA(7)
VMAX=TVVMAX*EXP(ETA(1))

KM=THETA(2)

TVCLL=THETA(3)*(WGTI/72)**THETA(8)
CLL=TVCLL*EXP(ETA(2))

TVV1=THETA(4)*(WGTI/72)**THETA(9)
V1=TVV1*EXP(ETA(3))

TVV2=THETA(5)*(WGTI/72)**THETA(10)
V2=TVV2

Q=THETA(6)

S1=V1

$DES 
  C1=A(1)/V1
  C2=A(2)/V2
  DADT(1)=-VMAX*C1/(KM+C1)-(CLL*C1)-(Q*C1)+(Q*C2)
  DADT(2)=(Q*C1)-(Q*C2)

$ERROR 
Y=F*EXP(EPS(1))

IPRED=F

$THETA  (0,1.2) ; VMAX (MG/HR)
 (0,10) ; KM (MG/L)
 (0,0.03) ; CLL (L/HR)
 (0,3) ; V1 (L)
 (0,2) ; V2 (L)
 (0,0.075) ; Q (L/HR)
 0.8 ; WGT~VMAX
 0.8 ; WGT~CLL
 0.8 ; WGT~V1
 0.8 ; WGT~V2
$OMEGA  0.25  ;    VMAX OM
 0.25  ;     CLL OM
 0.25  ;      V1 OM
$SIGMA  0.20  ; EXPONENTIAL ERROR
;MSFI=../1.msf
$ESTIMATION METHOD=1 NOABORT MAXEVAL=9999 PRINT=10 MSFO=../1.msf
$COVARIANCE
$TABLE      ID TIME EVID IPRED CWRES NOPRINT ONEHEADER FILE=1.tab
$TABLE      ID VMAX KM CLL V1 V2 Q ETA1 ETA2 ETA3 NOPRINT ONEHEADER
            FILE=1par.tab
;END


NM-TRAN MESSAGES
  
 WARNINGS AND ERRORS (IF ANY) FOR PROBLEM    1
             
 (WARNING  2) NM-TRAN INFERS THAT THE DATA ARE POPULATION.

License Registered to: Metrum Research Group
Expiration Date:    14 JUL 2020
Current Date:       15 OCT 2019
Days until program expires : 274
1NONLINEAR MIXED EFFECTS MODEL PROGRAM (NONMEM) VERSION 7.3.0
 ORIGINALLY DEVELOPED BY STUART BEAL, LEWIS SHEINER, AND ALISON BOECKMANN
 CURRENT DEVELOPERS ARE ROBERT BAUER, ICON DEVELOPMENT SOLUTIONS,
 AND ALISON BOECKMANN. IMPLEMENTATION, EFFICIENCY, AND STANDARDIZATION
 PERFORMED BY NOUS INFOSYSTEMS.

 PROBLEM NO.:         1
 RUN# 1 PARALLEL (NONLINEAR+LINEAR) CLEARANCE MODEL
0DATA CHECKOUT RUN:              NO
 DATA SET LOCATED ON UNIT NO.:    2
 THIS UNIT TO BE REWOUND:        NO
 NO. OF DATA RECS IN DATA SET:      936
 NO. OF DATA ITEMS IN DATA SET:  10
 ID DATA ITEM IS DATA ITEM NO.:   2
 DEP VARIABLE IS DATA ITEM NO.:   6
 MDV DATA ITEM IS DATA ITEM NO.: 10
0INDICES PASSED TO SUBROUTINE PRED:
   7   3   4   5   0   0   0   0   0   0   0
0LABELS FOR DATA ITEMS:
 C ID TIME AMT RATE DV EVID GRP WGTI MDV
0(NONBLANK) LABELS FOR PRED-DEFINED ITEMS:
 VMAX KM CLL V1 V2 Q IPRED
0FORMAT FOR DATA:
 (9E8.0,1F2.0)

 TOT. NO. OF OBS RECS:      792
 TOT. NO. OF INDIVIDUALS:     36
0LENGTH OF THETA:  10
0DEFAULT THETA BOUNDARY TEST OMITTED:    NO
0OMEGA HAS SIMPLE DIAGONAL FORM WITH DIMENSION:   3
0DEFAULT OMEGA BOUNDARY TEST OMITTED:    NO
0SIGMA HAS SIMPLE DIAGONAL FORM WITH DIMENSION:   1
0DEFAULT SIGMA BOUNDARY TEST OMITTED:    NO
0INITIAL ESTIMATE OF THETA:
 LOWER BOUND    INITIAL EST    UPPER BOUND
  0.0000E+00     0.1200E+01     0.1000E+07
  0.0000E+00     0.1000E+02     0.1000E+07
  0.0000E+00     0.3000E-01     0.1000E+07
  0.0000E+00     0.3000E+01     0.1000E+07
  0.0000E+00     0.2000E+01     0.1000E+07
  0.0000E+00     0.7500E-01     0.1000E+07
 -0.1000E+07     0.8000E+00     0.1000E+07
 -0.1000E+07     0.8000E+00     0.1000E+07
 -0.1000E+07     0.8000E+00     0.1000E+07
 -0.1000E+07     0.8000E+00     0.1000E+07
0INITIAL ESTIMATE OF OMEGA:
 0.2500E+00
 0.0000E+00   0.2500E+00
 0.0000E+00   0.0000E+00   0.2500E+00
0INITIAL ESTIMATE OF SIGMA:
 0.2000E+00
0COVARIANCE STEP OMITTED:        NO
 EIGENVLS. PRINTED:              NO
 SPECIAL COMPUTATION:            NO
 COMPRESSED FORMAT:              NO
 SIGDIGITS ETAHAT (SIGLO):                  -1
 SIGDIGITS GRADIENTS (SIGL):                -1
 RELATIVE TOLERANCE (TOL):                  -1
 ABSOLUTE TOLERANCE-ADVAN 9,13 ONLY (ATOL): -1
 EXCLUDE COV FOR FOCE (NOFCOV):              NO
 RESUME COV ANALYSIS (RESUME):               NO
0TABLES STEP OMITTED:    NO
 NO. OF TABLES:           2
 SEED NUMBER (SEED):    11456
 RANMETHOD:
 MC SAMPLES (ESEED):    300
 WRES SQUARE ROOT TYPE:            EIGENVALUE
0-- TABLE   1 --
 PRINTED:                NO
 HEADERS:               ONE
 FILE TO BE FORWARDED:   NO
 FORMAT:                S1PE11.4
 LFORMAT:
 RFORMAT:
0USER-CHOSEN ITEMS:
 ID TIME EVID IPRED CWRES
0-- TABLE   2 --
 PRINTED:                NO
 HEADERS:               ONE
 FILE TO BE FORWARDED:   NO
 FORMAT:                S1PE11.4
 LFORMAT:
 RFORMAT:
0USER-CHOSEN ITEMS:
 ID VMAX KM CLL V1 V2 Q ETA1 ETA2 ETA3
1DOUBLE PRECISION PREDPP VERSION 7.3.0

 GENERAL NONLINEAR KINETICS MODEL (ADVAN6)
0MODEL SUBROUTINE USER-SUPPLIED - ID NO. 9999
0MAXIMUM NO. OF BASIC PK PARAMETERS:  10
0COMPARTMENT ATTRIBUTES
 COMPT. NO.   FUNCTION   INITIAL    ON/OFF      DOSE      DEFAULT    DEFAULT
                         STATUS     ALLOWED    ALLOWED    FOR DOSE   FOR OBS.
    1         CENTRAL      ON         YES        YES        YES        YES
    2         PERIPH       ON         YES        YES        NO         NO
    3         OUTPUT       OFF        YES        NO         NO         NO
0NRD VALUE FROM SUBROUTINE TOL:   8
1
 ADDITIONAL PK PARAMETERS - ASSIGNMENT OF ROWS IN GG
 COMPT. NO.                             INDICES
              SCALE      BIOAVAIL.   ZERO-ORDER  ZERO-ORDER  ABSORB
                         FRACTION    RATE        DURATION    LAG
    1           11           *           *           *           *
    2            *           *           *           *           *
    3            *           -           -           -           -
             - PARAMETER IS NOT ALLOWED FOR THIS MODEL
             * PARAMETER IS NOT SUPPLIED BY PK SUBROUTINE;
               WILL DEFAULT TO ONE IF APPLICABLE
0DATA ITEM INDICES USED BY PRED ARE:
   EVENT ID DATA ITEM IS DATA ITEM NO.:      7
   TIME DATA ITEM IS DATA ITEM NO.:          3
   DOSE AMOUNT DATA ITEM IS DATA ITEM NO.:   4
   DOSE RATE DATA ITEM IS DATA ITEM NO.:     5

0PK SUBROUTINE CALLED WITH EVERY EVENT RECORD.
 PK SUBROUTINE NOT CALLED AT NONEVENT (ADDITIONAL OR LAGGED) DOSE TIMES.
0ERROR SUBROUTINE CALLED WITH EVERY EVENT RECORD.
0DES SUBROUTINE USES COMPACT STORAGE MODE.
1
 
 
 #TBLN:      1
 #METH: First Order Conditional Estimation
 
 ESTIMATION STEP OMITTED:                 NO  
 ANALYSIS TYPE:                           POPULATION
 CONDITIONAL ESTIMATES USED:              YES 
 CENTERED ETA:                            NO  
 EPS-ETA INTERACTION:                     NO  
 LAPLACIAN OBJ. FUNC.:                    NO  
 NO. OF FUNCT. EVALS. ALLOWED:            9999
 NO. OF SIG. FIGURES REQUIRED:            3
 INTERMEDIATE PRINTOUT:                   YES 
 ESTIMATE OUTPUT TO MSF:                  YES 
 ABORT WITH PRED EXIT CODE 1:             NO  
 IND. OBJ. FUNC. VALUES SORTED:           NO  
 NUMERICAL DERIVATIVE 
       FILE REQUEST (NUMDER):             NONE
 MAP (ETAHAT) ESTIMATION METHOD (OPTMAP): 0           
 ETA HESSIAN EVALUATION METHOD (ETADER):  0           
 INITIAL ETA FOR MAP ESTIMATION (MCETA):  0           
 SIGDIGITS FOR MAP ESTIMATION (SIGLO):    100         
 GRADIENT SIGDIGITS OF 
       FIXED EFFECTS PARAMETERS (SIGL):   100         
 EXCLUDE TITLE (NOTITLE):                 NO 
 EXCLUDE COLUMN LABELS (NOLABEL):         NO 
 NOPRIOR SETTING (NOPRIOR):               OFF
 NOCOV SETTING (NOCOV):                   OFF
 DERCONT SETTING (DERCONT):               OFF
 ABSOLUTE TOLERANCE-ADVAN 9,13 ONLY(ATOL):-100        
 FINAL ETA RE-EVALUATION (FNLETA):        ON 
 EXCLUDE NON-INFLUENTIAL (NON-INFL.) ETAS 
       IN SHRINKAGE (ETASTYPE):           NO 
 NON-INFL. ETA CORRECTION (NONINFETA):    OFF
 FORMAT FOR ADDITIONAL FILES (FORMAT):    S1PE12.5
 PARAMETER ORDER FOR OUTPUTS (ORDER):     TSOL
 ADDITIONAL CONVERGENCE TEST (CTYPE=4)?:  NO
 EM OR BAYESIAN METHOD USED:                NONE
 
 
 THE FOLLOWING LABELS ARE EQUIVALENT
 PRED=NPRED
 RES=NRES
 WRES=NWRES
 IWRS=NIWRES
 IPRD=NIPRED
 IRS=NIRES
 
 MONITORING OF SEARCH:

 
0ITERATION NO.:    0    OBJECTIVE VALUE:   5183.64646217775        NO. OF FUNC. EVALS.:  13
 CUMULATIVE NO. OF FUNC. EVALS.:       13
 NPARAMETR:  1.2000E+00  1.0000E+01  3.0000E-02  3.0000E+00  2.0000E+00  7.5000E-02  8.0000E-01  8.0000E-01  8.0000E-01  8.0000E-01
             2.5000E-01  2.5000E-01  2.5000E-01  2.0000E-01
 PARAMETER:  1.0000E-01  1.0000E-01  1.0000E-01  1.0000E-01  1.0000E-01  1.0000E-01  1.0000E-01  1.0000E-01  1.0000E-01  1.0000E-01
             1.0000E-01  1.0000E-01  1.0000E-01  1.0000E-01
 GRADIENT:   4.6330E+02 -2.7748E+02  1.5677E+02 -8.2174E+02 -2.9771E+02 -3.2042E+01 -4.9041E+02 -1.5632E+02  6.6389E+02  2.8584E+02
            -2.3607E+01 -9.4764E+01 -8.5452E+00  7.1320E+02
 
0ITERATION NO.:   10    OBJECTIVE VALUE:   4496.71416829451        NO. OF FUNC. EVALS.:  14
 CUMULATIVE NO. OF FUNC. EVALS.:      159
 NPARAMETR:  5.4443E-01  5.0223E+00  1.3364E-02  3.8397E+00  2.6329E+00  1.0893E-01  1.3639E+00 -6.2713E-02 -4.1463E-01  3.4266E-01
             2.4456E-01  5.4715E-01  3.6242E-02  1.1071E-02
 PARAMETER: -6.9033E-01 -5.8870E-01 -7.0866E-01  3.4679E-01  3.7495E-01  4.7325E-01  1.7049E-01 -7.8391E-03 -5.1829E-02  4.2833E-02
             8.8992E-02  4.9163E-01 -8.6562E-01 -1.3470E+00
 GRADIENT:   3.0236E+02 -7.7187E+01  3.5973E+02  7.1303E+02  1.0589E+02 -1.4303E+01 -1.3214E+02 -4.4553E+02 -1.4757E+03 -1.2718E+02
            -1.0216E+01 -6.2309E-02 -6.5753E+01 -1.2917E+03
 
0ITERATION NO.:   20    OBJECTIVE VALUE:   4260.15436388937        NO. OF FUNC. EVALS.:  28
 CUMULATIVE NO. OF FUNC. EVALS.:      313
 NPARAMETR:  4.9541E-01  3.6940E+00  1.4894E-02  4.0361E+00  2.8155E+00  1.1745E-01  1.1208E+00  5.7217E-01  4.3739E-01  3.4675E-01
             1.9306E-01  3.8025E-01  4.7836E-02  2.1538E-02
 PARAMETER: -7.8468E-01 -8.9587E-01 -6.0021E-01  3.9668E-01  4.4201E-01  5.4854E-01  1.4010E-01  7.1522E-02  5.4674E-02  4.3343E-02
            -2.9237E-02  3.0968E-01 -7.2684E-01 -1.0143E+00
 GRADIENT:  -1.7808E+01  2.7864E+00 -6.7613E+00  2.4951E+00  2.4528E+00  2.0006E+00  2.3565E+00 -2.0147E+00 -1.0206E+01  9.1472E-01
             9.4287E-01  1.2397E+00  7.4622E-01  7.2780E+00
 
0ITERATION NO.:   28    OBJECTIVE VALUE:   4259.60654012215        NO. OF FUNC. EVALS.:  22
 CUMULATIVE NO. OF FUNC. EVALS.:      510
 NPARAMETR:  5.3719E-01  4.2166E+00  1.4779E-02  4.0415E+00  2.7703E+00  1.1765E-01  1.1327E+00  6.2168E-01  4.4475E-01  3.0518E-01
             1.7659E-01  3.7217E-01  4.7440E-02  2.1781E-02
 PARAMETER: -7.0373E-01 -7.6355E-01 -6.0802E-01  3.9801E-01  4.2580E-01  5.5026E-01  1.4158E-01  7.7710E-02  5.5593E-02  3.8148E-02
            -7.3812E-02  2.9895E-01 -7.3100E-01 -1.0086E+00
 GRADIENT:   2.3263E-02 -3.9309E-03  1.7208E-03  2.2448E-02 -3.3843E-02  3.1972E-02 -1.0562E-01 -5.9042E-02  6.4309E-03  1.6043E-01
             1.5641E-03 -3.3567E-03  9.3753E-03  3.5482E-03
 
 #TERM:
0MINIMIZATION SUCCESSFUL
 NO. OF FUNCTION EVALUATIONS USED:      510
 NO. OF SIG. DIGITS IN FINAL EST.:  3.1

 ETABAR IS THE ARITHMETIC MEAN OF THE ETA-ESTIMATES,
 AND THE P-VALUE IS GIVEN FOR THE NULL HYPOTHESIS THAT THE TRUE MEAN IS 0.
 
 ETABAR:         8.8309E-02  9.0782E-02 -2.2933E-02
 SE:             4.3183E-02  8.3779E-02  3.4610E-02
 N:                      36          36          36
 
 P VAL.:         4.0854E-02  2.7855E-01  5.0757E-01
 
 ETAshrink(%):   3.7469E+01  1.6433E+01  3.3076E+00
 EBVshrink(%):   3.5087E+01  1.5674E+01  3.8424E+00
 EPSshrink(%):   4.7626E+00
 
 #TERE:
 Elapsed estimation time in seconds:    46.65
 Elapsed covariance time in seconds:    94.65
1
 
 
 
 
 
 
 
 
 
 
 
 
 
 
 
 
 
 
 
 
 ************************************************************************************************************************
 ********************                                                                                ********************
 ********************                        FIRST ORDER CONDITIONAL ESTIMATION                      ********************
 #OBJT:**************                       MINIMUM VALUE OF OBJECTIVE FUNCTION                      ********************
 ********************                                                                                ********************
 ************************************************************************************************************************
 





 #OBJV:********************************************     4259.607       **************************************************
1
 ************************************************************************************************************************
 ********************                                                                                ********************
 ********************                        FIRST ORDER CONDITIONAL ESTIMATION                      ********************
 ********************                             FINAL PARAMETER ESTIMATE                           ********************
 ********************                                                                                ********************
 ************************************************************************************************************************
 


 THETA - VECTOR OF FIXED EFFECTS PARAMETERS   *********


         TH 1      TH 2      TH 3      TH 4      TH 5      TH 6      TH 7      TH 8      TH 9      TH10     
 
         5.37E-01  4.22E+00  1.48E-02  4.04E+00  2.77E+00  1.18E-01  1.13E+00  6.22E-01  4.45E-01  3.05E-01
 


 OMEGA - COV MATRIX FOR RANDOM EFFECTS - ETAS  ********


            ETA1      ETA2      ETA3   
 
 ETA1
+        1.77E-01
 
 ETA2
+        0.00E+00  3.72E-01
 
 ETA3
+        0.00E+00  0.00E+00  4.74E-02
 


 SIGMA - COV MATRIX FOR RANDOM EFFECTS - EPSILONS  ****


            EPS1   
 
 EPS1
+        2.18E-02
 
1


 OMEGA - CORR MATRIX FOR RANDOM EFFECTS - ETAS  *******


            ETA1      ETA2      ETA3   
 
 ETA1
+        4.20E-01
 
 ETA2
+        0.00E+00  6.10E-01
 
 ETA3
+        0.00E+00  0.00E+00  2.18E-01
 


 SIGMA - CORR MATRIX FOR RANDOM EFFECTS - EPSILONS  ***


            EPS1   
 
 EPS1
+        1.48E-01
 
1
 ************************************************************************************************************************
 ********************                                                                                ********************
 ********************                        FIRST ORDER CONDITIONAL ESTIMATION                      ********************
 ********************                            STANDARD ERROR OF ESTIMATE                          ********************
 ********************                                                                                ********************
 ************************************************************************************************************************
 


 THETA - VECTOR OF FIXED EFFECTS PARAMETERS   *********


         TH 1      TH 2      TH 3      TH 4      TH 5      TH 6      TH 7      TH 8      TH 9      TH10     
 
         1.78E-01  2.57E+00  4.37E-03  2.02E-01  2.12E-01  1.04E-02  1.34E+00  1.62E+00  2.89E-01  2.77E-01
 


 OMEGA - COV MATRIX FOR RANDOM EFFECTS - ETAS  ********


            ETA1      ETA2      ETA3   
 
 ETA1
+        9.44E-02
 
 ETA2
+       .........  1.43E-01
 
 ETA3
+       ......... .........  8.99E-03
 


 SIGMA - COV MATRIX FOR RANDOM EFFECTS - EPSILONS  ****


            EPS1   
 
 EPS1
+        1.42E-03
 
1


 OMEGA - CORR MATRIX FOR RANDOM EFFECTS - ETAS  *******


            ETA1      ETA2      ETA3   
 
 ETA1
+        1.12E-01
 
 ETA2
+       .........  1.17E-01
 
 ETA3
+       ......... .........  2.06E-02
 


 SIGMA - CORR MATRIX FOR RANDOM EFFECTS - EPSILONS  ***


            EPS1   
 
 EPS1
+        4.81E-03
 
1
 ************************************************************************************************************************
 ********************                                                                                ********************
 ********************                        FIRST ORDER CONDITIONAL ESTIMATION                      ********************
 ********************                          COVARIANCE MATRIX OF ESTIMATE                         ********************
 ********************                                                                                ********************
 ************************************************************************************************************************
 

            TH 1      TH 2      TH 3      TH 4      TH 5      TH 6      TH 7      TH 8      TH 9      TH10      OM11      OM12  
             OM13      OM22      OM23      OM33      SG11  
 
 TH 1
+        3.16E-02
 
 TH 2
+        4.23E-01  6.59E+00
 
 TH 3
+       -5.22E-04 -6.26E-03  1.91E-05
 
 TH 4
+        2.19E-04 -9.71E-03 -1.91E-04  4.07E-02
 
 TH 5
+       -8.84E-03 -1.54E-01  8.04E-06  9.68E-04  4.50E-02
 
 TH 6
+       -4.39E-05  1.99E-03  1.45E-05 -8.52E-04  3.36E-04  1.09E-04
 
 TH 7
+        1.26E-01  2.25E+00 -2.69E-03  5.14E-02  6.74E-02  1.64E-03  1.79E+00
 
 TH 8
+       -1.25E-01 -1.87E+00  4.86E-03 -9.66E-02 -6.63E-02 -1.60E-03 -1.64E+00  2.63E+00
 
 TH 9
+        4.90E-03  3.36E-02 -3.69E-04  3.29E-02  5.39E-03  1.18E-04  1.09E-01 -2.24E-01  8.35E-02
 
 TH10
+        3.33E-03 -1.28E-02 -2.17E-04  5.17E-03  2.94E-02  3.15E-04  1.30E-01 -1.89E-01  2.60E-02  7.67E-02
 
 OM11
+        4.21E-03  9.88E-02 -7.10E-05  2.87E-03 -4.02E-03  1.10E-04  3.64E-02 -3.53E-02  1.25E-03 -4.90E-03  8.91E-03
 
 OM12
+       ......... ......... ......... ......... ......... ......... ......... ......... ......... ......... ......... .........
 
 OM13
+       ......... ......... ......... ......... ......... ......... ......... ......... ......... ......... ......... .........
         .........
 
 OM22
+        9.51E-03  1.05E-01 -1.63E-04 -8.62E-03 -6.38E-03 -3.80E-04  7.33E-05  3.79E-02 -1.61E-02 -5.89E-03  4.10E-04 .........
         .........  2.04E-02
 
 OM23
+       ......... ......... ......... ......... ......... ......... ......... ......... ......... ......... ......... .........
         ......... ......... .........
 
 OM33
+        3.35E-04  4.49E-03 -3.51E-09 -1.17E-04  1.63E-04  1.67E-05  1.85E-03  2.15E-03 -1.91E-04  8.32E-05  1.79E-06 .........
         .........  5.25E-04 .........  8.09E-05
 
 SG11
+        6.51E-05  9.13E-04 -1.52E-07 -1.84E-05  4.62E-05  1.36E-06  5.09E-04 -2.46E-04  7.23E-05 -2.37E-05 -3.17E-05 .........
         ......... -2.82E-05 .........  4.84E-08  2.01E-06
 
1
 ************************************************************************************************************************
 ********************                                                                                ********************
 ********************                        FIRST ORDER CONDITIONAL ESTIMATION                      ********************
 ********************                          CORRELATION MATRIX OF ESTIMATE                        ********************
 ********************                                                                                ********************
 ************************************************************************************************************************
 

            TH 1      TH 2      TH 3      TH 4      TH 5      TH 6      TH 7      TH 8      TH 9      TH10      OM11      OM12  
             OM13      OM22      OM23      OM33      SG11  
 
 TH 1
+        1.78E-01
 
 TH 2
+        9.27E-01  2.57E+00
 
 TH 3
+       -6.71E-01 -5.58E-01  4.37E-03
 
 TH 4
+        6.11E-03 -1.87E-02 -2.17E-01  2.02E-01
 
 TH 5
+       -2.34E-01 -2.83E-01  8.67E-03  2.26E-02  2.12E-01
 
 TH 6
+       -2.36E-02  7.44E-02  3.19E-01 -4.05E-01  1.52E-01  1.04E-02
 
 TH 7
+        5.29E-01  6.56E-01 -4.60E-01  1.90E-01  2.37E-01  1.18E-01  1.34E+00
 
 TH 8
+       -4.32E-01 -4.49E-01  6.86E-01 -2.95E-01 -1.93E-01 -9.46E-02 -7.54E-01  1.62E+00
 
 TH 9
+        9.54E-02  4.53E-02 -2.92E-01  5.64E-01  8.79E-02  3.92E-02  2.83E-01 -4.77E-01  2.89E-01
 
 TH10
+        6.77E-02 -1.80E-02 -1.79E-01  9.25E-02  5.00E-01  1.09E-01  3.51E-01 -4.21E-01  3.25E-01  2.77E-01
 
 OM11
+        2.51E-01  4.08E-01 -1.72E-01  1.51E-01 -2.01E-01  1.11E-01  2.88E-01 -2.31E-01  4.58E-02 -1.87E-01  9.44E-02
 
 OM12
+       ......... ......... ......... ......... ......... ......... ......... ......... ......... ......... ......... .........
 
 OM13
+       ......... ......... ......... ......... ......... ......... ......... ......... ......... ......... ......... .........
         .........
 
 OM22
+        3.74E-01  2.86E-01 -2.61E-01 -2.99E-01 -2.11E-01 -2.55E-01  3.83E-04  1.64E-01 -3.91E-01 -1.49E-01  3.04E-02 .........
         .........  1.43E-01
 
 OM23
+       ......... ......... ......... ......... ......... ......... ......... ......... ......... ......... ......... .........
         ......... ......... .........
 
 OM33
+        2.10E-01  1.94E-01 -8.92E-05 -6.46E-02  8.56E-02  1.78E-01  1.53E-01  1.47E-01 -7.36E-02  3.34E-02  2.11E-03 .........
         .........  4.09E-01 .........  8.99E-03
 
 SG11
+        2.58E-01  2.51E-01 -2.45E-02 -6.43E-02  1.53E-01  9.20E-02  2.68E-01 -1.07E-01  1.76E-01 -6.03E-02 -2.36E-01 .........
         ......... -1.39E-01 .........  3.79E-03  1.42E-03
 
1
 ************************************************************************************************************************
 ********************                                                                                ********************
 ********************                        FIRST ORDER CONDITIONAL ESTIMATION                      ********************
 ********************                      INVERSE COVARIANCE MATRIX OF ESTIMATE                     ********************
 ********************                                                                                ********************
 ************************************************************************************************************************
 

            TH 1      TH 2      TH 3      TH 4      TH 5      TH 6      TH 7      TH 8      TH 9      TH10      OM11      OM12  
             OM13      OM22      OM23      OM33      SG11  
 
 TH 1
+        6.38E+02
 
 TH 2
+       -4.52E+01  4.30E+00
 
 TH 3
+        4.66E+03  1.36E+02  4.49E+05
 
 TH 4
+       -4.80E+01  1.64E+00 -2.15E+03  8.00E+01
 
 TH 5
+       -3.19E+01  8.09E+00  2.27E+03 -1.02E+01  6.67E+01
 
 TH 6
+       -4.18E+02 -6.90E+01 -8.66E+04  1.14E+03 -5.43E+02  3.72E+04
 
 TH 7
+        2.73E+01 -3.49E+00 -6.53E+02  4.99E-01 -1.00E+01  1.65E+02  5.61E+00
 
 TH 8
+        1.72E+00 -1.17E+00 -1.02E+03  5.08E+00 -5.72E+00  2.29E+02  3.30E+00  4.01E+00
 
 TH 9
+       -9.12E+00  2.79E+00  1.33E+03 -2.70E+01  1.80E+01 -4.23E+02 -2.17E+00 -1.44E+00  3.37E+01
 
 TH10
+       -4.72E+01  1.96E+00 -1.22E+03  1.39E+01 -1.79E+01  2.30E+02 -1.28E+00  2.68E+00 -1.05E+01  3.20E+01
 
 OM11
+        9.65E+01 -1.15E+01 -3.76E+02 -1.96E+01 -2.16E+01 -2.41E+02  3.16E+00  1.79E+00 -9.61E+00  1.99E+01  2.18E+02
 
 OM12
+       ......... ......... ......... ......... ......... ......... ......... ......... ......... ......... ......... .........
 
 OM13
+       ......... ......... ......... ......... ......... ......... ......... ......... ......... ......... ......... .........
         .........
 
 OM22
+       -9.93E+01  6.55E+00  5.19E+02  3.80E+01  1.40E+01  6.09E+02 -5.44E+00 -2.22E+00  1.00E+01  7.59E+00 -1.64E+01 .........
         .........  1.34E+02
 
 OM23
+       ......... ......... ......... ......... ......... ......... ......... ......... ......... ......... ......... .........
         ......... ......... .........
 
 OM33
+       -5.52E+01  2.18E+01  2.65E+04 -4.64E+02 -8.99E-01 -1.44E+04 -1.17E+02 -1.44E+02  9.60E+00 -5.56E+01  2.36E+02 .........
         ......... -7.23E+02 .........  2.50E+04
 
 SG11
+       -6.00E+03 -3.42E+01 -2.13E+05  2.70E+03 -2.89E+03  4.54E+04 -2.02E+02  1.62E+02 -2.21E+03  2.75E+03  5.72E+03 .........
         .........  2.36E+03 .........  3.32E+03  1.06E+06
 
 #CPUT: Total CPU Time in Seconds,      141.753
Stop Time:
Tue Oct 15 13:24:46 UTC 2019
