Fri Oct 25 12:03:14 UTC 2019
GNU Fortran (Ubuntu 6.2.0-3ubuntu11~14.04) 6.2.0 20160901
Copyright (C) 2016 Free Software Foundation, Inc.
This is free software; see the source for copying conditions.  There is NO
warranty; not even for MERCHANTABILITY or FITNESS FOR A PARTICULAR PURPOSE.

$PROB RUN# 1 DIRECT POPULATION PKPD MODEL
$INPUT C ID AMT TIME DV TYPE DROP
;TYPE 0 = PK, TYPE 1=PD
;DV=PK & PD DATA ORDERED BY ID, TIME
$DATA ../pkpd.csv IGNORE=C ;combined data set
$SUBROUTINE ADVAN2 TRANS2

$PK
 KA=THETA(1)*EXP(ETA(1))
 CL=THETA(2)*EXP(ETA(2))
 V=THETA(3)*EXP(ETA(3))
 S2=V
$ERROR
EMAX=THETA(4)*EXP(ETA(4))
EC50=THETA(5)*EXP(ETA(5))
E0=THETA(6)*EXP(ETA(6))
EFF=E0+EMAX*F/(EC50+F)+ERR(2)
CONC=F + F*ERR(1)
Y=EFF*TYPE + CONC*(1-TYPE)
TYP2=TYPE
IPRED=Y

$THETA
(0, 1.7)     ;KA
(0, 4.7)     ;CL
(0, 38)     ;V
(0, 100) ;EMAX
(0,5)  ;EC50
(0, 60) ;E0
$OMEGA
0.04
0.04
0.04
0.04
0.04
0.04
 
$SIGMA
0.04
5
$ESTIMATION MAXEVAL=9999 METHOD=1 POSTHOC MSFO=./1.msf
$COV
$TABLE NOPRINT FILE=./1.tab ONEHEADER
ID TIME TYPE EVID EFF CONC IPRED TYP2

NM-TRAN MESSAGES
  
 WARNINGS AND ERRORS (IF ANY) FOR PROBLEM    1
             
 (WARNING  2) NM-TRAN INFERS THAT THE DATA ARE POPULATION.
Note: The following floating-point exceptions are signalling: IEEE_INVALID_FLAG IEEE_DIVIDE_BY_ZERO

License Registered to: Metrum Research Group
Expiration Date:    14 JUL 2020
Current Date:       25 OCT 2019
Days until program expires : 264
1NONLINEAR MIXED EFFECTS MODEL PROGRAM (NONMEM) VERSION 7.3.0
 ORIGINALLY DEVELOPED BY STUART BEAL, LEWIS SHEINER, AND ALISON BOECKMANN
 CURRENT DEVELOPERS ARE ROBERT BAUER, ICON DEVELOPMENT SOLUTIONS,
 AND ALISON BOECKMANN. IMPLEMENTATION, EFFICIENCY, AND STANDARDIZATION
 PERFORMED BY NOUS INFOSYSTEMS.

 PROBLEM NO.:         1
 RUN# 1 DIRECT POPULATION PKPD MODEL
0DATA CHECKOUT RUN:              NO
 DATA SET LOCATED ON UNIT NO.:    2
 THIS UNIT TO BE REWOUND:        NO
 NO. OF DATA RECS IN DATA SET:      460
 NO. OF DATA ITEMS IN DATA SET:   8
 ID DATA ITEM IS DATA ITEM NO.:   2
 DEP VARIABLE IS DATA ITEM NO.:   5
 MDV DATA ITEM IS DATA ITEM NO.:  8
0INDICES PASSED TO SUBROUTINE PRED:
   7   4   3   0   0   0   0   0   0   0   0
0LABELS FOR DATA ITEMS:
 C ID AMT TIME DV TYPE EVID MDV
0(NONBLANK) LABELS FOR PRED-DEFINED ITEMS:
 EFF CONC TYP2 IPRED
0FORMAT FOR DATA:
 (6E7.0,2F2.0)

 TOT. NO. OF OBS RECS:      440
 TOT. NO. OF INDIVIDUALS:     20
0LENGTH OF THETA:   6
0DEFAULT THETA BOUNDARY TEST OMITTED:    NO
0OMEGA HAS SIMPLE DIAGONAL FORM WITH DIMENSION:   6
0DEFAULT OMEGA BOUNDARY TEST OMITTED:    NO
0SIGMA HAS SIMPLE DIAGONAL FORM WITH DIMENSION:   2
0DEFAULT SIGMA BOUNDARY TEST OMITTED:    NO
0INITIAL ESTIMATE OF THETA:
 LOWER BOUND    INITIAL EST    UPPER BOUND
  0.0000E+00     0.1700E+01     0.1000E+07
  0.0000E+00     0.4700E+01     0.1000E+07
  0.0000E+00     0.3800E+02     0.1000E+07
  0.0000E+00     0.1000E+03     0.1000E+07
  0.0000E+00     0.5000E+01     0.1000E+07
  0.0000E+00     0.6000E+02     0.1000E+07
0INITIAL ESTIMATE OF OMEGA:
 0.4000E-01
 0.0000E+00   0.4000E-01
 0.0000E+00   0.0000E+00   0.4000E-01
 0.0000E+00   0.0000E+00   0.0000E+00   0.4000E-01
 0.0000E+00   0.0000E+00   0.0000E+00   0.0000E+00   0.4000E-01
 0.0000E+00   0.0000E+00   0.0000E+00   0.0000E+00   0.0000E+00   0.4000E-01
0INITIAL ESTIMATE OF SIGMA:
 0.4000E-01
 0.0000E+00   0.5000E+01
0COVARIANCE STEP OMITTED:        NO
 EIGENVLS. PRINTED:              NO
 SPECIAL COMPUTATION:            NO
 COMPRESSED FORMAT:              NO
 SIGDIGITS ETAHAT (SIGLO):                  -1
 SIGDIGITS GRADIENTS (SIGL):                -1
 RELATIVE TOLERANCE (TOL):                  -1
 ABSOLUTE TOLERANCE-ADVAN 9,13 ONLY (ATOL): -1
 EXCLUDE COV FOR FOCE (NOFCOV):              NO
 RESUME COV ANALYSIS (RESUME):               NO
0TABLES STEP OMITTED:    NO
 NO. OF TABLES:           1
 SEED NUMBER (SEED):    11456
 RANMETHOD:
 MC SAMPLES (ESEED):    300
 WRES SQUARE ROOT TYPE:            EIGENVALUE
0-- TABLE   1 --
 PRINTED:                NO
 HEADER:                YES
 FILE TO BE FORWARDED:   NO
 FORMAT:                S1PE11.4
 LFORMAT:
 RFORMAT:
0USER-CHOSEN ITEMS:
 ID TIME TYPE EVID EFF CONC IPRED TYP2
1DOUBLE PRECISION PREDPP VERSION 7.3.0

 ONE COMPARTMENT MODEL WITH FIRST-ORDER ABSORPTION (ADVAN2)
0MAXIMUM NO. OF BASIC PK PARAMETERS:   3
0BASIC PK PARAMETERS (AFTER TRANSLATION):
   ELIMINATION RATE (K) IS BASIC PK PARAMETER NO.:  1
   ABSORPTION RATE (KA) IS BASIC PK PARAMETER NO.:  3

 TRANSLATOR WILL CONVERT PARAMETERS
 CLEARANCE (CL) AND VOLUME (V) TO K (TRANS2)
0COMPARTMENT ATTRIBUTES
 COMPT. NO.   FUNCTION   INITIAL    ON/OFF      DOSE      DEFAULT    DEFAULT
                         STATUS     ALLOWED    ALLOWED    FOR DOSE   FOR OBS.
    1         DEPOT        OFF        YES        YES        YES        NO
    2         CENTRAL      ON         NO         YES        NO         YES
    3         OUTPUT       OFF        YES        NO         NO         NO
1
 ADDITIONAL PK PARAMETERS - ASSIGNMENT OF ROWS IN GG
 COMPT. NO.                             INDICES
              SCALE      BIOAVAIL.   ZERO-ORDER  ZERO-ORDER  ABSORB
                         FRACTION    RATE        DURATION    LAG
    1            *           *           *           *           *
    2            4           *           *           *           *
    3            *           -           -           -           -
             - PARAMETER IS NOT ALLOWED FOR THIS MODEL
             * PARAMETER IS NOT SUPPLIED BY PK SUBROUTINE;
               WILL DEFAULT TO ONE IF APPLICABLE
0DATA ITEM INDICES USED BY PRED ARE:
   EVENT ID DATA ITEM IS DATA ITEM NO.:      7
   TIME DATA ITEM IS DATA ITEM NO.:          4
   DOSE AMOUNT DATA ITEM IS DATA ITEM NO.:   3

0PK SUBROUTINE CALLED WITH EVERY EVENT RECORD.
 PK SUBROUTINE NOT CALLED AT NONEVENT (ADDITIONAL OR LAGGED) DOSE TIMES.
0ERROR SUBROUTINE CALLED WITH EVERY EVENT RECORD.
1


 #TBLN:      1
 #METH: First Order Conditional Estimation

 ESTIMATION STEP OMITTED:                 NO  
 ANALYSIS TYPE:                           POPULATION
 CONDITIONAL ESTIMATES USED:              YES 
 CENTERED ETA:                            NO  
 EPS-ETA INTERACTION:                     NO  
 LAPLACIAN OBJ. FUNC.:                    NO  
 NO. OF FUNCT. EVALS. ALLOWED:            9999
 NO. OF SIG. FIGURES REQUIRED:            3
 INTERMEDIATE PRINTOUT:                   YES 
 ESTIMATE OUTPUT TO MSF:                  YES 
 IND. OBJ. FUNC. VALUES SORTED:           NO  
 NUMERICAL DERIVATIVE 
       FILE REQUEST (NUMDER):             NONE
 MAP (ETAHAT) ESTIMATION METHOD (OPTMAP): 0           
 ETA HESSIAN EVALUATION METHOD (ETADER):  0           
 INITIAL ETA FOR MAP ESTIMATION (MCETA):  0           
 SIGDIGITS FOR MAP ESTIMATION (SIGLO):    100         
 GRADIENT SIGDIGITS OF 
       FIXED EFFECTS PARAMETERS (SIGL):   100         
 EXCLUDE TITLE (NOTITLE):                 NO 
 EXCLUDE COLUMN LABELS (NOLABEL):         NO 
 NOPRIOR SETTING (NOPRIOR):               OFF
 NOCOV SETTING (NOCOV):                   OFF
 DERCONT SETTING (DERCONT):               OFF
 ABSOLUTE TOLERANCE-ADVAN 9,13 ONLY(ATOL):-100        
 FINAL ETA RE-EVALUATION (FNLETA):        ON 
 EXCLUDE NON-INFLUENTIAL (NON-INFL.) ETAS 
       IN SHRINKAGE (ETASTYPE):           NO 
 NON-INFL. ETA CORRECTION (NONINFETA):    OFF
 FORMAT FOR ADDITIONAL FILES (FORMAT):    S1PE12.5
 PARAMETER ORDER FOR OUTPUTS (ORDER):     TSOL
 ADDITIONAL CONVERGENCE TEST (CTYPE=4)?:  NO
 EM OR BAYESIAN METHOD USED:                NONE


 THE FOLLOWING LABELS ARE EQUIVALENT
 PRED=NPRED
 RES=NRES
 WRES=NWRES
 IWRS=NIWRES
 IPRD=NIPRED
 IRS=NIRES

 MONITORING OF SEARCH:


0ITERATION NO.:    0    OBJECTIVE VALUE:   9362.72299943085        NO. OF FUNC. EVALS.:  10
 CUMULATIVE NO. OF FUNC. EVALS.:       10
 NPARAMETR:  1.7000E+00  4.7000E+00  3.8000E+01  1.0000E+02  5.0000E+00  6.0000E+01  4.0000E-02  4.0000E-02  4.0000E-02  4.0000E-02
             4.0000E-02  4.0000E-02  4.0000E-02  5.0000E+00
 PARAMETER:  1.0000E-01  1.0000E-01  1.0000E-01  1.0000E-01  1.0000E-01  1.0000E-01  1.0000E-01  1.0000E-01  1.0000E-01  1.0000E-01
             1.0000E-01  1.0000E-01  1.0000E-01  1.0000E-01
 GRADIENT:   8.6513E+02  3.4970E+03 -1.8987E+02  2.4758E+02 -3.1635E+02  3.2248E+01 -3.9010E+03 -1.4614E+02 -1.5992E+02 -2.7733E+02
            -1.5090E+02 -4.9566E+00 -3.9576E+03 -8.2827E+03

0ITERATION NO.:   52    OBJECTIVE VALUE:   1677.48396886578        NO. OF FUNC. EVALS.:  16
 CUMULATIVE NO. OF FUNC. EVALS.:      748
 NPARAMETR:  1.3334E+00  4.7327E+00  3.5428E+01  4.3218E+00  4.6145E+00  7.8208E+01  5.7479E-02  4.1118E-02  1.9635E-02  4.0000E-06
             6.9187E+01  3.1760E-02  4.6139E-02  2.6768E+02
 PARAMETER: -1.4293E-01  1.0693E-01  2.9920E-02 -3.0415E+00  1.9770E-02  3.6502E-01  2.8127E-01  1.1378E-01 -2.5578E-01 -4.9707E+00
             3.8278E+00 -1.5343E-02  1.7139E-01  2.0902E+00
 GRADIENT:  -1.7467E-04  4.4687E-04 -3.9370E-05 -5.8858E-05  2.6708E-05 -6.6929E-04 -4.1112E-05  5.5067E-05 -4.2020E-05  0.0000E+00
            -7.4772E-05  8.0318E-05 -6.8034E-05 -3.0787E-04

 #TERM:
0MINIMIZATION SUCCESSFUL
 NO. OF FUNCTION EVALUATIONS USED:      748
 NO. OF SIG. DIGITS IN FINAL EST.:  3.5
0PARAMETER ESTIMATE IS NEAR ITS BOUNDARY
 THIS MUST BE ADDRESSED BEFORE THE COVARIANCE STEP CAN BE IMPLEMENTED

 ETABAR IS THE ARITHMETIC MEAN OF THE ETA-ESTIMATES,
 AND THE P-VALUE IS GIVEN FOR THE NULL HYPOTHESIS THAT THE TRUE MEAN IS 0.

 ETABAR:         3.2982E-02 -1.1460E-02 -9.9843E-04  4.2800E-07 -5.3785E-01  3.5087E-04
 SE:             3.9905E-02  4.2505E-02  2.6352E-02  1.7809E-07  5.3226E-01  3.6699E-02
 N:                      20          20          20          20          20          20

 P VAL.:         4.0851E-01  7.8745E-01  9.6978E-01  1.6248E-02  3.1225E-01  9.9237E-01

 ETAshrink(%):   2.3629E+01  3.8217E+00  1.3712E+01  9.9959E+01  7.0640E+01  5.5129E+00
 EBVshrink(%):   2.4256E+01  4.7188E+00  1.5345E+01  9.9951E+01  5.8526E+01  8.2814E+00
 EPSshrink(%):   1.0361E+01  4.3454E+00

 #TERE:
 Elapsed estimation time in seconds:     6.02
1
 
 
 
 
 
 
 
 
 
 
 
 
 
 
 
 
 
 
 
 
 ************************************************************************************************************************
 ********************                                                                                ********************
 ********************                        FIRST ORDER CONDITIONAL ESTIMATION                      ********************
 #OBJT:**************                       MINIMUM VALUE OF OBJECTIVE FUNCTION                      ********************
 ********************                                                                                ********************
 ************************************************************************************************************************
 





 #OBJV:********************************************     1677.484       **************************************************
1
 ************************************************************************************************************************
 ********************                                                                                ********************
 ********************                        FIRST ORDER CONDITIONAL ESTIMATION                      ********************
 ********************                             FINAL PARAMETER ESTIMATE                           ********************
 ********************                                                                                ********************
 ************************************************************************************************************************
 


 THETA - VECTOR OF FIXED EFFECTS PARAMETERS   *********


         TH 1      TH 2      TH 3      TH 4      TH 5      TH 6     
 
         1.33E+00  4.73E+00  3.54E+01  4.32E+00  4.61E+00  7.82E+01
 


 OMEGA - COV MATRIX FOR RANDOM EFFECTS - ETAS  ********


            ETA1      ETA2      ETA3      ETA4      ETA5      ETA6   
 
 ETA1
+        5.75E-02
 
 ETA2
+        0.00E+00  4.11E-02
 
 ETA3
+        0.00E+00  0.00E+00  1.96E-02
 
 ETA4
+        0.00E+00  0.00E+00  0.00E+00  4.00E-06
 
 ETA5
+        0.00E+00  0.00E+00  0.00E+00  0.00E+00  6.92E+01
 
 ETA6
+        0.00E+00  0.00E+00  0.00E+00  0.00E+00  0.00E+00  3.18E-02
 


 SIGMA - COV MATRIX FOR RANDOM EFFECTS - EPSILONS  ****


            EPS1      EPS2   
 
 EPS1
+        4.61E-02
 
 EPS2
+        0.00E+00  2.68E+02
 
1


 OMEGA - CORR MATRIX FOR RANDOM EFFECTS - ETAS  *******


            ETA1      ETA2      ETA3      ETA4      ETA5      ETA6   
 
 ETA1
+        2.40E-01
 
 ETA2
+        0.00E+00  2.03E-01
 
 ETA3
+        0.00E+00  0.00E+00  1.40E-01
 
 ETA4
+        0.00E+00  0.00E+00  0.00E+00  2.00E-03
 
 ETA5
+        0.00E+00  0.00E+00  0.00E+00  0.00E+00  8.32E+00
 
 ETA6
+        0.00E+00  0.00E+00  0.00E+00  0.00E+00  0.00E+00  1.78E-01
 


 SIGMA - CORR MATRIX FOR RANDOM EFFECTS - EPSILONS  ***


            EPS1      EPS2   
 
 EPS1
+        2.15E-01
 
 EPS2
+        0.00E+00  1.64E+01
 
 #CPUT: Total CPU Time in Seconds,        6.078
Stop Time:
Fri Oct 25 12:03:27 UTC 2019
