Fri Nov  1 21:38:04 EDT 2019
$PROBLEM PK model 1 cmt base

$INPUT ID TIME MDV EVID DV AMT  SEX WT ETN	   
$DATA ../../../../../acop.csv IGNORE=@
$SUBROUTINES ADVAN2 TRANS2

$PK
ET=1
IF(ETN.EQ.3) ET=1.3
KA = THETA(1)*EXP(ETA(1))
CL = THETA(2)*((WT/70)**0.75)* EXP(ETA(2))
V = THETA(3)*EXP(ETA(3))
SC=V


$THETA
(0, 2)  ; KA
(0, 3)  ; CL
(0, 10) ; V2
(0.02)  ; RUVp
(1)     ; RUVa

$OMEGA 
0.04
$OMEGA BLOCK(2)
0.05    ; iiv CL
0.01 0.2     ; iiv V2  

$SIGMA	
1 FIX

$ERROR
IPRED = F
IRES = DV-IPRED
W = IPRED*THETA(4) + THETA(5)
IF (W.EQ.0) W = 1
IWRES = IRES/W
Y= IPRED+W*ERR(1)

$EST METHOD=1 INTERACTION MAXEVAL=9999 SIG=3 PRINT=5 NOABORT POSTHOC
$COV

NM-TRAN MESSAGES
  
 WARNINGS AND ERRORS (IF ANY) FOR PROBLEM    1
             
 (WARNING  2) NM-TRAN INFERS THAT THE DATA ARE POPULATION.

License Registered to: Metrum Research Group
Expiration Date:    14 JUL 2020
Current Date:        1 NOV 2019
Days until program expires : 258
1NONLINEAR MIXED EFFECTS MODEL PROGRAM (NONMEM) VERSION 7.4.3
 ORIGINALLY DEVELOPED BY STUART BEAL, LEWIS SHEINER, AND ALISON BOECKMANN
 CURRENT DEVELOPERS ARE ROBERT BAUER, ICON DEVELOPMENT SOLUTIONS,
 AND ALISON BOECKMANN. IMPLEMENTATION, EFFICIENCY, AND STANDARDIZATION
 PERFORMED BY NOUS INFOSYSTEMS.

 PROBLEM NO.:         1
 PK model 1 cmt base
0DATA CHECKOUT RUN:              NO
 DATA SET LOCATED ON UNIT NO.:    2
 THIS UNIT TO BE REWOUND:        NO
 NO. OF DATA RECS IN DATA SET:      799
 NO. OF DATA ITEMS IN DATA SET:   9
 ID DATA ITEM IS DATA ITEM NO.:   1
 DEP VARIABLE IS DATA ITEM NO.:   5
 MDV DATA ITEM IS DATA ITEM NO.:  3
0INDICES PASSED TO SUBROUTINE PRED:
   4   2   6   0   0   0   0   0   0   0   0
0LABELS FOR DATA ITEMS:
 ID TIME MDV EVID DV AMT SEX WT ETN
0FORMAT FOR DATA:
 (E3.0,E5.0,2E2.0,E10.0,E6.0,E2.0,E5.0,E2.0)

 TOT. NO. OF OBS RECS:      760
 TOT. NO. OF INDIVIDUALS:       40
0LENGTH OF THETA:   5
0DEFAULT THETA BOUNDARY TEST OMITTED:    NO
0OMEGA HAS BLOCK FORM:
  1
  0  2
  0  2  2
0DEFAULT OMEGA BOUNDARY TEST OMITTED:    NO
0SIGMA HAS SIMPLE DIAGONAL FORM WITH DIMENSION:   1
0DEFAULT SIGMA BOUNDARY TEST OMITTED:    NO
0INITIAL ESTIMATE OF THETA:
 LOWER BOUND    INITIAL EST    UPPER BOUND
  0.0000E+00     0.2000E+01     0.1000E+07
  0.0000E+00     0.3000E+01     0.1000E+07
  0.0000E+00     0.1000E+02     0.1000E+07
 -0.1000E+07     0.2000E-01     0.1000E+07
 -0.1000E+07     0.1000E+01     0.1000E+07
0INITIAL ESTIMATE OF OMEGA:
 BLOCK SET NO.   BLOCK                                                                    FIXED
        1                                                                                   NO
                  0.4000E-01
        2                                                                                   NO
                  0.5000E-01
                  0.1000E-01   0.2000E+00
0INITIAL ESTIMATE OF SIGMA:
 0.1000E+01
0SIGMA CONSTRAINED TO BE THIS INITIAL ESTIMATE
0COVARIANCE STEP OMITTED:        NO
 EIGENVLS. PRINTED:              NO
 SPECIAL COMPUTATION:            NO
 COMPRESSED FORMAT:              NO
 GRADIENT METHOD USED:     NOSLOW
 SIGDIGITS ETAHAT (SIGLO):                  -1
 SIGDIGITS GRADIENTS (SIGL):                -1
 EXCLUDE COV FOR FOCE (NOFCOV):              NO
 TURN OFF Cholesky Transposition of R Matrix (CHOLROFF): NO
 KNUTHSUMOFF:                                -1
 RESUME COV ANALYSIS (RESUME):               NO
 SIR SAMPLE SIZE (SIRSAMPLE):              -1
 NON-LINEARLY TRANSFORM THETAS DURING COV (THBND): 1
 PRECONDTIONING CYCLES (PRECOND):        0
 PRECONDTIONING TYPES (PRECONDS):        TOS
 FORCED PRECONDTIONING CYCLES (PFCOND):0
 PRECONDTIONING TYPE (PRETYPE):        0
 FORCED POS. DEFINITE SETTING: (FPOSDEF):0
1DOUBLE PRECISION PREDPP VERSION 7.4.3

 ONE COMPARTMENT MODEL WITH FIRST-ORDER ABSORPTION (ADVAN2)
0MAXIMUM NO. OF BASIC PK PARAMETERS:   3
0BASIC PK PARAMETERS (AFTER TRANSLATION):
   ELIMINATION RATE (K) IS BASIC PK PARAMETER NO.:  1
   ABSORPTION RATE (KA) IS BASIC PK PARAMETER NO.:  3

 TRANSLATOR WILL CONVERT PARAMETERS
 CLEARANCE (CL) AND VOLUME (V) TO K (TRANS2)
0COMPARTMENT ATTRIBUTES
 COMPT. NO.   FUNCTION   INITIAL    ON/OFF      DOSE      DEFAULT    DEFAULT
                         STATUS     ALLOWED    ALLOWED    FOR DOSE   FOR OBS.
    1         DEPOT        OFF        YES        YES        YES        NO
    2         CENTRAL      ON         NO         YES        NO         YES
    3         OUTPUT       OFF        YES        NO         NO         NO
1
 ADDITIONAL PK PARAMETERS - ASSIGNMENT OF ROWS IN GG
 COMPT. NO.                             INDICES
              SCALE      BIOAVAIL.   ZERO-ORDER  ZERO-ORDER  ABSORB
                         FRACTION    RATE        DURATION    LAG
    1            *           *           *           *           *
    2            4           *           *           *           *
    3            *           -           -           -           -
             - PARAMETER IS NOT ALLOWED FOR THIS MODEL
             * PARAMETER IS NOT SUPPLIED BY PK SUBROUTINE;
               WILL DEFAULT TO ONE IF APPLICABLE
0DATA ITEM INDICES USED BY PRED ARE:
   EVENT ID DATA ITEM IS DATA ITEM NO.:      4
   TIME DATA ITEM IS DATA ITEM NO.:          2
   DOSE AMOUNT DATA ITEM IS DATA ITEM NO.:   6

0PK SUBROUTINE CALLED WITH EVERY EVENT RECORD.
 PK SUBROUTINE NOT CALLED AT NONEVENT (ADDITIONAL OR LAGGED) DOSE TIMES.
0ERROR SUBROUTINE CALLED WITH EVERY EVENT RECORD.
1


 #TBLN:      1
 #METH: First Order Conditional Estimation with Interaction

 ESTIMATION STEP OMITTED:                 NO
 ANALYSIS TYPE:                           POPULATION
 NUMBER OF SADDLE POINT RESET ITERATIONS:      0
 GRADIENT METHOD USED:               NOSLOW
 CONDITIONAL ESTIMATES USED:              YES
 CENTERED ETA:                            NO
 EPS-ETA INTERACTION:                     YES
 LAPLACIAN OBJ. FUNC.:                    NO
 NO. OF FUNCT. EVALS. ALLOWED:            9999
 NO. OF SIG. FIGURES REQUIRED:            3
 INTERMEDIATE PRINTOUT:                   YES
 ESTIMATE OUTPUT TO MSF:                  NO
 ABORT WITH PRED EXIT CODE 1:             NO
 IND. OBJ. FUNC. VALUES SORTED:           NO
 NUMERICAL DERIVATIVE
       FILE REQUEST (NUMDER):               NONE
 MAP (ETAHAT) ESTIMATION METHOD (OPTMAP):   0
 ETA HESSIAN EVALUATION METHOD (ETADER):    0
 INITIAL ETA FOR MAP ESTIMATION (MCETA):    0
 SIGDIGITS FOR MAP ESTIMATION (SIGLO):      100
 GRADIENT SIGDIGITS OF
       FIXED EFFECTS PARAMETERS (SIGL):     100
 NOPRIOR SETTING (NOPRIOR):                 OFF
 NOCOV SETTING (NOCOV):                     OFF
 DERCONT SETTING (DERCONT):                 OFF
 FINAL ETA RE-EVALUATION (FNLETA):          ON
 EXCLUDE NON-INFLUENTIAL (NON-INFL.) ETAS
       IN SHRINKAGE (ETASTYPE):             NO
 NON-INFL. ETA CORRECTION (NONINFETA):      OFF
 RAW OUTPUT FILE (FILE): multiomega.ext
 EXCLUDE TITLE (NOTITLE):                   NO
 EXCLUDE COLUMN LABELS (NOLABEL):           NO
 FORMAT FOR ADDITIONAL FILES (FORMAT):      S1PE12.5
 PARAMETER ORDER FOR OUTPUTS (ORDER):       TSOL
 WISHART PRIOR DF INTERPRETATION (WISHTYPE):0
 KNUTHSUMOFF:                               0
 INCLUDE LNTWOPI:                           NO
 INCLUDE CONSTANT TERM TO PRIOR (PRIORC):   NO
 INCLUDE CONSTANT TERM TO OMEGA (ETA) (OLNTWOPI):NO
 ADDITIONAL CONVERGENCE TEST (CTYPE=4)?:    NO
 EM OR BAYESIAN METHOD USED:                 NONE


 THE FOLLOWING LABELS ARE EQUIVALENT
 PRED=PREDI
 RES=RESI
 WRES=WRESI
 IWRS=IWRESI
 IPRD=IPREDI
 IRS=IRESI

 MONITORING OF SEARCH:


0ITERATION NO.:    0    OBJECTIVE VALUE:   20801.8813041413        NO. OF FUNC. EVALS.:   7
 CUMULATIVE NO. OF FUNC. EVALS.:        7
 NPARAMETR:  2.0000E+00  3.0000E+00  1.0000E+01  2.0000E-02  1.0000E+00  4.0000E-02  5.0000E-02  1.0000E-02  2.0000E-01
 PARAMETER:  1.0000E-01  1.0000E-01  1.0000E-01  1.0000E-01  1.0000E-01  1.0000E-01  1.0000E-01  1.0000E-01  1.0000E-01
 GRADIENT:   4.4743E+03 -4.3261E+03 -3.8538E+02 -6.2852E+03 -1.1235E+05 -1.2449E+04 -1.3157E+04 -1.5473E+03 -1.0005E+03

0ITERATION NO.:    5    OBJECTIVE VALUE:   4490.44598631931        NO. OF FUNC. EVALS.:  41
 CUMULATIVE NO. OF FUNC. EVALS.:       48
 NPARAMETR:  2.7171E+00  3.7555E+00  1.2541E+01 -1.1925E-02  7.1199E+00  6.5868E-02  7.8779E-02 -2.8391E-02  8.3501E-01
 PARAMETER:  4.0641E-01  3.2461E-01  3.2640E-01 -5.9627E-02  7.1199E-01  3.4938E-01  3.2731E-01 -2.2618E-01  8.1342E-01
 GRADIENT:  -8.7793E+01 -9.0179E+01 -3.6714E+02  1.0833E+01  2.1748E+02 -6.9134E+00 -4.0981E+00  2.4032E+01 -1.3639E+03

0ITERATION NO.:   10    OBJECTIVE VALUE:   4480.16520962568        NO. OF FUNC. EVALS.:  65
 CUMULATIVE NO. OF FUNC. EVALS.:      113
 NPARAMETR:  2.7450E+00  3.7881E+00  1.2576E+01 -1.2546E-02  7.1166E+00  6.6553E-02  7.9339E-02 -3.2145E-02  8.4590E-01
 PARAMETER:  4.1664E-01  3.3327E-01  3.2923E-01 -6.2729E-02  7.1166E-01  3.5456E-01  3.3085E-01 -2.5519E-01  8.1831E-01
 GRADIENT:  -8.6164E+01 -8.9728E+01 -3.6266E+02  8.9458E+00  2.1309E+02 -6.5985E+00 -2.8112E+00  3.2178E+01 -1.3431E+03

0ITERATION NO.:   15    OBJECTIVE VALUE:   4476.50311056859        NO. OF FUNC. EVALS.:  88
 CUMULATIVE NO. OF FUNC. EVALS.:      201
 NPARAMETR:  2.7547E+00  3.7997E+00  1.2589E+01 -1.2749E-02  7.1156E+00  6.6790E-02  7.9527E-02 -3.3488E-02  8.4986E-01
 PARAMETER:  4.2018E-01  3.3630E-01  3.3026E-01 -6.3745E-02  7.1156E-01  3.5634E-01  3.3203E-01 -2.6553E-01  8.2004E-01
 GRADIENT:  -8.5660E+01 -8.9544E+01 -3.6227E+02  8.2828E+00  2.0972E+02 -6.4897E+00 -2.3563E+00  3.4979E+01 -1.3355E+03

0ITERATION NO.:   20    OBJECTIVE VALUE:   4452.89154833143        NO. OF FUNC. EVALS.:  80
 CUMULATIVE NO. OF FUNC. EVALS.:      281
 NPARAMETR:  2.7547E+00  3.7996E+00  1.2589E+01 -1.2749E-02  7.1156E+00  8.1714E-02  7.9543E-02 -3.3490E-02  8.7961E-01
 PARAMETER:  4.2018E-01  3.3630E-01  3.3026E-01 -6.3745E-02  7.1156E-01  4.5717E-01  3.3213E-01 -2.6552E-01  8.3753E-01
 GRADIENT:  -8.1750E+01 -8.9136E+01 -3.4902E+02  1.0877E+01  2.1912E+02 -6.3699E+00 -2.7393E+00  3.1171E+01 -1.2902E+03

0ITERATION NO.:   25    OBJECTIVE VALUE:   4432.43032131245        NO. OF FUNC. EVALS.: 112
 CUMULATIVE NO. OF FUNC. EVALS.:      393
 NPARAMETR:  2.7547E+00  3.7996E+00  1.2589E+01 -1.2749E-02  7.1156E+00  9.3535E-02  7.9633E-02 -3.3490E-02  9.0734E-01
 PARAMETER:  4.2018E-01  3.3630E-01  3.3026E-01 -6.3745E-02  7.1156E-01  5.2473E-01  3.3271E-01 -2.6537E-01  8.5330E-01
 GRADIENT:   8.6208E+07 -2.4970E+07  1.9614E+07 -4.0691E+08  3.5390E+02 -4.1087E+05 -2.0154E+06  1.4382E+07 -3.2490E+07

 #TERM:
0MINIMIZATION SUCCESSFUL
 HOWEVER, PROBLEMS OCCURRED WITH THE MINIMIZATION.
 REGARD THE RESULTS OF THE ESTIMATION STEP CAREFULLY, AND ACCEPT THEM ONLY
 AFTER CHECKING THAT THE COVARIANCE STEP PRODUCES REASONABLE OUTPUT.
 NO. OF FUNCTION EVALUATIONS USED:      393
 NO. OF SIG. DIGITS IN FINAL EST.:  3.3

 ETABAR IS THE ARITHMETIC MEAN OF THE ETA-ESTIMATES,
 AND THE P-VALUE IS GIVEN FOR THE NULL HYPOTHESIS THAT THE TRUE MEAN IS 0.

 ETABAR:         8.9589E-02 -5.2136E-02  3.8020E+00
 SE:             1.5706E-02  1.5538E-02  1.0439E-01
 N:                      40          40          40

 P VAL.:         1.1732E-08  7.9295E-04  2.410E-290

 ETASHRINKSD(%)  6.7106E+01  6.4731E+01  2.9803E+01
 ETASHRINKVR(%)  8.9180E+01  8.7561E+01  5.0724E+01
 EBVSHRINKSD(%)  6.5211E+01  8.5498E+01  2.0265E+00
 EBVSHRINKVR(%)  8.7897E+01  9.7897E+01  4.0120E+00
 EPSSHRINKSD(%)  8.0262E+00
 EPSSHRINKVR(%)  1.5408E+01

  
 TOTAL DATA POINTS NORMALLY DISTRIBUTED (N):          760
 N*LOG(2PI) CONSTANT TO OBJECTIVE FUNCTION:    1396.7865704711026     
 OBJECTIVE FUNCTION VALUE WITHOUT CONSTANT:    4432.4303213124467     
 OBJECTIVE FUNCTION VALUE WITH CONSTANT:       5829.2168917835497     
 REPORTED OBJECTIVE FUNCTION DOES NOT CONTAIN CONSTANT
  
 TOTAL EFFECTIVE ETAS (NIND*NETA):                           120
  
 #TERE:
 Elapsed estimation  time in seconds:    11.06
0PRED EXIT CODE = 1
0INDIVIDUAL NO.       3   ID= 3.00000000000000E+00   (WITHIN-INDIVIDUAL) DATA REC NO.   3
 THETA=
  2.75E+00   3.80E+00   1.26E+01  -1.27E-02   7.12E+00
 ETA=
  1.14E+03   9.26E-01  -1.91E+00
 OCCURS DURING SEARCH FOR ETA AT A NONZERO VALUE OF ETA
 F OR DERIVATIVE RETURNED BY PRED IS INFINITE (INF) OR NOT A NUMBER (NAN).
0PROGRAM TERMINATED BY OBJ
 Elapsed covariance  time in seconds:     1.38
 MESSAGE ISSUED FROM COVARIANCE STEP
1
 
 
 
 
 
 
 
 
 
 
 
 
 
 
 
 
 
 
 
 
 ************************************************************************************************************************
 ********************                                                                                ********************
 ********************               FIRST ORDER CONDITIONAL ESTIMATION WITH INTERACTION              ********************
 #OBJT:**************                       MINIMUM VALUE OF OBJECTIVE FUNCTION                      ********************
 ********************                                                                                ********************
 ************************************************************************************************************************
 





 #OBJV:********************************************     4432.430       **************************************************
1
 ************************************************************************************************************************
 ********************                                                                                ********************
 ********************               FIRST ORDER CONDITIONAL ESTIMATION WITH INTERACTION              ********************
 ********************                             FINAL PARAMETER ESTIMATE                           ********************
 ********************                                                                                ********************
 ************************************************************************************************************************
 


 THETA - VECTOR OF FIXED EFFECTS PARAMETERS   *********


         TH 1      TH 2      TH 3      TH 4      TH 5     
 
         2.75E+00  3.80E+00  1.26E+01 -1.27E-02  7.12E+00
 


 OMEGA - COV MATRIX FOR RANDOM EFFECTS - ETAS  ********


         ETA1      ETA2      ETA3     
 
 ETA1
+        9.35E-02
 
 ETA2
+        0.00E+00  7.96E-02
 
 ETA3
+        0.00E+00 -3.35E-02  9.07E-01
 


 SIGMA - COV MATRIX FOR RANDOM EFFECTS - EPSILONS  ****


         EPS1     
 
 EPS1
+        1.00E+00
 
1


 OMEGA - CORR MATRIX FOR RANDOM EFFECTS - ETAS  *******


         ETA1      ETA2      ETA3     
 
 ETA1
+        3.06E-01
 
 ETA2
+        0.00E+00  2.82E-01
 
 ETA3
+        0.00E+00 -1.25E-01  9.53E-01
 


 SIGMA - CORR MATRIX FOR RANDOM EFFECTS - EPSILONS  ***


         EPS1     
 
 EPS1
+        1.00E+00
 
1THERE ARE ERROR MESSAGES IN FILE PRDERR                                                                  
 #CPUT: Total CPU Time in Seconds,       12.431
Stop Time:
Fri Nov  1 21:38:20 EDT 2019
