Tue May  4 16:32:49 EDT 2021
;Model Desc: Two Compartment model with Clearance and central volume modeled with covariates age and gender
;Project Name: nm7examples
;Project ID: NO PROJECT DESCRIPTION

$PROB RUN# example2 (from sampc)
$INPUT C SET ID JID TIME DV=CONC AMT=DOSE RATE EVID MDV CMT GNDR AGE
$DATA ../example2.csv IGNORE=C
$SUBROUTINES ADVAN3 TRANS4

;NTHETA=number of Thetas to be estimated
;NETA=number of Etas to be estimated (and to be described by NETAxNETA OMEGA matrix)
;NTHP=number of thetas which have a prior
;NETP=number of Omegas with prior
;Prior information is important for MCMC Bayesian analysis, not necessary for maximization
; methods
; In this example, only the OMEGAs have a prior distribution, the THETAS do not.
; For Bayesian methods, it is most important for at least the OMEGAs to have a prior,
; even an uninformative one, to stabilize the analysis. Only if the number of subjects
; exceeds the OMEGA dimension number by at least 100, then you may get away without
; priors on OMEGA for BAYES analysis.
$PRIOR NWPRI NTHETA=11, NETA=4, NTHP=0, NETP=4, NPEXP=1

$PK
; LCLM=log transformed clearance, male
LCLM=THETA(1)
;LCLF=log transformed clearance, female.
LCLF=THETA(2)
; CLAM=CL age slope, male
CLAM=THETA(3)
; CLAF=CL age slope, female
CLAF=THETA(4)
; LV1M=log transformed V1, male
LV1M=THETA(5)
; LV1F=log transformed V1, female
LV1F=THETA(6)
; V1AM=V1 age slope, male
V1AM=THETA(7)
; V1AF=V1 age slope, female
V1AF=THETA(8)
; LAGE=log transformed age
LAGE=DLOG(AGE)
;Mean of ETA1, the inter-subject deviation of Clearance, is ultimately modeled as linear function
;of THETA(1) to THETA(4).  Relating thetas to Mus by linear functions is not essential for ITS,
;IMP, or IMPMAP methods, but is very helpful for MCMC methods such as SAEM and BAYES.
MU_1=(1.0-GNDR)*(LCLM+LAGE*CLAM) + GNDR*(LCLF+LAGE*CLAF)
;Mean of ETA2, the inter-subject deviation of V1, is ultimately modeled as linear function of
; THETA(5) to THETA(8)
MU_2=(1.0-GNDR)*(LV1M+LAGE*V1AM) + GNDR*(LV1F+LAGE*V1AF)
MU_3=THETA(9)
MU_4=THETA(10)
CL=DEXP(MU_1+ETA(1))
V1=DEXP(MU_2+ETA(2))
Q=DEXP(MU_3+ETA(3))
V2=DEXP(MU_4+ETA(4))
S1=V1

$ERROR
CALLFL=0
; Option to model the residual error coefficient in THETA(11), rather than in SIGMA.
SDSL=THETA(11)
W=F*SDSL
Y = F + W*EPS(1)
IPRED=F
IWRES=(DV-F)/W

;Initial THETAs
$THETA
( 0.7 ) ;[LCLM]
( 0.7 ) ;[LCLF]
( 2 )   ;[CLAM]
( 2.0);[CLAF]
( 0.7 ) ;[LV1M]
( 0.7 ) ;[LV1F]
( 2.0 )   ;[V1AM]
( 2.0 )   ;[V1AF]
( 0.7 ) ;[MU_3]
(  0.7 );[MU_4]
( 0.3 )     ;[SDSL]



;Initial OMEGAs
$OMEGA BLOCK(4)
0.5  ;[p]
0.001  ;[f]
0.5  ;[p]
0.001 ;[f]
0.001 ;[f]
0.5  ;[p]
0.001 ;[f]
0.001 ;[f]
0.001 ;[f]
0.5 ;[p]

; Degrees of freedom to OMEGA prior matrix:
$THETA 4 FIX
; Prior OMEGA matrix
$OMEGA BLOCK(4)
0.01 FIX
0.0  0.01
0.0 0.0 0.01
0.0 0.0 0.0 0.01

;SIGMA is 1.0 fixed, serves as unscaled variance for EPS(1).  THETA(11) takes up the
; residual error scaling.
$SIGMA
(1.0 FIXED)

; This is modified from example2_bayes.ctl for having only two estimation methods
; The first analysis is iterative two-stage.
$EST METHOD=ITS INTERACTION NITER=1000 NSIG=2 PRINT=5 NOABORT
     SIGL=8 NOPRIOR=1 CTYPE=3 GRD=TS(11)
; Results of ITS serve as initial parameters for the IMP method.
$EST METHOD=IMP INTERACTION EONLY=0  MAPITER=0 NITER=100 ISAMPLE=300 PRINT=1 SIGL=8
$COV PRINT=E UNCONDITIONAL


NM-TRAN MESSAGES
  
 WARNINGS AND ERRORS (IF ANY) FOR PROBLEM    1
             
 (WARNING  2) NM-TRAN INFERS THAT THE DATA ARE POPULATION.

 (MU_WARNING 26) DATA ITEM(S) USED IN DEFINITION OF MU_(S) SHOULD BE CONSTANT FOR INDIV. REC.:
  GNDR AGE

License Registered to: Metrum
Expiration Date:    14 JUL 2021
Current Date:        4 MAY 2021
Days until program expires :  70
1NONLINEAR MIXED EFFECTS MODEL PROGRAM (NONMEM) VERSION 7.4.4
 ORIGINALLY DEVELOPED BY STUART BEAL, LEWIS SHEINER, AND ALISON BOECKMANN
 CURRENT DEVELOPERS ARE ROBERT BAUER, ICON DEVELOPMENT SOLUTIONS,
 AND ALISON BOECKMANN. IMPLEMENTATION, EFFICIENCY, AND STANDARDIZATION
 PERFORMED BY NOUS INFOSYSTEMS.

 PROBLEM NO.:         1
 RUN# example2 (from sampc)
0DATA CHECKOUT RUN:              NO
 DATA SET LOCATED ON UNIT NO.:    2
 THIS UNIT TO BE REWOUND:        NO
 NO. OF DATA RECS IN DATA SET:     2400
 NO. OF DATA ITEMS IN DATA SET:  13
 ID DATA ITEM IS DATA ITEM NO.:   3
 DEP VARIABLE IS DATA ITEM NO.:   6
 MDV DATA ITEM IS DATA ITEM NO.: 10
0INDICES PASSED TO SUBROUTINE PRED:
   9   5   7   8   0   0  11   0   0   0   0
0LABELS FOR DATA ITEMS:
 C SET ID JID TIME CONC DOSE RATE EVID MDV CMT GNDR AGE
0FORMAT FOR DATA:
 (2E2.0,3E4.0,E11.0,E4.0,5E2.0,E6.0)

 TOT. NO. OF OBS RECS:     2000
 TOT. NO. OF INDIVIDUALS:      400
0LENGTH OF THETA:  12
0DEFAULT THETA BOUNDARY TEST OMITTED:    NO
0OMEGA HAS BLOCK FORM:
  1
  1  1
  1  1  1
  1  1  1  1
  0  0  0  0  2
  0  0  0  0  2  2
  0  0  0  0  2  2  2
  0  0  0  0  2  2  2  2
0DEFAULT OMEGA BOUNDARY TEST OMITTED:    NO
0SIGMA HAS SIMPLE DIAGONAL FORM WITH DIMENSION:   1
0DEFAULT SIGMA BOUNDARY TEST OMITTED:    NO
0INITIAL ESTIMATE OF THETA:
 LOWER BOUND    INITIAL EST    UPPER BOUND
 -0.1000E+07     0.7000E+00     0.1000E+07
 -0.1000E+07     0.7000E+00     0.1000E+07
 -0.1000E+07     0.2000E+01     0.1000E+07
 -0.1000E+07     0.2000E+01     0.1000E+07
 -0.1000E+07     0.7000E+00     0.1000E+07
 -0.1000E+07     0.7000E+00     0.1000E+07
 -0.1000E+07     0.2000E+01     0.1000E+07
 -0.1000E+07     0.2000E+01     0.1000E+07
 -0.1000E+07     0.7000E+00     0.1000E+07
 -0.1000E+07     0.7000E+00     0.1000E+07
 -0.1000E+07     0.3000E+00     0.1000E+07
  0.4000E+01     0.4000E+01     0.4000E+01
0INITIAL ESTIMATE OF OMEGA:
 BLOCK SET NO.   BLOCK                                                                    FIXED
        1                                                                                   NO
                  0.5000E+00
                  0.1000E-02   0.5000E+00
                  0.1000E-02   0.1000E-02   0.5000E+00
                  0.1000E-02   0.1000E-02   0.1000E-02   0.5000E+00
        2                                                                                  YES
                  0.1000E-01
                  0.0000E+00   0.1000E-01
                  0.0000E+00   0.0000E+00   0.1000E-01
                  0.0000E+00   0.0000E+00   0.0000E+00   0.1000E-01
0INITIAL ESTIMATE OF SIGMA:
 0.1000E+01
0SIGMA CONSTRAINED TO BE THIS INITIAL ESTIMATE
0COVARIANCE STEP OMITTED:        NO
 EIGENVLS. PRINTED:             YES
 SPECIAL COMPUTATION:            NO
 COMPRESSED FORMAT:              NO
 GRADIENT METHOD USED:     NOSLOW
 SIGDIGITS ETAHAT (SIGLO):                  -1
 SIGDIGITS GRADIENTS (SIGL):                -1
 EXCLUDE COV FOR FOCE (NOFCOV):              NO
 TURN OFF Cholesky Transposition of R Matrix (CHOLROFF): NO
 KNUTHSUMOFF:                                -1
 RESUME COV ANALYSIS (RESUME):               NO
 SIR SAMPLE SIZE (SIRSAMPLE):              -1
 NON-LINEARLY TRANSFORM THETAS DURING COV (THBND): 1
 PRECONDTIONING CYCLES (PRECOND):        0
 PRECONDTIONING TYPES (PRECONDS):        TOS
 FORCED PRECONDTIONING CYCLES (PFCOND):0
 PRECONDTIONING TYPE (PRETYPE):        0
 FORCED POS. DEFINITE SETTING: (FPOSDEF):0
0
 PRIOR SUBROUTINE USER-SUPPLIED
1DOUBLE PRECISION PREDPP VERSION 7.4.4

 TWO COMPARTMENT MODEL (ADVAN3)
0MAXIMUM NO. OF BASIC PK PARAMETERS:   4
0BASIC PK PARAMETERS (AFTER TRANSLATION):
   BASIC PK PARAMETER NO.  1: ELIMINATION RATE (K)
   BASIC PK PARAMETER NO.  2: CENTRAL-TO-PERIPH. RATE (K12)
   BASIC PK PARAMETER NO.  3: PERIPH.-TO-CENTRAL RATE (K21)
 TRANSLATOR WILL CONVERT PARAMETERS
 CL, V1, Q, V2 TO K, K12, K21 (TRANS4)
0COMPARTMENT ATTRIBUTES
 COMPT. NO.   FUNCTION   INITIAL    ON/OFF      DOSE      DEFAULT    DEFAULT
                         STATUS     ALLOWED    ALLOWED    FOR DOSE   FOR OBS.
    1         CENTRAL      ON         NO         YES        YES        YES
    2         PERIPH.      ON         NO         YES        NO         NO
    3         OUTPUT       OFF        YES        NO         NO         NO
1
 ADDITIONAL PK PARAMETERS - ASSIGNMENT OF ROWS IN GG
 COMPT. NO.                             INDICES
              SCALE      BIOAVAIL.   ZERO-ORDER  ZERO-ORDER  ABSORB
                         FRACTION    RATE        DURATION    LAG
    1            5           *           *           *           *
    2            *           *           *           *           *
    3            *           -           -           -           -
             - PARAMETER IS NOT ALLOWED FOR THIS MODEL
             * PARAMETER IS NOT SUPPLIED BY PK SUBROUTINE;
               WILL DEFAULT TO ONE IF APPLICABLE
0DATA ITEM INDICES USED BY PRED ARE:
   EVENT ID DATA ITEM IS DATA ITEM NO.:      9
   TIME DATA ITEM IS DATA ITEM NO.:          5
   DOSE AMOUNT DATA ITEM IS DATA ITEM NO.:   7
   DOSE RATE DATA ITEM IS DATA ITEM NO.:     8
   COMPT. NO. DATA ITEM IS DATA ITEM NO.:   11

0PK SUBROUTINE CALLED WITH EVERY EVENT RECORD.
 PK SUBROUTINE NOT CALLED AT NONEVENT (ADDITIONAL OR LAGGED) DOSE TIMES.
0DURING SIMULATION, ERROR SUBROUTINE CALLED WITH EVERY EVENT RECORD.
 OTHERWISE, ERROR SUBROUTINE CALLED ONLY WITH OBSERVATION EVENTS.
1


 #TBLN:      1
 #METH: Iterative Two Stage (No Prior)

 ESTIMATION STEP OMITTED:                 NO
 ANALYSIS TYPE:                           POPULATION
 NUMBER OF SADDLE POINT RESET ITERATIONS:      0
 GRADIENT METHOD USED:               NOSLOW
 CONDITIONAL ESTIMATES USED:              YES
 CENTERED ETA:                            NO
 EPS-ETA INTERACTION:                     YES
 LAPLACIAN OBJ. FUNC.:                    NO
 NO. OF FUNCT. EVALS. ALLOWED:            2208
 NO. OF SIG. FIGURES REQUIRED:            2
 INTERMEDIATE PRINTOUT:                   YES
 ESTIMATE OUTPUT TO MSF:                  NO
 ABORT WITH PRED EXIT CODE 1:             NO
 IND. OBJ. FUNC. VALUES SORTED:           NO
 NUMERICAL DERIVATIVE
       FILE REQUEST (NUMDER):               NONE
 MAP (ETAHAT) ESTIMATION METHOD (OPTMAP):   0
 ETA HESSIAN EVALUATION METHOD (ETADER):    0
 INITIAL ETA FOR MAP ESTIMATION (MCETA):    0
 SIGDIGITS FOR MAP ESTIMATION (SIGLO):      8
 GRADIENT SIGDIGITS OF
       FIXED EFFECTS PARAMETERS (SIGL):     8
 NOPRIOR SETTING (NOPRIOR):                 ON
 NOCOV SETTING (NOCOV):                     OFF
 DERCONT SETTING (DERCONT):                 OFF
 FINAL ETA RE-EVALUATION (FNLETA):          ON
 EXCLUDE NON-INFLUENTIAL (NON-INFL.) ETAS
       IN SHRINKAGE (ETASTYPE):             NO
 NON-INFL. ETA CORRECTION (NONINFETA):      OFF
 RAW OUTPUT FILE (FILE): example2_itsimp.ext
 EXCLUDE TITLE (NOTITLE):                   NO
 EXCLUDE COLUMN LABELS (NOLABEL):           NO
 FORMAT FOR ADDITIONAL FILES (FORMAT):      S1PE12.5
 PARAMETER ORDER FOR OUTPUTS (ORDER):       TSOL
 WISHART PRIOR DF INTERPRETATION (WISHTYPE):0
 KNUTHSUMOFF:                               0
 INCLUDE LNTWOPI:                           NO
 INCLUDE CONSTANT TERM TO PRIOR (PRIORC):   NO
 INCLUDE CONSTANT TERM TO OMEGA (ETA) (OLNTWOPI):NO
 EM OR BAYESIAN METHOD USED:                ITERATIVE TWO STAGE (ITS)
 MU MODELING PATTERN (MUM):
 GRADIENT/GIBBS PATTERN (GRD):              DDDDDDDDDDS
 AUTOMATIC SETTING FEATURE (AUTO):          OFF
 CONVERGENCE TYPE (CTYPE):                  3
 CONVERGENCE INTERVAL (CINTERVAL):          5
 CONVERGENCE ITERATIONS (CITER):            10
 CONVERGENCE ALPHA ERROR (CALPHA):          5.000000000000000E-02
 ITERATIONS (NITER):                        1000
 ANEAL SETTING (CONSTRAIN):                 1


 THE FOLLOWING LABELS ARE EQUIVALENT
 PRED=PREDI
 RES=RESI
 WRES=WRESI
 IWRS=IWRESI
 IPRD=IPREDI
 IRS=IRESI

 EM/BAYES SETUP:
 THETAS THAT ARE MU MODELED:
   1   2   3   4   5   6   7   8   9  10
 THETAS THAT ARE SIGMA-LIKE:
  11

 MONITORING OF SEARCH:

 iteration            0  OBJ=   43391.704884442632
 iteration            5  OBJ=  -10716.469868422006
 iteration           10  OBJ=  -10763.007267023831
 iteration           15  OBJ=  -10768.731992521070
 iteration           20  OBJ=  -10770.395005015309
 iteration           25  OBJ=  -10771.076442208912
 iteration           30  OBJ=  -10771.409964024855
 iteration           35  OBJ=  -10771.590510261867
 iteration           40  OBJ=  -10771.694528492455
 iteration           45  OBJ=  -10771.756975422421
 iteration           50  OBJ=  -10771.795523225201
 iteration           55  OBJ=  -10771.819759899989
 iteration           60  OBJ=  -10771.835163971095
 iteration           65  OBJ=  -10771.844994366485
 iteration           70  OBJ=  -10771.851251162161
 iteration           75  OBJ=  -10771.855190199747
 iteration           80  OBJ=  -10771.857617791286
 iteration           85  OBJ=  -10771.859057518510
 iteration           90  OBJ=  -10771.859853547265
 iteration           95  OBJ=  -10771.860235544664
 iteration          100  OBJ=  -10771.860353259272
 iteration          105  OBJ=  -10771.860307818793
 iteration          110  OBJ=  -10771.860166343515
 iteration          115  OBJ=  -10771.859972974577
 iteration          120  OBJ=  -10771.859756502216
 iteration          125  OBJ=  -10771.859534449553
 iteration          130  OBJ=  -10771.859318839990
 iteration          135  OBJ=  -10771.859115927320
 iteration          140  OBJ=  -10771.858928534943
 iteration          145  OBJ=  -10771.858758951110
 iteration          150  OBJ=  -10771.858607381200
 iteration          155  OBJ=  -10771.858472013670
 iteration          160  OBJ=  -10771.858353841055
 iteration          165  OBJ=  -10771.858250311172
 iteration          170  OBJ=  -10771.858159451363
 iteration          175  OBJ=  -10771.858080023505
 iteration          180  OBJ=  -10771.858012057332
 iteration          185  OBJ=  -10771.857952723465
 iteration          190  OBJ=  -10771.857901984562
 iteration          195  OBJ=  -10771.857858583344
 iteration          200  OBJ=  -10771.857820815105
 Convergence achieved

 #TERM:
 OPTIMIZATION WAS COMPLETED


 ETABAR IS THE ARITHMETIC MEAN OF THE ETA-ESTIMATES,
 AND THE P-VALUE IS GIVEN FOR THE NULL HYPOTHESIS THAT THE TRUE MEAN IS 0.

 ETABAR:        -4.2528E-08 -5.3104E-08 -9.8771E-08 -8.8696E-08
 SE:             4.7132E-03  2.9883E-03  2.9421E-03  3.6914E-03
 N:                     400         400         400         400

 P VAL.:         9.9999E-01  9.9999E-01  9.9997E-01  9.9998E-01

 ETASHRINKSD(%)  6.9151E+00  3.2911E+01  4.1052E+01  2.5073E+01
 ETASHRINKVR(%)  1.3352E+01  5.4991E+01  6.5251E+01  4.3860E+01
 EBVSHRINKSD(%)  6.9151E+00  3.2911E+01  4.1050E+01  2.5072E+01
 EBVSHRINKVR(%)  1.3352E+01  5.4991E+01  6.5249E+01  4.3859E+01
 EPSSHRINKSD(%)  2.6187E+01
 EPSSHRINKVR(%)  4.5517E+01

  
 TOTAL DATA POINTS NORMALLY DISTRIBUTED (N):         2000
 N*LOG(2PI) CONSTANT TO OBJECTIVE FUNCTION:    3675.7541328186908     
 OBJECTIVE FUNCTION VALUE WITHOUT CONSTANT:   -10771.857820815105     
 OBJECTIVE FUNCTION VALUE WITH CONSTANT:      -7096.1036879964140     
 REPORTED OBJECTIVE FUNCTION DOES NOT CONTAIN CONSTANT
  
 TOTAL EFFECTIVE ETAS (NIND*NETA):                          1600
  
 #TERE:
 Elapsed estimation  time in seconds:    16.39
 Elapsed covariance  time in seconds:     0.17
1
 
 
 
 
 
 
 
 
 
 
 
 
 
 
 
 
 
 
 
 
 ************************************************************************************************************************
 ********************                                                                                ********************
 ********************                          ITERATIVE TWO STAGE (NO PRIOR)                        ********************
 #OBJT:**************                        FINAL VALUE OF OBJECTIVE FUNCTION                       ********************
 ********************                                                                                ********************
 ************************************************************************************************************************
 





 #OBJV:********************************************   -10771.858       **************************************************
1
 ************************************************************************************************************************
 ********************                                                                                ********************
 ********************                          ITERATIVE TWO STAGE (NO PRIOR)                        ********************
 ********************                             FINAL PARAMETER ESTIMATE                           ********************
 ********************                                                                                ********************
 ************************************************************************************************************************
 


 THETA - VECTOR OF FIXED EFFECTS PARAMETERS   *********


         TH 1      TH 2      TH 3      TH 4      TH 5      TH 6      TH 7      TH 8      TH 9      TH10      TH11     
 
         3.30E+00  3.26E+00 -6.11E-01 -2.08E-01  7.29E-01  1.14E+00  3.37E-01  1.92E-01  6.92E-01  2.30E+00  9.99E-02
 


 OMEGA - COV MATRIX FOR RANDOM EFFECTS - ETAS  ********


         ETA1      ETA2      ETA3      ETA4     
 
 ETA1
+        1.03E-02
 
 ETA2
+        1.66E-04  7.96E-03
 
 ETA3
+        1.20E-03 -3.61E-04  9.99E-03
 
 ETA4
+       -6.31E-04  4.54E-04  2.02E-03  9.73E-03
 


 SIGMA - COV MATRIX FOR RANDOM EFFECTS - EPSILONS  ****


         EPS1     
 
 EPS1
+        1.00E+00
 
1


 OMEGA - CORR MATRIX FOR RANDOM EFFECTS - ETAS  *******


         ETA1      ETA2      ETA3      ETA4     
 
 ETA1
+        1.01E-01
 
 ETA2
+        1.83E-02  8.92E-02
 
 ETA3
+        1.18E-01 -4.04E-02  9.99E-02
 
 ETA4
+       -6.31E-02  5.16E-02  2.05E-01  9.87E-02
 


 SIGMA - CORR MATRIX FOR RANDOM EFFECTS - EPSILONS  ***


         EPS1     
 
 EPS1
+        1.00E+00
 
1
 ************************************************************************************************************************
 ********************                                                                                ********************
 ********************                          ITERATIVE TWO STAGE (NO PRIOR)                        ********************
 ********************                          STANDARD ERROR OF ESTIMATE (S)                        ********************
 ********************                                                                                ********************
 ************************************************************************************************************************
 


 THETA - VECTOR OF FIXED EFFECTS PARAMETERS   *********


         TH 1      TH 2      TH 3      TH 4      TH 5      TH 6      TH 7      TH 8      TH 9      TH10      TH11     
 
         3.80E-02  2.88E-02  1.11E-02  8.42E-03  4.84E-02  4.10E-02  1.34E-02  1.19E-02  1.05E-02  8.94E-03  2.98E-03
 


 OMEGA - COV MATRIX FOR RANDOM EFFECTS - ETAS  ********


         ETA1      ETA2      ETA3      ETA4     
 
 ETA1
+        1.01E-03
 
 ETA2
+        8.65E-04  1.50E-03
 
 ETA3
+        1.29E-03  1.44E-03  2.83E-03
 
 ETA4
+        1.12E-03  1.16E-03  1.98E-03  2.00E-03
 


 SIGMA - COV MATRIX FOR RANDOM EFFECTS - EPSILONS  ****


         EPS1     
 
 EPS1
+        0.00E+00
 
1


 OMEGA - CORR MATRIX FOR RANDOM EFFECTS - ETAS  *******


         ETA1      ETA2      ETA3      ETA4     
 
 ETA1
+        4.96E-03
 
 ETA2
+        9.47E-02  8.39E-03
 
 ETA3
+        1.20E-01  1.65E-01  1.41E-02
 
 ETA4
+        1.16E-01  1.28E-01  1.62E-01  1.01E-02
 


 SIGMA - CORR MATRIX FOR RANDOM EFFECTS - EPSILONS  ***


         EPS1     
 
 EPS1
+       .........
 
1
 ************************************************************************************************************************
 ********************                                                                                ********************
 ********************                          ITERATIVE TWO STAGE (NO PRIOR)                        ********************
 ********************                        COVARIANCE MATRIX OF ESTIMATE (S)                       ********************
 ********************                                                                                ********************
 ************************************************************************************************************************
 

            TH 1      TH 2      TH 3      TH 4      TH 5      TH 6      TH 7      TH 8      TH 9      TH10      TH11      OM11  
             OM12      OM13      OM14      OM22      OM23      OM24      OM33      OM34      OM44      SG11  
 
 TH 1
+        1.45E-03
 
 TH 2
+        3.11E-06  8.32E-04
 
 TH 3
+       -4.12E-04  1.28E-06  1.23E-04
 
 TH 4
+       -4.28E-07 -2.32E-04 -1.24E-07  7.09E-05
 
 TH 5
+        6.42E-04  5.14E-05 -1.67E-04 -4.20E-06  2.34E-03
 
 TH 6
+       -1.87E-05  2.13E-04  6.23E-06 -5.21E-05  2.24E-05  1.68E-03
 
 TH 7
+       -1.68E-04 -1.53E-05  4.40E-05  1.59E-06 -6.36E-04 -9.83E-06  1.80E-04
 
 TH 8
+        6.13E-06 -5.25E-05 -1.63E-06  1.48E-05  4.11E-06 -4.71E-04 -1.00E-07  1.41E-04
 
 TH 9
+        1.75E-05  6.00E-05 -8.34E-08 -9.16E-06  1.16E-04  5.07E-05 -3.25E-05 -7.05E-06  1.11E-04
 
 TH10
+        1.38E-05  3.68E-05 -6.26E-08 -4.78E-06  1.07E-04  4.82E-05 -2.97E-05 -5.43E-06  6.60E-05  7.99E-05
 
 TH11
+       -7.59E-06 -3.65E-06  2.68E-06  1.29E-06 -8.74E-06  7.42E-07  2.49E-06 -8.00E-08  1.73E-06  1.46E-06  8.91E-06
 
 OM11
+        4.14E-06 -1.54E-07 -1.33E-06 -1.73E-07  1.28E-06  2.50E-07 -4.58E-07 -4.17E-08 -3.97E-07  1.23E-07 -4.26E-07  1.01E-06
 
 OM12
+        1.54E-06  1.63E-07 -6.67E-07 -5.19E-08  1.89E-06  7.42E-07 -3.75E-07  1.41E-08 -1.61E-07  3.35E-07 -5.62E-07  3.68E-07
          7.48E-07
 
 OM13
+        4.69E-07  1.83E-06 -4.22E-07 -5.81E-07  2.00E-06  2.41E-08 -5.61E-07  5.51E-08  7.41E-07  6.57E-07 -5.16E-07  5.33E-07
          3.32E-07  1.67E-06
 
 OM14
+        1.94E-06 -4.59E-07 -7.43E-07  2.95E-07  6.08E-06 -1.89E-07 -1.52E-06  1.38E-07  7.56E-07  9.22E-07 -3.41E-07  4.32E-07
          2.96E-07  1.03E-06  1.25E-06
 
 OM22
+        3.82E-06  6.75E-07 -1.07E-06 -9.10E-08  5.40E-06 -7.12E-06 -7.31E-07  2.13E-06 -3.58E-08 -4.58E-08 -1.07E-06  9.10E-08
          4.66E-07  6.41E-08  1.49E-07  2.24E-06
 
 OM23
+        3.10E-07  5.59E-07 -2.35E-07 -2.86E-07 -4.52E-07  1.26E-06  1.85E-07 -6.52E-08 -6.99E-07 -3.54E-07 -6.87E-07  2.99E-07
          4.27E-07  7.84E-07  5.05E-07  5.30E-07  2.07E-06
 
 OM24
+        2.55E-06 -4.02E-07 -6.55E-07  7.11E-08  5.02E-06 -2.18E-06 -1.25E-06  9.55E-07 -4.55E-08  8.11E-07 -3.64E-07  1.97E-07
          3.57E-07  4.64E-07  5.26E-07  5.21E-07  1.13E-06  1.34E-06
 
 OM33
+        4.38E-06  1.66E-06 -1.33E-06 -4.45E-07  1.01E-05 -5.26E-06 -2.94E-06  1.18E-06 -1.27E-06 -1.11E-06 -3.17E-06  4.44E-07
          4.60E-07  1.29E-06  6.62E-07  2.92E-07  1.53E-06  7.05E-07  7.99E-06
 
1

            TH 1      TH 2      TH 3      TH 4      TH 5      TH 6      TH 7      TH 8      TH 9      TH10      TH11      OM11  
             OM12      OM13      OM14      OM22      OM23      OM24      OM33      OM34      OM44      SG11  
 
 OM34
+        3.02E-06  2.74E-06 -9.63E-07 -7.27E-07  7.77E-06  2.18E-06 -2.43E-06 -5.36E-07 -2.93E-07  4.28E-07 -2.29E-06  4.18E-07
          3.94E-07  9.03E-07  8.47E-07  2.28E-07  1.21E-06  7.91E-07  4.54E-06  3.94E-06
 
 OM44
+       -1.57E-07  3.53E-06 -2.41E-08 -7.31E-07  8.55E-06  5.78E-06 -2.63E-06 -1.04E-06  1.18E-06  3.19E-06 -1.83E-06  4.13E-07
          3.77E-07  7.35E-07  9.64E-07  9.82E-08  8.20E-07  9.46E-07  2.41E-06  3.05E-06  4.00E-06
 
 SG11
+       ......... ......... ......... ......... ......... ......... ......... ......... ......... ......... ......... .........
         ......... ......... ......... ......... ......... ......... ......... ......... ......... .........
 
1
 ************************************************************************************************************************
 ********************                                                                                ********************
 ********************                          ITERATIVE TWO STAGE (NO PRIOR)                        ********************
 ********************                        CORRELATION MATRIX OF ESTIMATE (S)                      ********************
 ********************                                                                                ********************
 ************************************************************************************************************************
 

            TH 1      TH 2      TH 3      TH 4      TH 5      TH 6      TH 7      TH 8      TH 9      TH10      TH11      OM11  
             OM12      OM13      OM14      OM22      OM23      OM24      OM33      OM34      OM44      SG11  
 
 TH 1
+        3.80E-02
 
 TH 2
+        2.84E-03  2.88E-02
 
 TH 3
+       -9.77E-01  4.01E-03  1.11E-02
 
 TH 4
+       -1.34E-03 -9.55E-01 -1.32E-03  8.42E-03
 
 TH 5
+        3.49E-01  3.68E-02 -3.11E-01 -1.03E-02  4.84E-02
 
 TH 6
+       -1.20E-02  1.80E-01  1.37E-02 -1.51E-01  1.13E-02  4.10E-02
 
 TH 7
+       -3.28E-01 -3.96E-02  2.95E-01  1.41E-02 -9.79E-01 -1.78E-02  1.34E-02
 
 TH 8
+        1.36E-02 -1.54E-01 -1.24E-02  1.48E-01  7.16E-03 -9.68E-01 -6.28E-04  1.19E-02
 
 TH 9
+        4.37E-02  1.98E-01 -7.14E-04 -1.03E-01  2.27E-01  1.17E-01 -2.30E-01 -5.65E-02  1.05E-02
 
 TH10
+        4.06E-02  1.43E-01 -6.31E-04 -6.35E-02  2.49E-01  1.31E-01 -2.47E-01 -5.12E-02  7.01E-01  8.94E-03
 
 TH11
+       -6.68E-02 -4.24E-02  8.10E-02  5.12E-02 -6.05E-02  6.06E-03  6.22E-02 -2.26E-03  5.50E-02  5.48E-02  2.98E-03
 
 OM11
+        1.08E-01 -5.32E-03 -1.19E-01 -2.04E-02  2.62E-02  6.06E-03 -3.39E-02 -3.49E-03 -3.75E-02  1.37E-02 -1.42E-01  1.01E-03
 
 OM12
+        4.68E-02  6.53E-03 -6.95E-02 -7.12E-03  4.52E-02  2.09E-02 -3.23E-02  1.37E-03 -1.77E-02  4.34E-02 -2.18E-01  4.23E-01
          8.65E-04
 
 OM13
+        9.53E-03  4.92E-02 -2.94E-02 -5.34E-02  3.20E-02  4.55E-04 -3.24E-02  3.60E-03  5.45E-02  5.69E-02 -1.34E-01  4.10E-01
          2.97E-01  1.29E-03
 
 OM14
+        4.56E-02 -1.43E-02 -6.00E-02  3.14E-02  1.12E-01 -4.11E-03 -1.01E-01  1.04E-02  6.43E-02  9.23E-02 -1.02E-01  3.84E-01
          3.06E-01  7.15E-01  1.12E-03
 
 OM22
+        6.70E-02  1.56E-02 -6.45E-02 -7.22E-03  7.45E-02 -1.16E-01 -3.64E-02  1.20E-01 -2.28E-03 -3.43E-03 -2.41E-01  6.04E-02
          3.60E-01  3.32E-02  8.92E-02  1.50E-03
 
 OM23
+        5.66E-03  1.35E-02 -1.47E-02 -2.36E-02 -6.50E-03  2.13E-02  9.61E-03 -3.82E-03 -4.62E-02 -2.76E-02 -1.60E-01  2.06E-01
          3.43E-01  4.22E-01  3.14E-01  2.46E-01  1.44E-03
 
 OM24
+        5.81E-02 -1.21E-02 -5.11E-02  7.30E-03  8.97E-02 -4.59E-02 -8.08E-02  6.97E-02 -3.74E-03  7.85E-02 -1.06E-01  1.69E-01
          3.57E-01  3.11E-01  4.07E-01  3.01E-01  6.77E-01  1.16E-03
 
 OM33
+        4.07E-02  2.03E-02 -4.24E-02 -1.87E-02  7.38E-02 -4.53E-02 -7.75E-02  3.51E-02 -4.28E-02 -4.38E-02 -3.76E-01  1.56E-01
          1.88E-01  3.52E-01  2.10E-01  6.90E-02  3.76E-01  2.16E-01  2.83E-03
 
1

            TH 1      TH 2      TH 3      TH 4      TH 5      TH 6      TH 7      TH 8      TH 9      TH10      TH11      OM11  
             OM12      OM13      OM14      OM22      OM23      OM24      OM33      OM34      OM44      SG11  
 
 OM34
+        4.00E-02  4.79E-02 -4.37E-02 -4.35E-02  8.09E-02  2.67E-02 -9.11E-02 -2.28E-02 -1.40E-02  2.41E-02 -3.87E-01  2.09E-01
          2.30E-01  3.52E-01  3.82E-01  7.66E-02  4.22E-01  3.45E-01  8.09E-01  1.98E-03
 
 OM44
+       -2.06E-03  6.12E-02 -1.09E-03 -4.34E-02  8.84E-02  7.05E-02 -9.79E-02 -4.40E-02  5.59E-02  1.79E-01 -3.07E-01  2.05E-01
          2.18E-01  2.85E-01  4.31E-01  3.28E-02  2.85E-01  4.09E-01  4.26E-01  7.68E-01  2.00E-03
 
 SG11
+       ......... ......... ......... ......... ......... ......... ......... ......... ......... ......... ......... .........
         ......... ......... ......... ......... ......... ......... ......... ......... ......... .........
 
1
 ************************************************************************************************************************
 ********************                                                                                ********************
 ********************                          ITERATIVE TWO STAGE (NO PRIOR)                        ********************
 ********************                    INVERSE COVARIANCE MATRIX OF ESTIMATE (S)                   ********************
 ********************                                                                                ********************
 ************************************************************************************************************************
 

            TH 1      TH 2      TH 3      TH 4      TH 5      TH 6      TH 7      TH 8      TH 9      TH10      TH11      OM11  
             OM12      OM13      OM14      OM22      OM23      OM24      OM33      OM34      OM44      SG11  
 
 TH 1
+        1.72E+04
 
 TH 2
+        0.00E+00  1.71E+04
 
 TH 3
+        5.67E+04  0.00E+00  1.97E+05
 
 TH 4
+        0.00E+00  5.55E+04  0.00E+00  1.95E+05
 
 TH 5
+       -1.95E+03  0.00E+00 -5.23E+03  0.00E+00  1.15E+04
 
 TH 6
+        0.00E+00 -3.68E+03  0.00E+00 -1.19E+04  0.00E+00  1.16E+04
 
 TH 7
+       -5.23E+03  0.00E+00 -1.54E+04  0.00E+00  4.01E+04  0.00E+00  1.46E+05
 
 TH 8
+        0.00E+00 -1.19E+04  0.00E+00 -3.97E+04  0.00E+00  3.83E+04  0.00E+00  1.34E+05
 
 TH 9
+       -1.68E+03 -3.54E+03 -5.81E+03 -1.01E+04  5.58E+02  8.82E+01  2.81E+03  4.46E+02  1.95E+04
 
 TH10
+       -1.08E+03 -1.20E+02 -4.07E+03 -7.26E+02 -6.85E+02 -3.29E+03 -8.78E+02 -1.07E+04 -1.49E+04  2.82E+04
 
 TH11
+       -1.98E+03 -1.31E+03 -8.55E+03 -5.86E+03 -1.08E+03  2.02E+02 -4.93E+03  1.35E+02  2.77E+02 -3.90E+03  1.49E+05
 
 OM11
+       -1.02E+04  1.38E+04 -2.14E+04  4.69E+04  9.97E+03 -4.18E+02  3.30E+04 -2.50E+03  7.71E+03 -4.81E+03  1.69E+04  1.43E+06
 
 OM12
+        2.09E+04 -5.33E+02  6.93E+04 -4.18E+03 -5.30E+03 -1.17E+04 -1.86E+04 -3.27E+04  5.64E+03 -9.05E+03  3.84E+04 -5.88E+05
          2.10E+06
 
 OM13
+        7.63E+03  9.73E+03  2.38E+04  4.88E+04  6.19E+03 -1.44E+03  1.68E+04 -6.39E+03 -8.78E+03 -4.46E+03  5.99E+03 -2.42E+05
         -3.84E+04  1.67E+06
 
 OM14
+        8.90E+03 -1.86E+04  2.94E+04 -8.25E+04 -1.83E+04  1.02E+04 -5.46E+04  3.36E+04 -4.97E+03  8.32E+03 -3.12E+04 -2.01E+05
         -6.71E+04 -1.30E+06  2.29E+06
 
 OM22
+       -1.85E+03 -5.83E+03 -5.91E+03 -1.63E+04 -1.38E+04  4.61E+03 -4.82E+04  7.37E+03 -2.49E+03  8.51E+02  6.94E+04  5.92E+04
         -3.19E+05  9.07E+04 -2.92E+04  6.17E+05
 
 OM23
+        6.93E+03 -2.29E+01  1.94E+04 -1.44E+03 -1.05E+02 -8.77E+03 -5.56E+03 -2.13E+04 -1.21E+03  9.31E+03 -2.18E+03 -2.51E+04
         -8.61E+04 -4.06E+05  3.12E+05 -4.71E+04  1.21E+06
 
 OM24
+       -1.79E+04  1.13E+04 -5.37E+04  3.72E+04  3.36E+03 -6.48E+02  1.70E+04 -1.34E+04  8.96E+03 -1.06E+04 -4.72E+04  1.34E+05
         -2.14E+05  2.46E+05 -4.86E+05 -1.73E+05 -9.39E+05  1.89E+06
 
 OM33
+       -1.13E+03 -6.99E+03 -6.38E+03 -2.75E+04 -5.53E+03  5.31E+03 -1.61E+04  1.22E+04  3.54E+03 -4.44E+03  4.14E+04  2.03E+04
         -4.01E+04 -2.79E+05  2.98E+05  3.47E+04  3.09E+04 -4.76E+04  5.71E+05
 
1

            TH 1      TH 2      TH 3      TH 4      TH 5      TH 6      TH 7      TH 8      TH 9      TH10      TH11      OM11  
             OM12      OM13      OM14      OM22      OM23      OM24      OM33      OM34      OM44      SG11  
 
 OM34
+       -6.38E+03  8.79E+03 -1.31E+04  3.62E+04  1.13E+04 -9.60E+02  3.87E+04  3.11E+03 -9.02E+03  2.46E+04  4.83E+02 -1.97E+03
          5.10E+04  3.41E+05 -4.61E+05 -5.23E+04 -3.71E+05  3.15E+05 -9.05E+05  2.24E+06
 
 OM44
+        6.10E+03 -5.88E+03  1.24E+04 -1.84E+04 -1.54E+03 -4.62E+03 -5.36E+03 -1.46E+04  1.25E+04 -3.25E+04  5.59E+04 -3.25E+04
         -2.07E+04 -2.45E+04 -8.20E+04  9.57E+04  2.45E+05 -4.01E+05  3.50E+05 -1.13E+06  1.03E+06
 
 SG11
+       ......... ......... ......... ......... ......... ......... ......... ......... ......... ......... ......... .........
         ......... ......... ......... ......... ......... ......... ......... ......... ......... .........
 
1
 
 
 
 
 
 
 
 
 
 
 
 
 
 
 
 
 
 
 
 
 ************************************************************************************************************************
 ********************                                                                                ********************
 ********************                          ITERATIVE TWO STAGE (NO PRIOR)                        ********************
 ********************                    EIGENVALUES OF COR MATRIX OF ESTIMATE (S)                   ********************
 ********************                                                                                ********************
 ************************************************************************************************************************
 

             1         2         3         4         5         6         7         8         9        10        11        12
             13        14        15        16        17        18        19        20        21
 
         1.76E-02  2.24E-02  2.35E-02  4.30E-02  6.76E-02  1.94E-01  2.50E-01  2.84E-01  4.55E-01  5.57E-01  6.73E-01  6.97E-01
          1.04E+00  1.10E+00  1.28E+00  1.53E+00  1.67E+00  1.73E+00  2.40E+00  2.72E+00  4.24E+00
 
1


 #TBLN:      2
 #METH: Importance Sampling (No Prior)

 ESTIMATION STEP OMITTED:                 NO
 ANALYSIS TYPE:                           POPULATION
 NUMBER OF SADDLE POINT RESET ITERATIONS:      0
 GRADIENT METHOD USED:               NOSLOW
 CONDITIONAL ESTIMATES USED:              YES
 CENTERED ETA:                            NO
 EPS-ETA INTERACTION:                     YES
 LAPLACIAN OBJ. FUNC.:                    NO
 NO. OF FUNCT. EVALS. ALLOWED:            2208
 NO. OF SIG. FIGURES REQUIRED:            2
 INTERMEDIATE PRINTOUT:                   YES
 ESTIMATE OUTPUT TO MSF:                  NO
 ABORT WITH PRED EXIT CODE 1:             NO
 IND. OBJ. FUNC. VALUES SORTED:           NO
 NUMERICAL DERIVATIVE
       FILE REQUEST (NUMDER):               NONE
 MAP (ETAHAT) ESTIMATION METHOD (OPTMAP):   0
 ETA HESSIAN EVALUATION METHOD (ETADER):    0
 INITIAL ETA FOR MAP ESTIMATION (MCETA):    0
 SIGDIGITS FOR MAP ESTIMATION (SIGLO):      8
 GRADIENT SIGDIGITS OF
       FIXED EFFECTS PARAMETERS (SIGL):     8
 NOPRIOR SETTING (NOPRIOR):                 ON
 NOCOV SETTING (NOCOV):                     OFF
 DERCONT SETTING (DERCONT):                 OFF
 FINAL ETA RE-EVALUATION (FNLETA):          ON
 EXCLUDE NON-INFLUENTIAL (NON-INFL.) ETAS
       IN SHRINKAGE (ETASTYPE):             NO
 NON-INFL. ETA CORRECTION (NONINFETA):      OFF
 RAW OUTPUT FILE (FILE): example2_itsimp.ext
 EXCLUDE TITLE (NOTITLE):                   NO
 EXCLUDE COLUMN LABELS (NOLABEL):           NO
 FORMAT FOR ADDITIONAL FILES (FORMAT):      S1PE12.5
 PARAMETER ORDER FOR OUTPUTS (ORDER):       TSOL
 WISHART PRIOR DF INTERPRETATION (WISHTYPE):0
 KNUTHSUMOFF:                               0
 INCLUDE LNTWOPI:                           NO
 INCLUDE CONSTANT TERM TO PRIOR (PRIORC):   NO
 INCLUDE CONSTANT TERM TO OMEGA (ETA) (OLNTWOPI):NO
 EM OR BAYESIAN METHOD USED:                IMPORTANCE SAMPLING (IMP)
 MU MODELING PATTERN (MUM):
 GRADIENT/GIBBS PATTERN (GRD):              DDDDDDDDDDS
 AUTOMATIC SETTING FEATURE (AUTO):          OFF
 CONVERGENCE TYPE (CTYPE):                  3
 CONVERGENCE INTERVAL (CINTERVAL):          1
 CONVERGENCE ITERATIONS (CITER):            10
 CONVERGENCE ALPHA ERROR (CALPHA):          5.000000000000000E-02
 ITERATIONS (NITER):                        100
 ANEAL SETTING (CONSTRAIN):                 1
 STARTING SEED FOR MC METHODS (SEED):       11456
 MC SAMPLES PER SUBJECT (ISAMPLE):          300
 RANDOM SAMPLING METHOD (RANMETHOD):        3U
 EXPECTATION ONLY (EONLY):                  0
 PROPOSAL DENSITY SCALING RANGE
              (ISCALE_MIN, ISCALE_MAX):     0.100000000000000       ,10.0000000000000
 SAMPLE ACCEPTANCE RATE (IACCEPT):          0.400000000000000
 LONG TAIL SAMPLE ACCEPT. RATE (IACCEPTL):   0.00000000000000
 T-DIST. PROPOSAL DENSITY (DF):             0
 NO. ITERATIONS FOR MAP (MAPITER):          0
 INTERVAL ITER. FOR MAP (MAPINTER):         0
 MAP COVARIANCE/MODE SETTING (MAPCOV):      1
 Gradient Quick Value (GRDQ):               0.00000000000000


 THE FOLLOWING LABELS ARE EQUIVALENT
 PRED=PREDI
 RES=RESI
 WRES=WRESI
 IWRS=IWRESI
 IPRD=IPREDI
 IRS=IRESI

 EM/BAYES SETUP:
 THETAS THAT ARE MU MODELED:
   1   2   3   4   5   6   7   8   9  10
 THETAS THAT ARE SIGMA-LIKE:
  11

 MONITORING OF SEARCH:

 iteration            0  OBJ=  -10781.492484773755 eff.=     304. Smpl.=     300. Fit.= 0.98308
 iteration            1  OBJ=  -10782.339129170921 eff.=     125. Smpl.=     300. Fit.= 0.90223
 iteration            2  OBJ=  -10781.267187721414 eff.=     118. Smpl.=     300. Fit.= 0.89773
 iteration            3  OBJ=  -10781.777965447918 eff.=     121. Smpl.=     300. Fit.= 0.89983
 iteration            4  OBJ=  -10781.364715638230 eff.=     121. Smpl.=     300. Fit.= 0.90008
 iteration            5  OBJ=  -10783.113657858057 eff.=     120. Smpl.=     300. Fit.= 0.89923
 iteration            6  OBJ=  -10783.569601321378 eff.=     121. Smpl.=     300. Fit.= 0.89991
 iteration            7  OBJ=  -10780.615002479331 eff.=     120. Smpl.=     300. Fit.= 0.89944
 iteration            8  OBJ=  -10781.900529259730 eff.=     122. Smpl.=     300. Fit.= 0.90080
 iteration            9  OBJ=  -10781.043026521180 eff.=     118. Smpl.=     300. Fit.= 0.89768
 iteration           10  OBJ=  -10784.111704687492 eff.=     123. Smpl.=     300. Fit.= 0.90109
 iteration           11  OBJ=  -10782.314713045706 eff.=     120. Smpl.=     300. Fit.= 0.89937
 iteration           12  OBJ=  -10783.383645155916 eff.=     123. Smpl.=     300. Fit.= 0.90103
 iteration           13  OBJ=  -10783.275133828220 eff.=     119. Smpl.=     300. Fit.= 0.89847
 Convergence achieved
 iteration           13  OBJ=  -10784.643844039994 eff.=     121. Smpl.=     300. Fit.= 0.89990

 #TERM:
 OPTIMIZATION WAS COMPLETED


 ETABAR IS THE ARITHMETIC MEAN OF THE ETA-ESTIMATES,
 AND THE P-VALUE IS GIVEN FOR THE NULL HYPOTHESIS THAT THE TRUE MEAN IS 0.

 ETABAR:        -1.7331E-04  1.8583E-04 -1.8283E-04 -2.1659E-04
 SE:             4.7207E-03  2.9794E-03  2.8886E-03  3.7001E-03
 N:                     400         400         400         400

 P VAL.:         9.7071E-01  9.5027E-01  9.4953E-01  9.5332E-01

 ETASHRINKSD(%)  6.9638E+00  3.3252E+01  4.1559E+01  2.4877E+01
 ETASHRINKVR(%)  1.3443E+01  5.5448E+01  6.5847E+01  4.3565E+01
 EBVSHRINKSD(%)  6.9544E+00  3.3020E+01  4.1417E+01  2.5120E+01
 EBVSHRINKVR(%)  1.3425E+01  5.5136E+01  6.5680E+01  4.3930E+01
 EPSSHRINKSD(%)  2.6381E+01
 EPSSHRINKVR(%)  4.5803E+01

  
 TOTAL DATA POINTS NORMALLY DISTRIBUTED (N):         2000
 N*LOG(2PI) CONSTANT TO OBJECTIVE FUNCTION:    3675.7541328186908     
 OBJECTIVE FUNCTION VALUE WITHOUT CONSTANT:   -10784.643844039994     
 OBJECTIVE FUNCTION VALUE WITH CONSTANT:      -7108.8897112213035     
 REPORTED OBJECTIVE FUNCTION DOES NOT CONTAIN CONSTANT
  
 TOTAL EFFECTIVE ETAS (NIND*NETA):                          1600
  
 #TERE:
 Elapsed estimation  time in seconds:    22.53
 Elapsed covariance  time in seconds:     4.08
1
 
 
 
 
 
 
 
 
 
 
 
 
 
 
 
 
 
 
 
 
 ************************************************************************************************************************
 ********************                                                                                ********************
 ********************                          IMPORTANCE SAMPLING (NO PRIOR)                        ********************
 #OBJT:**************                        FINAL VALUE OF OBJECTIVE FUNCTION                       ********************
 ********************                                                                                ********************
 ************************************************************************************************************************
 





 #OBJV:********************************************   -10784.644       **************************************************
1
 ************************************************************************************************************************
 ********************                                                                                ********************
 ********************                          IMPORTANCE SAMPLING (NO PRIOR)                        ********************
 ********************                             FINAL PARAMETER ESTIMATE                           ********************
 ********************                                                                                ********************
 ************************************************************************************************************************
 


 THETA - VECTOR OF FIXED EFFECTS PARAMETERS   *********


         TH 1      TH 2      TH 3      TH 4      TH 5      TH 6      TH 7      TH 8      TH 9      TH10      TH11     
 
         3.30E+00  3.25E+00 -6.12E-01 -2.09E-01  7.38E-01  1.14E+00  3.34E-01  1.91E-01  6.91E-01  2.30E+00  1.00E-01
 


 OMEGA - COV MATRIX FOR RANDOM EFFECTS - ETAS  ********


         ETA1      ETA2      ETA3      ETA4     
 
 ETA1
+        1.03E-02
 
 ETA2
+        1.96E-04  7.99E-03
 
 ETA3
+        1.19E-03 -2.33E-04  9.80E-03
 
 ETA4
+       -6.57E-04  5.05E-04  1.93E-03  9.73E-03
 


 SIGMA - COV MATRIX FOR RANDOM EFFECTS - EPSILONS  ****


         EPS1     
 
 EPS1
+        1.00E+00
 
1


 OMEGA - CORR MATRIX FOR RANDOM EFFECTS - ETAS  *******


         ETA1      ETA2      ETA3      ETA4     
 
 ETA1
+        1.02E-01
 
 ETA2
+        2.15E-02  8.94E-02
 
 ETA3
+        1.19E-01 -2.63E-02  9.90E-02
 
 ETA4
+       -6.55E-02  5.73E-02  1.98E-01  9.86E-02
 


 SIGMA - CORR MATRIX FOR RANDOM EFFECTS - EPSILONS  ***


         EPS1     
 
 EPS1
+        1.00E+00
 
1
 ************************************************************************************************************************
 ********************                                                                                ********************
 ********************                          IMPORTANCE SAMPLING (NO PRIOR)                        ********************
 ********************                         STANDARD ERROR OF ESTIMATE (RSR)                       ********************
 ********************                                                                                ********************
 ************************************************************************************************************************
 


 THETA - VECTOR OF FIXED EFFECTS PARAMETERS   *********


         TH 1      TH 2      TH 3      TH 4      TH 5      TH 6      TH 7      TH 8      TH 9      TH10      TH11     
 
         2.91E-02  2.89E-02  8.49E-03  8.33E-03  3.32E-02  3.25E-02  1.01E-02  9.37E-03  1.07E-02  8.65E-03  2.63E-03
 


 OMEGA - COV MATRIX FOR RANDOM EFFECTS - ETAS  ********


         ETA1      ETA2      ETA3      ETA4     
 
 ETA1
+        9.66E-04
 
 ETA2
+        8.41E-04  1.28E-03
 
 ETA3
+        1.21E-03  1.34E-03  2.67E-03
 
 ETA4
+        8.83E-04  1.10E-03  1.84E-03  1.71E-03
 


 SIGMA - COV MATRIX FOR RANDOM EFFECTS - EPSILONS  ****


         EPS1     
 
 EPS1
+        0.00E+00
 
1


 OMEGA - CORR MATRIX FOR RANDOM EFFECTS - ETAS  *******


         ETA1      ETA2      ETA3      ETA4     
 
 ETA1
+        4.75E-03
 
 ETA2
+        9.18E-02  7.15E-03
 
 ETA3
+        1.10E-01  1.52E-01  1.35E-02
 
 ETA4
+        9.04E-02  1.23E-01  1.54E-01  8.65E-03
 


 SIGMA - CORR MATRIX FOR RANDOM EFFECTS - EPSILONS  ***


         EPS1     
 
 EPS1
+       .........
 
1
 ************************************************************************************************************************
 ********************                                                                                ********************
 ********************                          IMPORTANCE SAMPLING (NO PRIOR)                        ********************
 ********************                       COVARIANCE MATRIX OF ESTIMATE (RSR)                      ********************
 ********************                                                                                ********************
 ************************************************************************************************************************
 

            TH 1      TH 2      TH 3      TH 4      TH 5      TH 6      TH 7      TH 8      TH 9      TH10      TH11      OM11  
             OM12      OM13      OM14      OM22      OM23      OM24      OM33      OM34      OM44      SG11  
 
 TH 1
+        8.49E-04
 
 TH 2
+        2.28E-05  8.35E-04
 
 TH 3
+       -2.37E-04 -6.22E-06  7.21E-05
 
 TH 4
+       -1.39E-06 -2.32E-04  4.83E-07  6.94E-05
 
 TH 5
+        1.07E-04  1.49E-05 -3.50E-05 -2.35E-06  1.10E-03
 
 TH 6
+        5.42E-05  3.54E-04 -1.34E-05 -9.53E-05  1.93E-05  1.05E-03
 
 TH 7
+       -3.78E-05 -5.31E-06  1.36E-05  7.19E-07 -3.21E-04 -8.21E-06  1.02E-04
 
 TH 8
+       -1.08E-05 -9.86E-05  2.73E-06  2.84E-05 -3.25E-06 -2.90E-04  1.52E-06  8.77E-05
 
 TH 9
+        6.92E-05  3.45E-05 -1.80E-05 -1.11E-06  2.70E-05  7.91E-05 -1.12E-05 -1.41E-05  1.14E-04
 
 TH10
+        4.14E-05  2.96E-05 -1.00E-05 -2.89E-06  2.39E-05  6.71E-05 -8.21E-06 -1.17E-05  6.56E-05  7.48E-05
 
 TH11
+        8.20E-06  4.29E-06 -2.62E-06 -1.25E-06  1.10E-05 -1.27E-07 -3.41E-06 -2.34E-07  1.83E-06  9.22E-07  6.91E-06
 
 OM11
+       -2.81E-06 -3.57E-07  1.04E-06  3.16E-07 -5.13E-07 -5.95E-08  4.79E-07  1.89E-07  5.50E-07  3.69E-07 -3.58E-07  9.32E-07
 
 OM12
+        5.69E-08 -7.70E-07  3.46E-07  3.34E-07 -1.10E-06 -1.72E-06  5.34E-07  6.14E-07  8.78E-07  4.48E-07 -2.84E-07  2.18E-07
          7.07E-07
 
 OM13
+       -1.25E-06 -2.26E-06  8.49E-07  7.17E-07 -1.77E-07 -1.43E-07  3.73E-07  3.72E-07 -3.27E-07  2.67E-07 -4.91E-07  5.40E-07
          4.52E-08  1.45E-06
 
 OM14
+       -3.50E-07 -2.56E-06  3.80E-07  7.75E-07 -2.81E-06  2.46E-07  8.79E-07  1.64E-07  6.01E-08 -1.69E-08 -5.57E-07  3.08E-07
          1.48E-07  6.96E-07  7.80E-07
 
 OM22
+       -2.39E-06 -1.04E-06  8.04E-07  4.54E-07 -4.40E-06  1.98E-06  1.14E-06 -9.78E-08  7.02E-07  5.15E-07 -1.30E-06  1.10E-07
          3.10E-07 -2.23E-08  3.02E-08  1.63E-06
 
 OM23
+        1.36E-06 -5.33E-07 -1.40E-07  4.74E-07  5.87E-06 -3.39E-06 -1.07E-06  1.22E-06  3.02E-06  1.96E-06  1.31E-08 -5.56E-09
          2.31E-07  2.21E-07  7.07E-08  1.15E-07  1.80E-06
 
 OM24
+       -1.29E-06  1.12E-07  3.72E-07  2.13E-07  1.32E-06 -3.18E-06 -1.55E-07  1.15E-06  1.69E-06  5.56E-07 -3.21E-07  2.37E-08
          1.43E-07  9.35E-09  1.22E-07  3.89E-07  8.82E-07  1.22E-06
 
 OM33
+       -5.09E-06 -2.99E-06  1.74E-06  9.25E-07 -4.53E-06  2.73E-06  1.90E-06  1.71E-07 -1.72E-06 -2.60E-07 -2.45E-06  2.62E-07
         -1.06E-07  1.59E-06  7.57E-07  1.61E-07  5.11E-07  9.66E-08  7.14E-06
 
1

            TH 1      TH 2      TH 3      TH 4      TH 5      TH 6      TH 7      TH 8      TH 9      TH10      TH11      OM11  
             OM12      OM13      OM14      OM22      OM23      OM24      OM33      OM34      OM44      SG11  
 
 OM34
+       -4.45E-06 -2.07E-06  1.48E-06  5.70E-07 -4.21E-06  4.49E-07  1.81E-06  1.47E-07 -1.70E-06 -1.51E-06 -1.73E-06  6.48E-08
         -5.64E-08  7.96E-07  5.00E-07  1.17E-07  4.55E-07  2.39E-07  4.00E-06  3.40E-06
 
 OM44
+       -2.58E-06 -1.59E-06  8.82E-07  2.34E-07 -5.39E-06  1.87E-07  2.01E-06 -3.59E-07 -2.62E-06 -3.38E-06 -1.37E-06 -6.61E-08
         -5.06E-08  2.12E-07  2.53E-07  1.95E-07  1.96E-07  3.26E-07  2.01E-06  2.41E-06  2.91E-06
 
 SG11
+       ......... ......... ......... ......... ......... ......... ......... ......... ......... ......... ......... .........
         ......... ......... ......... ......... ......... ......... ......... ......... ......... .........
 
1
 ************************************************************************************************************************
 ********************                                                                                ********************
 ********************                          IMPORTANCE SAMPLING (NO PRIOR)                        ********************
 ********************                       CORRELATION MATRIX OF ESTIMATE (RSR)                     ********************
 ********************                                                                                ********************
 ************************************************************************************************************************
 

            TH 1      TH 2      TH 3      TH 4      TH 5      TH 6      TH 7      TH 8      TH 9      TH10      TH11      OM11  
             OM12      OM13      OM14      OM22      OM23      OM24      OM33      OM34      OM44      SG11  
 
 TH 1
+        2.91E-02
 
 TH 2
+        2.71E-02  2.89E-02
 
 TH 3
+       -9.57E-01 -2.54E-02  8.49E-03
 
 TH 4
+       -5.74E-03 -9.63E-01  6.82E-03  8.33E-03
 
 TH 5
+        1.10E-01  1.55E-02 -1.24E-01 -8.47E-03  3.32E-02
 
 TH 6
+        5.72E-02  3.77E-01 -4.87E-02 -3.52E-01  1.79E-02  3.25E-02
 
 TH 7
+       -1.29E-01 -1.82E-02  1.59E-01  8.56E-03 -9.57E-01 -2.51E-02  1.01E-02
 
 TH 8
+       -3.94E-02 -3.64E-01  3.43E-02  3.64E-01 -1.04E-02 -9.52E-01  1.62E-02  9.37E-03
 
 TH 9
+        2.22E-01  1.12E-01 -1.98E-01 -1.25E-02  7.60E-02  2.28E-01 -1.04E-01 -1.41E-01  1.07E-02
 
 TH10
+        1.64E-01  1.18E-01 -1.37E-01 -4.01E-02  8.30E-02  2.39E-01 -9.42E-02 -1.45E-01  7.10E-01  8.65E-03
 
 TH11
+        1.07E-01  5.65E-02 -1.18E-01 -5.70E-02  1.26E-01 -1.49E-03 -1.29E-01 -9.51E-03  6.52E-02  4.05E-02  2.63E-03
 
 OM11
+       -9.97E-02 -1.28E-02  1.27E-01  3.93E-02 -1.60E-02 -1.90E-03  4.93E-02  2.09E-02  5.34E-02  4.42E-02 -1.41E-01  9.66E-04
 
 OM12
+        2.32E-03 -3.17E-02  4.85E-02  4.77E-02 -3.94E-02 -6.30E-02  6.30E-02  7.80E-02  9.78E-02  6.16E-02 -1.29E-01  2.68E-01
          8.41E-04
 
 OM13
+       -3.56E-02 -6.49E-02  8.30E-02  7.13E-02 -4.41E-03 -3.64E-03  3.07E-02  3.29E-02 -2.54E-02  2.56E-02 -1.55E-01  4.64E-01
          4.46E-02  1.21E-03
 
 OM14
+       -1.36E-02 -1.00E-01  5.07E-02  1.05E-01 -9.58E-02  8.56E-03  9.88E-02  1.98E-02  6.38E-03 -2.22E-03 -2.40E-01  3.61E-01
          2.00E-01  6.53E-01  8.83E-04
 
 OM22
+       -6.43E-02 -2.81E-02  7.42E-02  4.27E-02 -1.04E-01  4.76E-02  8.90E-02 -8.17E-03  5.15E-02  4.66E-02 -3.86E-01  8.92E-02
          2.88E-01 -1.45E-02  2.67E-02  1.28E-03
 
 OM23
+        3.49E-02 -1.37E-02 -1.23E-02  4.24E-02  1.32E-01 -7.79E-02 -7.93E-02  9.69E-02  2.11E-01  1.69E-01  3.71E-03 -4.29E-03
          2.05E-01  1.37E-01  5.97E-02  6.72E-02  1.34E-03
 
 OM24
+       -4.03E-02  3.51E-03  3.97E-02  2.32E-02  3.60E-02 -8.87E-02 -1.39E-02  1.11E-01  1.43E-01  5.83E-02 -1.11E-01  2.23E-02
          1.54E-01  7.03E-03  1.25E-01  2.76E-01  5.96E-01  1.10E-03
 
 OM33
+       -6.54E-02 -3.87E-02  7.67E-02  4.15E-02 -5.10E-02  3.15E-02  7.07E-02  6.84E-03 -6.02E-02 -1.13E-02 -3.49E-01  1.02E-01
         -4.72E-02  4.95E-01  3.21E-01  4.73E-02  1.42E-01  3.28E-02  2.67E-03
 
1

            TH 1      TH 2      TH 3      TH 4      TH 5      TH 6      TH 7      TH 8      TH 9      TH10      TH11      OM11  
             OM12      OM13      OM14      OM22      OM23      OM24      OM33      OM34      OM44      SG11  
 
 OM34
+       -8.29E-02 -3.89E-02  9.46E-02  3.71E-02 -6.87E-02  7.50E-03  9.74E-02  8.53E-03 -8.63E-02 -9.48E-02 -3.56E-01  3.64E-02
         -3.64E-02  3.58E-01  3.07E-01  4.97E-02  1.84E-01  1.17E-01  8.12E-01  1.84E-03
 
 OM44
+       -5.19E-02 -3.23E-02  6.09E-02  1.64E-02 -9.49E-02  3.38E-03  1.17E-01 -2.25E-02 -1.44E-01 -2.29E-01 -3.06E-01 -4.01E-02
         -3.53E-02  1.03E-01  1.68E-01  8.93E-02  8.55E-02  1.73E-01  4.41E-01  7.66E-01  1.71E-03
 
 SG11
+       ......... ......... ......... ......... ......... ......... ......... ......... ......... ......... ......... .........
         ......... ......... ......... ......... ......... ......... ......... ......... ......... .........
 
1
 ************************************************************************************************************************
 ********************                                                                                ********************
 ********************                          IMPORTANCE SAMPLING (NO PRIOR)                        ********************
 ********************                   INVERSE COVARIANCE MATRIX OF ESTIMATE (RSR)                  ********************
 ********************                                                                                ********************
 ************************************************************************************************************************
 

            TH 1      TH 2      TH 3      TH 4      TH 5      TH 6      TH 7      TH 8      TH 9      TH10      TH11      OM11  
             OM12      OM13      OM14      OM22      OM23      OM24      OM33      OM34      OM44      SG11  
 
 TH 1
+        1.54E+04
 
 TH 2
+       -1.30E+02  2.03E+04
 
 TH 3
+        5.08E+04 -2.03E+02  1.83E+05
 
 TH 4
+       -3.30E+02  6.74E+04 -3.17E+02  2.41E+05
 
 TH 5
+       -2.15E+03  3.24E+02 -7.93E+03  9.86E+02  1.21E+04
 
 TH 6
+       -4.83E+01 -3.34E+03 -6.98E+01 -1.04E+04 -3.18E+02  1.28E+04
 
 TH 7
+       -7.86E+03  9.51E+02 -3.02E+04  3.01E+03  3.85E+04 -8.03E+02  1.33E+05
 
 TH 8
+       -3.30E+01 -1.06E+04  2.91E+02 -3.86E+04 -7.15E+02  4.12E+04 -1.80E+03  1.47E+05
 
 TH 9
+       -1.06E+03 -4.03E+03 -1.20E+03 -1.44E+04  1.81E+03 -1.31E+03  6.19E+03 -2.75E+03  2.06E+04
 
 TH10
+       -9.69E+02 -3.20E+02 -3.20E+03 -6.87E+02 -6.44E+02 -2.83E+03 -1.80E+03 -7.87E+03 -1.54E+04  2.97E+04
 
 TH11
+       -1.05E+02  4.66E+02  2.41E+03  2.52E+03 -1.52E+02 -2.34E+03  1.15E+03 -7.05E+03 -2.88E+03  3.30E+03  2.13E+05
 
 OM11
+        9.80E+03 -1.49E+04  1.73E+04 -4.90E+04 -1.53E+04  2.09E+03 -4.99E+04  6.33E+03 -1.28E+04  4.45E+03  4.83E+04  1.62E+06
 
 OM12
+       -2.36E+04 -3.17E+02 -8.01E+04  2.92E+03 -5.32E+03  4.27E+03 -2.04E+04  7.85E+02 -6.13E+03  4.83E+03  3.95E+03 -4.42E+05
          1.94E+06
 
 OM13
+       -2.07E+04  9.69E+02 -7.21E+04  5.61E+03 -3.54E+03  1.87E+03 -3.81E+03  7.03E+02  1.35E+04 -5.30E+03 -6.91E+04 -6.88E+05
          4.02E+05  1.92E+06
 
 OM14
+       -2.50E+03  1.07E+04  1.17E+03  1.58E+04  1.66E+04 -1.24E+04  4.01E+04 -2.76E+04 -7.25E+03  7.41E+03  1.16E+05 -1.90E+04
         -5.58E+05 -1.33E+06  2.75E+06
 
 OM22
+       -2.20E+02  2.47E+03 -3.79E+03  9.04E+02  9.46E+03 -1.37E+04  2.52E+04 -3.69E+04  2.17E+03 -3.45E+03  1.52E+05  3.22E+03
         -3.49E+05 -7.44E+04  2.48E+05  8.89E+05
 
 OM23
+       -3.37E+03 -2.24E+02 -7.19E+03 -5.10E+03 -1.71E+04  6.59E+03 -4.81E+04  1.85E+04 -1.32E+04 -1.00E+04 -2.72E+04  1.89E+05
         -3.39E+05 -3.06E+05  3.38E+05  1.19E+05  1.11E+06
 
 OM24
+        1.05E+04 -8.20E+03  2.52E+04 -1.65E+04 -9.81E+02 -8.44E+02 -1.61E+03 -1.93E+04 -1.06E+04  1.02E+04 -5.73E+02 -7.63E+04
          1.93E+05  2.87E+05 -4.80E+05 -3.25E+05 -8.07E+05  1.60E+06
 
 OM33
+        1.89E+03  2.26E+03  1.01E+04  5.90E+03  2.41E+03 -7.77E+03  6.23E+03 -2.24E+04  4.10E+03 -1.37E+03  5.71E+04  5.84E+04
          1.64E+04 -3.26E+05  1.73E+05 -3.87E+03  3.74E+04 -3.88E+03  6.24E+05
 
1

            TH 1      TH 2      TH 3      TH 4      TH 5      TH 6      TH 7      TH 8      TH 9      TH10      TH11      OM11  
             OM12      OM13      OM14      OM22      OM23      OM24      OM33      OM34      OM44      SG11  
 
 OM34
+        7.09E+03 -6.76E+03  9.36E+03 -1.91E+04 -6.18E+03  1.39E+02 -1.93E+04 -8.45E+03 -9.04E+02 -1.21E+04  5.42E+03  6.47E+04
          3.68E+04  7.76E+04 -3.02E+05  5.92E+04 -2.61E+05  1.85E+05 -9.16E+05  2.35E+06
 
 OM44
+       -8.99E+03  4.16E+03 -2.05E+04  1.14E+04 -2.59E+02  4.53E+03 -5.18E+03  2.59E+04 -4.41E+03  3.20E+04  4.30E+04  5.09E+03
          3.46E+04  9.47E+04  5.24E+04 -3.09E+04  1.55E+05 -2.33E+05  3.62E+05 -1.31E+06  1.24E+06
 
 SG11
+       ......... ......... ......... ......... ......... ......... ......... ......... ......... ......... ......... .........
         ......... ......... ......... ......... ......... ......... ......... ......... ......... .........
 
1
 
 
 
 
 
 
 
 
 
 
 
 
 
 
 
 
 
 
 
 
 ************************************************************************************************************************
 ********************                                                                                ********************
 ********************                          IMPORTANCE SAMPLING (NO PRIOR)                        ********************
 ********************                   EIGENVALUES OF COR MATRIX OF ESTIMATE (RSR)                  ********************
 ********************                                                                                ********************
 ************************************************************************************************************************
 

             1         2         3         4         5         6         7         8         9        10        11        12
             13        14        15        16        17        18        19        20        21
 
         2.74E-02  3.26E-02  4.41E-02  4.65E-02  7.57E-02  2.06E-01  2.68E-01  3.10E-01  5.10E-01  5.64E-01  5.96E-01  7.41E-01
          9.89E-01  1.26E+00  1.33E+00  1.69E+00  1.76E+00  1.94E+00  2.39E+00  2.75E+00  3.48E+00
 
 Elapsed postprocess time in seconds:     0.00
 Elapsed finaloutput time in seconds:     0.00
 #CPUT: Total CPU Time in Seconds,       42.881
Stop Time:
Tue May  4 16:33:46 EDT 2021
