Wed Jul  8 17:29:44 EDT 2020
$PROBLEM BS-66 106-104 + COV-effects(CRCL, AGE) on CL

$INPUT C ID NUM OID SUBJ TIME SEQ CMT EVID AMT DV AGE WT CRCL ALB BMI AAG
       SCR AST ALT HT CP TAFD TAD LDOS MDV BLQ PHASE

$DATA ../data/66.csv IGNORE=(C='C', BLQ=1)

$SUBROUTINE ADVAN4 TRANS4

$PK
 
;log transformed PK parms
 
V2WT = LOG(WT/70)
CLWT = LOG(WT/70)*0.75
CLCR = LOG(CRCL/90)*THETA(6)
CLAGE = LOG(AGE/35)*THETA(7)
V3WT = LOG(WT/70)
QWT  = LOG(WT/70)*0.75
CLALB = LOG(ALB/4.5)*THETA(8)


KA   = EXP(THETA(1)+ETA(1))
V2   = EXP(THETA(2)+V2WT+ETA(2))
CL   = EXP(THETA(3)+CLWT+CLCR+CLAGE+CLALB+ETA(3))
V3   = EXP(THETA(4)+V3WT)
Q    = EXP(THETA(5)+QWT) 

S2 = V2/1000 ; dose in mcg, conc in mcg/mL

$ERROR
IPRED = F 
Y=IPRED*(1+EPS(1))

$THETA  ; log values
(0.5)   ;  1 KA (1/hr) - 1.5
(3.5)   ;  2 V2 (L) - 60
(1)     ;  3 CL (L/hr) - 3.5
(4)     ;  4 V3 (L) - 70
(2)     ;  5 Q  (L/hr) - 4
(1)     ;  6 CLCR~CL ()
(1)     ;  7 AGE~CL ()
(0.5)   ;  8 ALB~CL ()

$OMEGA BLOCK(3)
0.2   ;ETA(KA)
0.01 0.2   ;ETA(V2)
0.01 0.01 0.2   ;ETA(CL)

$SIGMA
0.05     ; 1 pro error

$EST MAXEVAL=9999 METHOD=1 INTER SIGL=6 NSIG=3 PRINT=1
NM-TRAN MESSAGES
  
 WARNINGS AND ERRORS (IF ANY) FOR PROBLEM    1
             
 (WARNING  2) NM-TRAN INFERS THAT THE DATA ARE POPULATION.

License Registered to: Metrum
Expiration Date:    14 JUL 2021
Current Date:        8 JUL 2020
Days until program expires : 371
1NONLINEAR MIXED EFFECTS MODEL PROGRAM (NONMEM) VERSION 7.4.4
 ORIGINALLY DEVELOPED BY STUART BEAL, LEWIS SHEINER, AND ALISON BOECKMANN
 CURRENT DEVELOPERS ARE ROBERT BAUER, ICON DEVELOPMENT SOLUTIONS,
 AND ALISON BOECKMANN. IMPLEMENTATION, EFFICIENCY, AND STANDARDIZATION
 PERFORMED BY NOUS INFOSYSTEMS.

 PROBLEM NO.:         1
 BS-66 106-104 + COV-effects(CRCL, AGE) on CL
0DATA CHECKOUT RUN:              NO
 DATA SET LOCATED ON UNIT NO.:    2
 THIS UNIT TO BE REWOUND:        NO
 NO. OF DATA RECS IN DATA SET:     4359
 NO. OF DATA ITEMS IN DATA SET:  28
 ID DATA ITEM IS DATA ITEM NO.:   2
 DEP VARIABLE IS DATA ITEM NO.:  11
 MDV DATA ITEM IS DATA ITEM NO.: 26
0INDICES PASSED TO SUBROUTINE PRED:
   9   6  10   0   0   0   8   0   0   0   0
0LABELS FOR DATA ITEMS:
 C ID NUM OID SUBJ TIME SEQ CMT EVID AMT DV AGE WT CRCL ALB BMI AAG SCR AST ALT HT CP TAFD TAD LDOS MDV BLQ PHASE
0FORMAT FOR DATA:
 (2(10E7.0/),8E7.0)

 TOT. NO. OF OBS RECS:     3176
 TOT. NO. OF INDIVIDUALS:      160
0LENGTH OF THETA:   8
0DEFAULT THETA BOUNDARY TEST OMITTED:    NO
0OMEGA HAS BLOCK FORM:
  1
  1  1
  1  1  1
0DEFAULT OMEGA BOUNDARY TEST OMITTED:    NO
0SIGMA HAS SIMPLE DIAGONAL FORM WITH DIMENSION:   1
0DEFAULT SIGMA BOUNDARY TEST OMITTED:    NO
0INITIAL ESTIMATE OF THETA:
   0.5000E+00  0.3500E+01  0.1000E+01  0.4000E+01  0.2000E+01  0.1000E+01  0.1000E+01  0.5000E+00
0INITIAL ESTIMATE OF OMEGA:
 BLOCK SET NO.   BLOCK                                                                    FIXED
        1                                                                                   NO
                  0.2000E+00
                  0.1000E-01   0.2000E+00
                  0.1000E-01   0.1000E-01   0.2000E+00
0INITIAL ESTIMATE OF SIGMA:
 0.5000E-01
1DOUBLE PRECISION PREDPP VERSION 7.4.4

 TWO COMPARTMENT MODEL WITH FIRST-ORDER ABSORPTION (ADVAN4)
0MAXIMUM NO. OF BASIC PK PARAMETERS:   5
0BASIC PK PARAMETERS (AFTER TRANSLATION):
   BASIC PK PARAMETER NO.  1: ELIMINATION RATE (K)
   BASIC PK PARAMETER NO.  2: CENTRAL-TO-PERIPH. RATE (K23)
   BASIC PK PARAMETER NO.  3: PERIPH.-TO-CENTRAL RATE (K32)
   BASIC PK PARAMETER NO.  5: ABSORPTION RATE (KA)
 TRANSLATOR WILL CONVERT PARAMETERS
 CL, V2, Q, V3 TO K, K23, K32 (TRANS4)
0COMPARTMENT ATTRIBUTES
 COMPT. NO.   FUNCTION   INITIAL    ON/OFF      DOSE      DEFAULT    DEFAULT
                         STATUS     ALLOWED    ALLOWED    FOR DOSE   FOR OBS.
    1         DEPOT        OFF        YES        YES        YES        NO
    2         CENTRAL      ON         NO         YES        NO         YES
    3         PERIPH.      ON         NO         YES        NO         NO
    4         OUTPUT       OFF        YES        NO         NO         NO
1
 ADDITIONAL PK PARAMETERS - ASSIGNMENT OF ROWS IN GG
 COMPT. NO.                             INDICES
              SCALE      BIOAVAIL.   ZERO-ORDER  ZERO-ORDER  ABSORB
                         FRACTION    RATE        DURATION    LAG
    1            *           *           *           *           *
    2            6           *           *           *           *
    3            *           *           *           *           *
    4            *           -           -           -           -
             - PARAMETER IS NOT ALLOWED FOR THIS MODEL
             * PARAMETER IS NOT SUPPLIED BY PK SUBROUTINE;
               WILL DEFAULT TO ONE IF APPLICABLE
0DATA ITEM INDICES USED BY PRED ARE:
   EVENT ID DATA ITEM IS DATA ITEM NO.:      9
   TIME DATA ITEM IS DATA ITEM NO.:          6
   DOSE AMOUNT DATA ITEM IS DATA ITEM NO.:  10
   COMPT. NO. DATA ITEM IS DATA ITEM NO.:    8

0PK SUBROUTINE CALLED WITH EVERY EVENT RECORD.
 PK SUBROUTINE NOT CALLED AT NONEVENT (ADDITIONAL OR LAGGED) DOSE TIMES.
0ERROR SUBROUTINE CALLED WITH EVERY EVENT RECORD.
1


 #TBLN:      1
 #METH: First Order Conditional Estimation with Interaction

 ESTIMATION STEP OMITTED:                 NO
 ANALYSIS TYPE:                           POPULATION
 NUMBER OF SADDLE POINT RESET ITERATIONS:      0
 GRADIENT METHOD USED:               NOSLOW
 CONDITIONAL ESTIMATES USED:              YES
 CENTERED ETA:                            NO
 EPS-ETA INTERACTION:                     YES
 LAPLACIAN OBJ. FUNC.:                    NO
 NO. OF FUNCT. EVALS. ALLOWED:            9999
 NO. OF SIG. FIGURES REQUIRED:            3
 INTERMEDIATE PRINTOUT:                   YES
 ESTIMATE OUTPUT TO MSF:                  NO
 IND. OBJ. FUNC. VALUES SORTED:           NO
 NUMERICAL DERIVATIVE
       FILE REQUEST (NUMDER):               NONE
 MAP (ETAHAT) ESTIMATION METHOD (OPTMAP):   0
 ETA HESSIAN EVALUATION METHOD (ETADER):    0
 INITIAL ETA FOR MAP ESTIMATION (MCETA):    0
 SIGDIGITS FOR MAP ESTIMATION (SIGLO):      6
 GRADIENT SIGDIGITS OF
       FIXED EFFECTS PARAMETERS (SIGL):     6
 NOPRIOR SETTING (NOPRIOR):                 OFF
 NOCOV SETTING (NOCOV):                     OFF
 DERCONT SETTING (DERCONT):                 OFF
 FINAL ETA RE-EVALUATION (FNLETA):          ON
 EXCLUDE NON-INFLUENTIAL (NON-INFL.) ETAS
       IN SHRINKAGE (ETASTYPE):             NO
 NON-INFL. ETA CORRECTION (NONINFETA):      OFF
 RAW OUTPUT FILE (FILE): 66.ext
 EXCLUDE TITLE (NOTITLE):                   NO
 EXCLUDE COLUMN LABELS (NOLABEL):           NO
 FORMAT FOR ADDITIONAL FILES (FORMAT):      S1PE12.5
 PARAMETER ORDER FOR OUTPUTS (ORDER):       TSOL
 WISHART PRIOR DF INTERPRETATION (WISHTYPE):0
 KNUTHSUMOFF:                               0
 INCLUDE LNTWOPI:                           NO
 INCLUDE CONSTANT TERM TO PRIOR (PRIORC):   NO
 INCLUDE CONSTANT TERM TO OMEGA (ETA) (OLNTWOPI):NO
 ADDITIONAL CONVERGENCE TEST (CTYPE=4)?:    NO
 EM OR BAYESIAN METHOD USED:                 NONE


 THE FOLLOWING LABELS ARE EQUIVALENT
 PRED=PREDI
 RES=RESI
 WRES=WRESI
 IWRS=IWRESI
 IPRD=IPREDI
 IRS=IRESI

 MONITORING OF SEARCH:


0ITERATION NO.:    0    OBJECTIVE VALUE:   32816.5962191438        NO. OF FUNC. EVALS.:  11
 CUMULATIVE NO. OF FUNC. EVALS.:       11
 NPARAMETR:  5.0000E-01  3.5000E+00  1.0000E+00  4.0000E+00  2.0000E+00  1.0000E+00  1.0000E+00  5.0000E-01  2.0000E-01  1.0000E-02
             1.0000E-02  2.0000E-01  1.0000E-02  2.0000E-01  5.0000E-02
 PARAMETER:  1.0000E-01  1.0000E-01  1.0000E-01  1.0000E-01  1.0000E-01  1.0000E-01  1.0000E-01  1.0000E-01  1.0000E-01  1.0000E-01
             1.0000E-01  1.0000E-01  1.0000E-01  1.0000E-01  1.0000E-01
 GRADIENT:   1.3794E+03 -2.7089E+04 -2.7122E+03 -5.7120E+04  1.6857E+04  1.8990E+03  1.3645E+03  2.7019E+02 -4.0464E+01  1.6964E+01
            -9.6454E+00 -2.7864E+02 -1.1872E+02 -8.9713E+01  3.3782E+02

0ITERATION NO.:    1    OBJECTIVE VALUE:   32515.4251068206        NO. OF FUNC. EVALS.:  15
 CUMULATIVE NO. OF FUNC. EVALS.:       26
 NPARAMETR:  4.9928E-01  3.5996E+00  1.0029E+00  4.2401E+00  1.9646E+00  9.9800E-01  9.9857E-01  4.9986E-01  2.0000E-01  9.9999E-03
             1.0000E-02  2.0001E-01  1.0001E-02  2.0000E-01  4.9996E-02
 PARAMETER:  9.9855E-02  1.0285E-01  1.0029E-01  1.0600E-01  9.8228E-02  9.9800E-02  9.9857E-02  9.9972E-02  1.0000E-01  9.9998E-02
             1.0000E-01  1.0003E-01  1.0001E-01  1.0001E-01  9.9964E-02
 GRADIENT:   2.3120E+03 -1.7959E+04 -3.3423E+03 -1.0970E+03  1.8883E+04  1.8540E+03  1.3803E+03  2.8580E+02 -1.3893E+02  1.9951E+01
             1.3764E+01 -5.3098E+01 -9.7626E+01 -1.1278E+02  5.5583E+02

0ITERATION NO.:    2    OBJECTIVE VALUE:   32088.2398681111        NO. OF FUNC. EVALS.:  13
 CUMULATIVE NO. OF FUNC. EVALS.:       39
 NPARAMETR:  4.8634E-01  4.3028E+00  1.0402E+00  4.2892E+00  1.5421E+00  9.7726E-01  9.8312E-01  4.9826E-01  2.0006E-01  9.9992E-03
             1.0000E-02  2.0004E-01  1.0012E-02  2.0005E-01  4.9934E-02
 PARAMETER:  9.7269E-02  1.2294E-01  1.0402E-01  1.0723E-01  7.7103E-02  9.7726E-02  9.8312E-02  9.9652E-02  1.0016E-01  9.9976E-02
             9.9986E-02  1.0009E-01  1.0012E-01  1.0014E-01  9.9343E-02
 GRADIENT:   5.6159E+02  1.4583E+04 -3.1351E+03  1.0804E+04  1.1093E+04  1.7117E+03  1.3429E+03  2.7319E+02  6.7010E+00 -3.9421E+01
            -1.8264E+01  1.1496E+02  1.3128E+01 -9.7798E+01  9.2507E+02

0ITERATION NO.:    3    OBJECTIVE VALUE:   32024.4174821025        NO. OF FUNC. EVALS.:  14
 CUMULATIVE NO. OF FUNC. EVALS.:       53
 NPARAMETR:  4.8376E-01  4.2840E+00  1.0533E+00  4.1926E+00  1.4264E+00  9.7009E-01  9.7762E-01  4.9770E-01  2.0007E-01  1.0000E-02
             1.0001E-02  2.0003E-01  1.0013E-02  2.0007E-01  4.9903E-02
 PARAMETER:  9.6752E-02  1.2240E-01  1.0533E-01  1.0482E-01  7.1321E-02  9.7009E-02  9.7762E-02  9.9539E-02  1.0018E-01  9.9982E-02
             9.9988E-02  1.0007E-01  1.0013E-01  1.0018E-01  9.9029E-02
 GRADIENT:   1.6806E+02  1.1792E+04 -2.7669E+03 -8.4716E+03  6.7889E+03  1.6946E+03  1.3239E+03  2.6254E+02  2.1472E+01 -2.4697E+01
            -2.5836E+01  1.5215E+02  1.5774E+00 -7.8571E+01  1.0616E+03
0PRED EXIT CODE = 1
0INDIVIDUAL NO.      89   ID= 8.90000000000000E+01   (WITHIN-INDIVIDUAL) DATA REC NO.   2
 THETA=
  4.01E-01   1.68E+00   1.64E+00   6.59E+00  -2.85E+00   6.30E-01   7.16E-01   4.71E-01
 ETA=
  1.26E+00  -5.29E+00  -3.29E+01
 OCCURS DURING SEARCH FOR ETA AT A NONZERO VALUE OF ETA
 A ROOT OF THE CHARACTERISTIC EQUATION IS ZERO BECAUSE                                                                               
 K*K32 IS MUCH SMALLER THAN  (K+K23+K32)**2.                                                                                         
 PERHAPS K OR K32 IS VERY SMALL, OR K23 IS VERY LARGE.                                                                               
0PROGRAM TERMINATED BY OBJ
 MESSAGE ISSUED FROM ESTIMATION STEP

 #TERM:
  
 TOTAL DATA POINTS NORMALLY DISTRIBUTED (N):         1739
 N*LOG(2PI) CONSTANT TO OBJECTIVE FUNCTION:    3196.0682184858515     
 OBJECTIVE FUNCTION VALUE WITHOUT CONSTANT:    32024.417482102512     
 OBJECTIVE FUNCTION VALUE WITH CONSTANT:       35220.485700588360     
 REPORTED OBJECTIVE FUNCTION DOES NOT CONTAIN CONSTANT
  
 TOTAL EFFECTIVE ETAS (NIND*NETA):                           264
  
 #TERE:
 Elapsed estimation  time in seconds:     5.00
1THERE ARE ERROR MESSAGES IN FILE PRDERR                                                                  
 #CPUT: Total CPU Time in Seconds,        4.679
Stop Time:
Wed Jul  8 17:31:16 EDT 2020
