Wed Apr  8 14:24:25 EDT 2015
$PROBLEM    RUN# ecomp1_pkpd EFFECT COMP POPULATION PK-PD MODEL 1
$INPUT      ID TIME CMT DV AMT TYPE
;TYPE 0 = PK, TYPE 1=PD

;CMT 1=GUT, 2=CENTRAL, 3=EFFECT

;DV =PK & PD ORDERED BY ID, TIME
$DATA       dat1.csv IGNORE=@
$SUBROUTINE ADVAN3 TRANS1
$PK
 CL=THETA(1)*EXP(ETA(1))
 V=THETA(2)
 KE0=THETA(3)

 K=CL/V
 K12=K*0.0001 ;NEGLIGIBLE MASS TRANSFER
 K21=KE0
 S1=V
 S2=V*K12/K21  ;AS SS CE = CP

$ERROR
 CE=A(2)/S2
 CP=A(1)/V
 EMAX=THETA(4)
 EC50=THETA(5)
  CONC=F
 EFF= EMAX*F/(EC50+F) + ERR(2)

Y=CONC*(1-TYPE) + EFF*TYPE
SID=IREP
TYP2=TYPE
IPRED=Y

$THETA  (0,0.1) ; CL
 (0,1) ; V
 (0,0.1) ; KE0
 (0,100) ; EMAX
 (0,1) ; EC50
$OMEGA  0  FIX
$SIGMA  0.01
 1
;$SIMULATION (6546) ONLY SUB=20
$SIMULATION ONLYSIM (123456)
;$COV
$TABLE      NOPRINT FILE=all001 ONEHEADER ID TIME TYPE CMT CL V KE0 CE
            CP CONC EFF


NM-TRAN MESSAGES

 WARNINGS AND ERRORS (IF ANY) FOR PROBLEM    1

 (WARNING  2) NM-TRAN INFERS THAT THE DATA ARE POPULATION.

 (WARNING  32) $SIGMA INCLUDES A NON-FIXED INITIAL ESTIMATE CORRESPONDING TO
 AN EPS (OR ERR) THAT IS NOT USED IN ABBREVIATED CODE.
Note: The following floating-point exceptions are signalling: IEEE_INVALID_FLAG IEEE_DIVIDE_BY_ZERO

License Registered to: University of Maryland - Baltimore
Expiration Date:    14 JUN 2015
Current Date:        8 APR 2015
Days until program expires :  66
1NONLINEAR MIXED EFFECTS MODEL PROGRAM (NONMEM) VERSION 7.3.0
 ORIGINALLY DEVELOPED BY STUART BEAL, LEWIS SHEINER, AND ALISON BOECKMANN
 CURRENT DEVELOPERS ARE ROBERT BAUER, ICON DEVELOPMENT SOLUTIONS,
 AND ALISON BOECKMANN. IMPLEMENTATION, EFFICIENCY, AND STANDARDIZATION
 PERFORMED BY NOUS INFOSYSTEMS.

 PROBLEM NO.:         1
 RUN# ecomp1_pkpd EFFECT COMP POPULATION PK-PD MODEL 1
0DATA CHECKOUT RUN:              NO
 DATA SET LOCATED ON UNIT NO.:    2
 THIS UNIT TO BE REWOUND:        NO
 NO. OF DATA RECS IN DATA SET:      100
 NO. OF DATA ITEMS IN DATA SET:   8
 ID DATA ITEM IS DATA ITEM NO.:   1
 DEP VARIABLE IS DATA ITEM NO.:   4
 MDV DATA ITEM IS DATA ITEM NO.:  8
0INDICES PASSED TO SUBROUTINE PRED:
   7   2   5   0   0   0   3   0   0   0   0
0LABELS FOR DATA ITEMS:
 ID TIME CMT DV AMT TYPE EVID MDV
0(NONBLANK) LABELS FOR PRED-DEFINED ITEMS:
 CL V KE0 CE CP CONC EFF
0FORMAT FOR DATA:
 (6E3.0,2F2.0)

 TOT. NO. OF OBS RECS:       98
 TOT. NO. OF INDIVIDUALS:      2
0LENGTH OF THETA:   5
0DEFAULT THETA BOUNDARY TEST OMITTED:    NO
0OMEGA HAS SIMPLE DIAGONAL FORM WITH DIMENSION:   1
0DEFAULT OMEGA BOUNDARY TEST OMITTED:    NO
0SIGMA HAS SIMPLE DIAGONAL FORM WITH DIMENSION:   2
0DEFAULT SIGMA BOUNDARY TEST OMITTED:    NO
0INITIAL ESTIMATE OF THETA:
 LOWER BOUND    INITIAL EST    UPPER BOUND
  0.0000E+00     0.1000E+00     0.1000E+07
  0.0000E+00     0.1000E+01     0.1000E+07
  0.0000E+00     0.1000E+00     0.1000E+07
  0.0000E+00     0.1000E+03     0.1000E+07
  0.0000E+00     0.1000E+01     0.1000E+07
0INITIAL ESTIMATE OF OMEGA:
 0.0000E+00
0OMEGA CONSTRAINED TO BE THIS INITIAL ESTIMATE
0INITIAL ESTIMATE OF SIGMA:
 0.1000E-01
 0.0000E+00   0.1000E+01
0SIMULATION STEP OMITTED:    NO
 OBJ FUNC EVALUATED:         NO
0SIMULATION RANDOM METHOD SELECTED (RANMETHOD): DEFAULT
 SOURCE   1:
   SEED1:        123456   SEED2:             0   PSEUDO-NORMAL
0TABLES STEP OMITTED:    NO
 NO. OF TABLES:           1
 SEED NUMBER (SEED):    11456
 RANMETHOD:
 MC SAMPLES (ESEED):    300
 WRES SQUARE ROOT TYPE:            EIGENVALUE
0-- TABLE   1 --
 PRINTED:                NO
 HEADER:                YES
 FILE TO BE FORWARDED:   NO
 FORMAT:                S1PE11.4
 LFORMAT:
 RFORMAT:
0USER-CHOSEN ITEMS:
 ID TIME TYPE CMT CL V KE0 CE CP CONC EFF
1DOUBLE PRECISION PREDPP VERSION 7.3.0

 TWO COMPARTMENT MODEL (ADVAN3)
0MAXIMUM NO. OF BASIC PK PARAMETERS:   4
0BASIC PK PARAMETERS (AFTER TRANSLATION):
   BASIC PK PARAMETER NO.  1: ELIMINATION RATE (K)
   BASIC PK PARAMETER NO.  2: CENTRAL-TO-PERIPH. RATE (K12)
   BASIC PK PARAMETER NO.  3: PERIPH.-TO-CENTRAL RATE (K21)
0COMPARTMENT ATTRIBUTES
 COMPT. NO.   FUNCTION   INITIAL    ON/OFF      DOSE      DEFAULT    DEFAULT
                         STATUS     ALLOWED    ALLOWED    FOR DOSE   FOR OBS.
    1         CENTRAL      ON         NO         YES        YES        YES
    2         PERIPH.      ON         NO         YES        NO         NO
    3         OUTPUT       OFF        YES        NO         NO         NO
1
 ADDITIONAL PK PARAMETERS - ASSIGNMENT OF ROWS IN GG
 COMPT. NO.                             INDICES
              SCALE      BIOAVAIL.   ZERO-ORDER  ZERO-ORDER  ABSORB
                         FRACTION    RATE        DURATION    LAG
    1            5           *           *           *           *
    2            6           *           *           *           *
    3            *           -           -           -           -
             - PARAMETER IS NOT ALLOWED FOR THIS MODEL
             * PARAMETER IS NOT SUPPLIED BY PK SUBROUTINE;
               WILL DEFAULT TO ONE IF APPLICABLE
0DATA ITEM INDICES USED BY PRED ARE:
   EVENT ID DATA ITEM IS DATA ITEM NO.:      7
   TIME DATA ITEM IS DATA ITEM NO.:          2
   DOSE AMOUNT DATA ITEM IS DATA ITEM NO.:   5
   COMPT. NO. DATA ITEM IS DATA ITEM NO.:    3

0PK SUBROUTINE CALLED WITH EVERY EVENT RECORD.
 PK SUBROUTINE NOT CALLED AT NONEVENT (ADDITIONAL OR LAGGED) DOSE TIMES.
0ERROR SUBROUTINE CALLED WITH EVERY EVENT RECORD.
0ERROR SUBROUTINE INDICATES THAT DERIVATIVES OF COMPARTMENT AMOUNTS ARE USED.
1
 SIMULATION STEP PERFORMED
 SOURCE  1:
    SEED1:    1340089443   SEED2:             0
 ESTIMATION STEP OMITTED:                 YES
 #CPUT: Total CPU Time in Seconds,        0.022
Stop Time:
Wed Apr  8 14:24:28 EDT 2015